------------------------------------------------------------
TimeQuest Timing Analyzer Summary
------------------------------------------------------------

Type  : Slow Model Setup 'CLOCK'
Slack : -2.329
TNS   : -30.773

Type  : Slow Model Setup 'teiler:taktgeber|flipflop'
Slack : -2.131
TNS   : -25.572

Type  : Slow Model Setup 'teiler:taktgeber|lpm_counter:counter6|cntr_l7g:auto_generated|counter_reg_bit1a[0]'
Slack : -2.095
TNS   : -25.140

Type  : Slow Model Setup 'status_in'
Slack : 0.307
TNS   : 0.000

Type  : Slow Model Setup 'teiler:taktgeber|lpm_counter:counter12|cntr_0nj:auto_generated|safe_q[0]'
Slack : 2.464
TNS   : 0.000

Type  : Slow Model Hold 'teiler:taktgeber|lpm_counter:counter12|cntr_0nj:auto_generated|safe_q[0]'
Slack : -2.212
TNS   : -2.212

Type  : Slow Model Hold 'teiler:taktgeber|lpm_counter:counter6|cntr_l7g:auto_generated|counter_reg_bit1a[0]'
Slack : -2.195
TNS   : -15.645

Type  : Slow Model Hold 'CLOCK'
Slack : -2.129
TNS   : -5.674

Type  : Slow Model Hold 'status_in'
Slack : 0.445
TNS   : 0.000

Type  : Slow Model Hold 'teiler:taktgeber|flipflop'
Slack : 0.624
TNS   : 0.000

Type  : Slow Model Minimum Pulse Width 'CLOCK'
Slack : -1.631
TNS   : -27.293

Type  : Slow Model Minimum Pulse Width 'status_in'
Slack : -1.631
TNS   : -2.853

Type  : Slow Model Minimum Pulse Width 'teiler:taktgeber|flipflop'
Slack : -0.611
TNS   : -14.664

Type  : Slow Model Minimum Pulse Width 'teiler:taktgeber|lpm_counter:counter6|cntr_l7g:auto_generated|counter_reg_bit1a[0]'
Slack : -0.611
TNS   : -14.664

Type  : Slow Model Minimum Pulse Width 'teiler:taktgeber|lpm_counter:counter12|cntr_0nj:auto_generated|safe_q[0]'
Slack : -0.611
TNS   : -1.222

Type  : Fast Model Setup 'CLOCK'
Slack : -0.469
TNS   : -4.196

Type  : Fast Model Setup 'teiler:taktgeber|flipflop'
Slack : -0.296
TNS   : -3.552

Type  : Fast Model Setup 'teiler:taktgeber|lpm_counter:counter6|cntr_l7g:auto_generated|counter_reg_bit1a[0]'
Slack : -0.261
TNS   : -3.132

Type  : Fast Model Setup 'status_in'
Slack : 0.665
TNS   : 0.000

Type  : Fast Model Setup 'teiler:taktgeber|lpm_counter:counter12|cntr_0nj:auto_generated|safe_q[0]'
Slack : 1.306
TNS   : 0.000

Type  : Fast Model Hold 'CLOCK'
Slack : -1.567
TNS   : -4.562

Type  : Fast Model Hold 'teiler:taktgeber|lpm_counter:counter12|cntr_0nj:auto_generated|safe_q[0]'
Slack : -0.926
TNS   : -0.926

Type  : Fast Model Hold 'teiler:taktgeber|lpm_counter:counter6|cntr_l7g:auto_generated|counter_reg_bit1a[0]'
Slack : -0.923
TNS   : -7.221

Type  : Fast Model Hold 'status_in'
Slack : 0.215
TNS   : 0.000

Type  : Fast Model Hold 'teiler:taktgeber|flipflop'
Slack : 0.243
TNS   : 0.000

Type  : Fast Model Minimum Pulse Width 'CLOCK'
Slack : -1.380
TNS   : -22.380

Type  : Fast Model Minimum Pulse Width 'status_in'
Slack : -1.380
TNS   : -2.380

Type  : Fast Model Minimum Pulse Width 'teiler:taktgeber|flipflop'
Slack : -0.500
TNS   : -12.000

Type  : Fast Model Minimum Pulse Width 'teiler:taktgeber|lpm_counter:counter6|cntr_l7g:auto_generated|counter_reg_bit1a[0]'
Slack : -0.500
TNS   : -12.000

Type  : Fast Model Minimum Pulse Width 'teiler:taktgeber|lpm_counter:counter12|cntr_0nj:auto_generated|safe_q[0]'
Slack : -0.500
TNS   : -1.000

------------------------------------------------------------
