TimeQuest Timing Analyzer report for debouncer
Mon Jan 16 18:53:35 2017
Quartus II 64-Bit Version 13.0.1 Build 232 06/12/2013 Service Pack 1 SJ Web Edition


---------------------
; Table of Contents ;
---------------------
  1. Legal Notice
  2. TimeQuest Timing Analyzer Summary
  3. Parallel Compilation
  4. Clocks
  5. Slow Model Fmax Summary
  6. Slow Model Setup Summary
  7. Slow Model Hold Summary
  8. Slow Model Recovery Summary
  9. Slow Model Removal Summary
 10. Slow Model Minimum Pulse Width Summary
 11. Slow Model Setup: 'flipflop'
 12. Slow Model Setup: 'taster_bouncing'
 13. Slow Model Hold: 'taster_bouncing'
 14. Slow Model Hold: 'flipflop'
 15. Slow Model Minimum Pulse Width: 'taster_bouncing'
 16. Slow Model Minimum Pulse Width: 'clock'
 17. Slow Model Minimum Pulse Width: 'flipflop'
 18. Setup Times
 19. Hold Times
 20. Clock to Output Times
 21. Minimum Clock to Output Times
 22. Fast Model Setup Summary
 23. Fast Model Hold Summary
 24. Fast Model Recovery Summary
 25. Fast Model Removal Summary
 26. Fast Model Minimum Pulse Width Summary
 27. Fast Model Setup: 'flipflop'
 28. Fast Model Setup: 'taster_bouncing'
 29. Fast Model Hold: 'taster_bouncing'
 30. Fast Model Hold: 'flipflop'
 31. Fast Model Minimum Pulse Width: 'taster_bouncing'
 32. Fast Model Minimum Pulse Width: 'clock'
 33. Fast Model Minimum Pulse Width: 'flipflop'
 34. Setup Times
 35. Hold Times
 36. Clock to Output Times
 37. Minimum Clock to Output Times
 38. Multicorner Timing Analysis Summary
 39. Setup Times
 40. Hold Times
 41. Clock to Output Times
 42. Minimum Clock to Output Times
 43. Setup Transfers
 44. Hold Transfers
 45. Report TCCS
 46. Report RSKM
 47. Unconstrained Paths
 48. TimeQuest Timing Analyzer Messages



----------------
; Legal Notice ;
----------------
Copyright (C) 1991-2013 Altera Corporation
Your use of Altera Corporation's design tools, logic functions 
and other software and tools, and its AMPP partner logic 
functions, and any output files from any of the foregoing 
(including device programming or simulation files), and any 
associated documentation or information are expressly subject 
to the terms and conditions of the Altera Program License 
Subscription Agreement, Altera MegaCore Function License 
Agreement, or other applicable license agreement, including, 
without limitation, that your use is for the sole purpose of 
programming logic devices manufactured by Altera and sold by 
Altera or its authorized distributors.  Please refer to the 
applicable agreement for further details.



+----------------------------------------------------------------------------------------+
; TimeQuest Timing Analyzer Summary                                                      ;
+--------------------+-------------------------------------------------------------------+
; Quartus II Version ; Version 13.0.1 Build 232 06/12/2013 Service Pack 1 SJ Web Edition ;
; Revision Name      ; debouncer                                                         ;
; Device Family      ; Cyclone II                                                        ;
; Device Name        ; EP2C20F484C7                                                      ;
; Timing Models      ; Final                                                             ;
; Delay Model        ; Combined                                                          ;
; Rise/Fall Delays   ; Unavailable                                                       ;
+--------------------+-------------------------------------------------------------------+


Parallel compilation was disabled, but you have multiple processors available. Enable parallel compilation to reduce compilation time.
+-------------------------------------+
; Parallel Compilation                ;
+----------------------------+--------+
; Processors                 ; Number ;
+----------------------------+--------+
; Number detected on machine ; 4      ;
; Maximum allowed            ; 1      ;
+----------------------------+--------+


+--------------------------------------------------------------------------------------------------------------------------------------------------------------------------------------------------+
; Clocks                                                                                                                                                                                           ;
+-----------------+------+--------+------------+-------+-------+------------+-----------+-------------+-------+--------+-----------+------------+----------+--------+--------+---------------------+
; Clock Name      ; Type ; Period ; Frequency  ; Rise  ; Fall  ; Duty Cycle ; Divide by ; Multiply by ; Phase ; Offset ; Edge List ; Edge Shift ; Inverted ; Master ; Source ; Targets             ;
+-----------------+------+--------+------------+-------+-------+------------+-----------+-------------+-------+--------+-----------+------------+----------+--------+--------+---------------------+
; clock           ; Base ; 1.000  ; 1000.0 MHz ; 0.000 ; 0.500 ;            ;           ;             ;       ;        ;           ;            ;          ;        ;        ; { clock }           ;
; flipflop        ; Base ; 1.000  ; 1000.0 MHz ; 0.000 ; 0.500 ;            ;           ;             ;       ;        ;           ;            ;          ;        ;        ; { flipflop }        ;
; taster_bouncing ; Base ; 1.000  ; 1000.0 MHz ; 0.000 ; 0.500 ;            ;           ;             ;       ;        ;           ;            ;          ;        ;        ; { taster_bouncing } ;
+-----------------+------+--------+------------+-------+-------+------------+-----------+-------------+-------+--------+-----------+------------+----------+--------+--------+---------------------+


+----------------------------------------------------------------------------------------------------------------+
; Slow Model Fmax Summary                                                                                        ;
+------------+-----------------+-----------------+---------------------------------------------------------------+
; Fmax       ; Restricted Fmax ; Clock Name      ; Note                                                          ;
+------------+-----------------+-----------------+---------------------------------------------------------------+
; 543.18 MHz ; 450.05 MHz      ; flipflop        ; limit due to high minimum pulse width violation (tch)         ;
; 553.1 MHz  ; 380.08 MHz      ; taster_bouncing ; limit due to minimum period restriction (max I/O toggle rate) ;
+------------+-----------------+-----------------+---------------------------------------------------------------+
This panel reports FMAX for every clock in the design, regardless of the user-specified clock periods.  FMAX is only computed for paths where the source and destination registers or ports are driven by the same clock.  Paths of different clocks, including generated clocks, are ignored.  For paths between a clock and its inversion, FMAX is computed as if the rising and falling edges are scaled along with FMAX, such that the duty cycle (in terms of a percentage) is maintained. Altera recommends that you always use clock constraints and other slack reports for sign-off analysis.


+------------------------------------------+
; Slow Model Setup Summary                 ;
+-----------------+--------+---------------+
; Clock           ; Slack  ; End Point TNS ;
+-----------------+--------+---------------+
; flipflop        ; -0.841 ; -2.532        ;
; taster_bouncing ; -0.808 ; -2.400        ;
+-----------------+--------+---------------+


+-----------------------------------------+
; Slow Model Hold Summary                 ;
+-----------------+-------+---------------+
; Clock           ; Slack ; End Point TNS ;
+-----------------+-------+---------------+
; taster_bouncing ; 0.663 ; 0.000         ;
; flipflop        ; 1.001 ; 0.000         ;
+-----------------+-------+---------------+


-------------------------------
; Slow Model Recovery Summary ;
-------------------------------
No paths to report.


------------------------------
; Slow Model Removal Summary ;
------------------------------
No paths to report.


+------------------------------------------+
; Slow Model Minimum Pulse Width Summary   ;
+-----------------+--------+---------------+
; Clock           ; Slack  ; End Point TNS ;
+-----------------+--------+---------------+
; taster_bouncing ; -1.631 ; -6.519        ;
; clock           ; -1.631 ; -2.853        ;
; flipflop        ; -0.611 ; -4.888        ;
+-----------------+--------+---------------+


+------------------------------------------------------------------------------------------------------------------------------------------------------------------------------------------------------+
; Slow Model Setup: 'flipflop'                                                                                                                                                                         ;
+--------+-----------------------------------------------------------+-----------------------------------------------------------+--------------+-------------+--------------+------------+------------+
; Slack  ; From Node                                                 ; To Node                                                   ; Launch Clock ; Latch Clock ; Relationship ; Clock Skew ; Data Delay ;
+--------+-----------------------------------------------------------+-----------------------------------------------------------+--------------+-------------+--------------+------------+------------+
; -0.841 ; lpm_counter:testcounter|cntr_okh:auto_generated|safe_q[0] ; lpm_counter:testcounter|cntr_okh:auto_generated|safe_q[3] ; flipflop     ; flipflop    ; 1.000        ; 0.000      ; 1.879      ;
; -0.816 ; lpm_counter:testcounter|cntr_okh:auto_generated|safe_q[1] ; lpm_counter:testcounter|cntr_okh:auto_generated|safe_q[3] ; flipflop     ; flipflop    ; 1.000        ; 0.000      ; 1.854      ;
; -0.761 ; lpm_counter:testcounter|cntr_okh:auto_generated|safe_q[0] ; lpm_counter:testcounter|cntr_okh:auto_generated|safe_q[2] ; flipflop     ; flipflop    ; 1.000        ; 0.000      ; 1.799      ;
; -0.736 ; lpm_counter:testcounter|cntr_okh:auto_generated|safe_q[1] ; lpm_counter:testcounter|cntr_okh:auto_generated|safe_q[2] ; flipflop     ; flipflop    ; 1.000        ; 0.000      ; 1.774      ;
; -0.721 ; lpm_counter:testcounter|cntr_okh:auto_generated|safe_q[2] ; lpm_counter:testcounter|cntr_okh:auto_generated|safe_q[3] ; flipflop     ; flipflop    ; 1.000        ; 0.000      ; 1.759      ;
; -0.681 ; lpm_counter:testcounter|cntr_okh:auto_generated|safe_q[0] ; lpm_counter:testcounter|cntr_okh:auto_generated|safe_q[1] ; flipflop     ; flipflop    ; 1.000        ; 0.000      ; 1.719      ;
; -0.303 ; lpm_counter:testcounter|cntr_okh:auto_generated|safe_q[1] ; lpm_counter:testcounter|cntr_okh:auto_generated|safe_q[1] ; flipflop     ; flipflop    ; 1.000        ; 0.000      ; 1.341      ;
; -0.288 ; lpm_counter:testcounter|cntr_okh:auto_generated|safe_q[2] ; lpm_counter:testcounter|cntr_okh:auto_generated|safe_q[2] ; flipflop     ; flipflop    ; 1.000        ; 0.000      ; 1.326      ;
; -0.267 ; lpm_counter:testcounter|cntr_okh:auto_generated|safe_q[3] ; lpm_counter:testcounter|cntr_okh:auto_generated|safe_q[3] ; flipflop     ; flipflop    ; 1.000        ; 0.000      ; 1.305      ;
; -0.249 ; lpm_counter:testcounter|cntr_okh:auto_generated|safe_q[0] ; lpm_counter:testcounter|cntr_okh:auto_generated|safe_q[0] ; flipflop     ; flipflop    ; 1.000        ; 0.000      ; 1.287      ;
+--------+-----------------------------------------------------------+-----------------------------------------------------------+--------------+-------------+--------------+------------+------------+


+-------------------------------------------------------------------------------------------------------------------------------------------------------------------------------------------------------------------------------+
; Slow Model Setup: 'taster_bouncing'                                                                                                                                                                                           ;
+--------+--------------------------------------------------------------------+--------------------------------------------------------------------+-----------------+-----------------+--------------+------------+------------+
; Slack  ; From Node                                                          ; To Node                                                            ; Launch Clock    ; Latch Clock     ; Relationship ; Clock Skew ; Data Delay ;
+--------+--------------------------------------------------------------------+--------------------------------------------------------------------+-----------------+-----------------+--------------+------------+------------+
; -0.808 ; lpm_counter:testcounter_bouncing|cntr_okh:auto_generated|safe_q[0] ; lpm_counter:testcounter_bouncing|cntr_okh:auto_generated|safe_q[3] ; taster_bouncing ; taster_bouncing ; 1.000        ; 0.000      ; 1.846      ;
; -0.728 ; lpm_counter:testcounter_bouncing|cntr_okh:auto_generated|safe_q[0] ; lpm_counter:testcounter_bouncing|cntr_okh:auto_generated|safe_q[2] ; taster_bouncing ; taster_bouncing ; 1.000        ; 0.000      ; 1.766      ;
; -0.728 ; lpm_counter:testcounter_bouncing|cntr_okh:auto_generated|safe_q[1] ; lpm_counter:testcounter_bouncing|cntr_okh:auto_generated|safe_q[3] ; taster_bouncing ; taster_bouncing ; 1.000        ; 0.000      ; 1.766      ;
; -0.692 ; lpm_counter:testcounter_bouncing|cntr_okh:auto_generated|safe_q[2] ; lpm_counter:testcounter_bouncing|cntr_okh:auto_generated|safe_q[3] ; taster_bouncing ; taster_bouncing ; 1.000        ; 0.000      ; 1.730      ;
; -0.648 ; lpm_counter:testcounter_bouncing|cntr_okh:auto_generated|safe_q[0] ; lpm_counter:testcounter_bouncing|cntr_okh:auto_generated|safe_q[1] ; taster_bouncing ; taster_bouncing ; 1.000        ; 0.000      ; 1.686      ;
; -0.648 ; lpm_counter:testcounter_bouncing|cntr_okh:auto_generated|safe_q[1] ; lpm_counter:testcounter_bouncing|cntr_okh:auto_generated|safe_q[2] ; taster_bouncing ; taster_bouncing ; 1.000        ; 0.000      ; 1.686      ;
; -0.260 ; lpm_counter:testcounter_bouncing|cntr_okh:auto_generated|safe_q[2] ; lpm_counter:testcounter_bouncing|cntr_okh:auto_generated|safe_q[2] ; taster_bouncing ; taster_bouncing ; 1.000        ; 0.000      ; 1.298      ;
; -0.216 ; lpm_counter:testcounter_bouncing|cntr_okh:auto_generated|safe_q[0] ; lpm_counter:testcounter_bouncing|cntr_okh:auto_generated|safe_q[0] ; taster_bouncing ; taster_bouncing ; 1.000        ; 0.000      ; 1.254      ;
; -0.216 ; lpm_counter:testcounter_bouncing|cntr_okh:auto_generated|safe_q[1] ; lpm_counter:testcounter_bouncing|cntr_okh:auto_generated|safe_q[1] ; taster_bouncing ; taster_bouncing ; 1.000        ; 0.000      ; 1.254      ;
; 0.089  ; lpm_counter:testcounter_bouncing|cntr_okh:auto_generated|safe_q[3] ; lpm_counter:testcounter_bouncing|cntr_okh:auto_generated|safe_q[3] ; taster_bouncing ; taster_bouncing ; 1.000        ; 0.000      ; 0.949      ;
+--------+--------------------------------------------------------------------+--------------------------------------------------------------------+-----------------+-----------------+--------------+------------+------------+


+------------------------------------------------------------------------------------------------------------------------------------------------------------------------------------------------------------------------------+
; Slow Model Hold: 'taster_bouncing'                                                                                                                                                                                           ;
+-------+--------------------------------------------------------------------+--------------------------------------------------------------------+-----------------+-----------------+--------------+------------+------------+
; Slack ; From Node                                                          ; To Node                                                            ; Launch Clock    ; Latch Clock     ; Relationship ; Clock Skew ; Data Delay ;
+-------+--------------------------------------------------------------------+--------------------------------------------------------------------+-----------------+-----------------+--------------+------------+------------+
; 0.663 ; lpm_counter:testcounter_bouncing|cntr_okh:auto_generated|safe_q[3] ; lpm_counter:testcounter_bouncing|cntr_okh:auto_generated|safe_q[3] ; taster_bouncing ; taster_bouncing ; 0.000        ; 0.000      ; 0.949      ;
; 0.968 ; lpm_counter:testcounter_bouncing|cntr_okh:auto_generated|safe_q[0] ; lpm_counter:testcounter_bouncing|cntr_okh:auto_generated|safe_q[0] ; taster_bouncing ; taster_bouncing ; 0.000        ; 0.000      ; 1.254      ;
; 0.968 ; lpm_counter:testcounter_bouncing|cntr_okh:auto_generated|safe_q[1] ; lpm_counter:testcounter_bouncing|cntr_okh:auto_generated|safe_q[1] ; taster_bouncing ; taster_bouncing ; 0.000        ; 0.000      ; 1.254      ;
; 1.012 ; lpm_counter:testcounter_bouncing|cntr_okh:auto_generated|safe_q[2] ; lpm_counter:testcounter_bouncing|cntr_okh:auto_generated|safe_q[2] ; taster_bouncing ; taster_bouncing ; 0.000        ; 0.000      ; 1.298      ;
; 1.400 ; lpm_counter:testcounter_bouncing|cntr_okh:auto_generated|safe_q[0] ; lpm_counter:testcounter_bouncing|cntr_okh:auto_generated|safe_q[1] ; taster_bouncing ; taster_bouncing ; 0.000        ; 0.000      ; 1.686      ;
; 1.400 ; lpm_counter:testcounter_bouncing|cntr_okh:auto_generated|safe_q[1] ; lpm_counter:testcounter_bouncing|cntr_okh:auto_generated|safe_q[2] ; taster_bouncing ; taster_bouncing ; 0.000        ; 0.000      ; 1.686      ;
; 1.444 ; lpm_counter:testcounter_bouncing|cntr_okh:auto_generated|safe_q[2] ; lpm_counter:testcounter_bouncing|cntr_okh:auto_generated|safe_q[3] ; taster_bouncing ; taster_bouncing ; 0.000        ; 0.000      ; 1.730      ;
; 1.480 ; lpm_counter:testcounter_bouncing|cntr_okh:auto_generated|safe_q[0] ; lpm_counter:testcounter_bouncing|cntr_okh:auto_generated|safe_q[2] ; taster_bouncing ; taster_bouncing ; 0.000        ; 0.000      ; 1.766      ;
; 1.480 ; lpm_counter:testcounter_bouncing|cntr_okh:auto_generated|safe_q[1] ; lpm_counter:testcounter_bouncing|cntr_okh:auto_generated|safe_q[3] ; taster_bouncing ; taster_bouncing ; 0.000        ; 0.000      ; 1.766      ;
; 1.560 ; lpm_counter:testcounter_bouncing|cntr_okh:auto_generated|safe_q[0] ; lpm_counter:testcounter_bouncing|cntr_okh:auto_generated|safe_q[3] ; taster_bouncing ; taster_bouncing ; 0.000        ; 0.000      ; 1.846      ;
+-------+--------------------------------------------------------------------+--------------------------------------------------------------------+-----------------+-----------------+--------------+------------+------------+


+-----------------------------------------------------------------------------------------------------------------------------------------------------------------------------------------------------+
; Slow Model Hold: 'flipflop'                                                                                                                                                                         ;
+-------+-----------------------------------------------------------+-----------------------------------------------------------+--------------+-------------+--------------+------------+------------+
; Slack ; From Node                                                 ; To Node                                                   ; Launch Clock ; Latch Clock ; Relationship ; Clock Skew ; Data Delay ;
+-------+-----------------------------------------------------------+-----------------------------------------------------------+--------------+-------------+--------------+------------+------------+
; 1.001 ; lpm_counter:testcounter|cntr_okh:auto_generated|safe_q[0] ; lpm_counter:testcounter|cntr_okh:auto_generated|safe_q[0] ; flipflop     ; flipflop    ; 0.000        ; 0.000      ; 1.287      ;
; 1.019 ; lpm_counter:testcounter|cntr_okh:auto_generated|safe_q[3] ; lpm_counter:testcounter|cntr_okh:auto_generated|safe_q[3] ; flipflop     ; flipflop    ; 0.000        ; 0.000      ; 1.305      ;
; 1.040 ; lpm_counter:testcounter|cntr_okh:auto_generated|safe_q[2] ; lpm_counter:testcounter|cntr_okh:auto_generated|safe_q[2] ; flipflop     ; flipflop    ; 0.000        ; 0.000      ; 1.326      ;
; 1.055 ; lpm_counter:testcounter|cntr_okh:auto_generated|safe_q[1] ; lpm_counter:testcounter|cntr_okh:auto_generated|safe_q[1] ; flipflop     ; flipflop    ; 0.000        ; 0.000      ; 1.341      ;
; 1.433 ; lpm_counter:testcounter|cntr_okh:auto_generated|safe_q[0] ; lpm_counter:testcounter|cntr_okh:auto_generated|safe_q[1] ; flipflop     ; flipflop    ; 0.000        ; 0.000      ; 1.719      ;
; 1.473 ; lpm_counter:testcounter|cntr_okh:auto_generated|safe_q[2] ; lpm_counter:testcounter|cntr_okh:auto_generated|safe_q[3] ; flipflop     ; flipflop    ; 0.000        ; 0.000      ; 1.759      ;
; 1.488 ; lpm_counter:testcounter|cntr_okh:auto_generated|safe_q[1] ; lpm_counter:testcounter|cntr_okh:auto_generated|safe_q[2] ; flipflop     ; flipflop    ; 0.000        ; 0.000      ; 1.774      ;
; 1.513 ; lpm_counter:testcounter|cntr_okh:auto_generated|safe_q[0] ; lpm_counter:testcounter|cntr_okh:auto_generated|safe_q[2] ; flipflop     ; flipflop    ; 0.000        ; 0.000      ; 1.799      ;
; 1.568 ; lpm_counter:testcounter|cntr_okh:auto_generated|safe_q[1] ; lpm_counter:testcounter|cntr_okh:auto_generated|safe_q[3] ; flipflop     ; flipflop    ; 0.000        ; 0.000      ; 1.854      ;
; 1.593 ; lpm_counter:testcounter|cntr_okh:auto_generated|safe_q[0] ; lpm_counter:testcounter|cntr_okh:auto_generated|safe_q[3] ; flipflop     ; flipflop    ; 0.000        ; 0.000      ; 1.879      ;
+-------+-----------------------------------------------------------+-----------------------------------------------------------+--------------+-------------+--------------+------------+------------+


+---------------------------------------------------------------------------------------------------------------------------------------------------------------+
; Slow Model Minimum Pulse Width: 'taster_bouncing'                                                                                                             ;
+--------+--------------+----------------+------------------+-----------------+------------+--------------------------------------------------------------------+
; Slack  ; Actual Width ; Required Width ; Type             ; Clock           ; Clock Edge ; Target                                                             ;
+--------+--------------+----------------+------------------+-----------------+------------+--------------------------------------------------------------------+
; -1.631 ; 1.000        ; 2.631          ; Port Rate        ; taster_bouncing ; Rise       ; taster_bouncing                                                    ;
; -0.611 ; 0.500        ; 1.111          ; High Pulse Width ; taster_bouncing ; Rise       ; lpm_counter:testcounter_bouncing|cntr_okh:auto_generated|safe_q[0] ;
; -0.611 ; 0.500        ; 1.111          ; Low Pulse Width  ; taster_bouncing ; Rise       ; lpm_counter:testcounter_bouncing|cntr_okh:auto_generated|safe_q[0] ;
; -0.611 ; 0.500        ; 1.111          ; High Pulse Width ; taster_bouncing ; Rise       ; lpm_counter:testcounter_bouncing|cntr_okh:auto_generated|safe_q[1] ;
; -0.611 ; 0.500        ; 1.111          ; Low Pulse Width  ; taster_bouncing ; Rise       ; lpm_counter:testcounter_bouncing|cntr_okh:auto_generated|safe_q[1] ;
; -0.611 ; 0.500        ; 1.111          ; High Pulse Width ; taster_bouncing ; Rise       ; lpm_counter:testcounter_bouncing|cntr_okh:auto_generated|safe_q[2] ;
; -0.611 ; 0.500        ; 1.111          ; Low Pulse Width  ; taster_bouncing ; Rise       ; lpm_counter:testcounter_bouncing|cntr_okh:auto_generated|safe_q[2] ;
; -0.611 ; 0.500        ; 1.111          ; High Pulse Width ; taster_bouncing ; Rise       ; lpm_counter:testcounter_bouncing|cntr_okh:auto_generated|safe_q[3] ;
; -0.611 ; 0.500        ; 1.111          ; Low Pulse Width  ; taster_bouncing ; Rise       ; lpm_counter:testcounter_bouncing|cntr_okh:auto_generated|safe_q[3] ;
; 0.500  ; 0.500        ; 0.000          ; High Pulse Width ; taster_bouncing ; Rise       ; taster_bouncing|combout                                            ;
; 0.500  ; 0.500        ; 0.000          ; Low Pulse Width  ; taster_bouncing ; Rise       ; taster_bouncing|combout                                            ;
; 0.500  ; 0.500        ; 0.000          ; High Pulse Width ; taster_bouncing ; Rise       ; taster_bouncing~clkctrl|inclk[0]                                   ;
; 0.500  ; 0.500        ; 0.000          ; Low Pulse Width  ; taster_bouncing ; Rise       ; taster_bouncing~clkctrl|inclk[0]                                   ;
; 0.500  ; 0.500        ; 0.000          ; High Pulse Width ; taster_bouncing ; Rise       ; taster_bouncing~clkctrl|outclk                                     ;
; 0.500  ; 0.500        ; 0.000          ; Low Pulse Width  ; taster_bouncing ; Rise       ; taster_bouncing~clkctrl|outclk                                     ;
; 0.500  ; 0.500        ; 0.000          ; High Pulse Width ; taster_bouncing ; Rise       ; testcounter_bouncing|auto_generated|counter_reg_bit1a[0]|clk       ;
; 0.500  ; 0.500        ; 0.000          ; Low Pulse Width  ; taster_bouncing ; Rise       ; testcounter_bouncing|auto_generated|counter_reg_bit1a[0]|clk       ;
; 0.500  ; 0.500        ; 0.000          ; High Pulse Width ; taster_bouncing ; Rise       ; testcounter_bouncing|auto_generated|counter_reg_bit1a[1]|clk       ;
; 0.500  ; 0.500        ; 0.000          ; Low Pulse Width  ; taster_bouncing ; Rise       ; testcounter_bouncing|auto_generated|counter_reg_bit1a[1]|clk       ;
; 0.500  ; 0.500        ; 0.000          ; High Pulse Width ; taster_bouncing ; Rise       ; testcounter_bouncing|auto_generated|counter_reg_bit1a[2]|clk       ;
; 0.500  ; 0.500        ; 0.000          ; Low Pulse Width  ; taster_bouncing ; Rise       ; testcounter_bouncing|auto_generated|counter_reg_bit1a[2]|clk       ;
; 0.500  ; 0.500        ; 0.000          ; High Pulse Width ; taster_bouncing ; Rise       ; testcounter_bouncing|auto_generated|counter_reg_bit1a[3]|clk       ;
; 0.500  ; 0.500        ; 0.000          ; Low Pulse Width  ; taster_bouncing ; Rise       ; testcounter_bouncing|auto_generated|counter_reg_bit1a[3]|clk       ;
+--------+--------------+----------------+------------------+-----------------+------------+--------------------------------------------------------------------+


+------------------------------------------------------------------------------------------------+
; Slow Model Minimum Pulse Width: 'clock'                                                        ;
+--------+--------------+----------------+------------------+-------+------------+---------------+
; Slack  ; Actual Width ; Required Width ; Type             ; Clock ; Clock Edge ; Target        ;
+--------+--------------+----------------+------------------+-------+------------+---------------+
; -1.631 ; 1.000        ; 2.631          ; Port Rate        ; clock ; Rise       ; clock         ;
; -0.611 ; 0.500        ; 1.111          ; High Pulse Width ; clock ; Rise       ; flipflop      ;
; -0.611 ; 0.500        ; 1.111          ; Low Pulse Width  ; clock ; Rise       ; flipflop      ;
; 0.500  ; 0.500        ; 0.000          ; High Pulse Width ; clock ; Rise       ; clock|combout ;
; 0.500  ; 0.500        ; 0.000          ; Low Pulse Width  ; clock ; Rise       ; clock|combout ;
; 0.500  ; 0.500        ; 0.000          ; High Pulse Width ; clock ; Rise       ; flipflop|clk  ;
; 0.500  ; 0.500        ; 0.000          ; Low Pulse Width  ; clock ; Rise       ; flipflop|clk  ;
+--------+--------------+----------------+------------------+-------+------------+---------------+


+-----------------------------------------------------------------------------------------------------------------------------------------------+
; Slow Model Minimum Pulse Width: 'flipflop'                                                                                                    ;
+--------+--------------+----------------+------------------+----------+------------+-----------------------------------------------------------+
; Slack  ; Actual Width ; Required Width ; Type             ; Clock    ; Clock Edge ; Target                                                    ;
+--------+--------------+----------------+------------------+----------+------------+-----------------------------------------------------------+
; -0.611 ; 0.500        ; 1.111          ; High Pulse Width ; flipflop ; Rise       ; lpm_counter:testcounter|cntr_okh:auto_generated|safe_q[0] ;
; -0.611 ; 0.500        ; 1.111          ; Low Pulse Width  ; flipflop ; Rise       ; lpm_counter:testcounter|cntr_okh:auto_generated|safe_q[0] ;
; -0.611 ; 0.500        ; 1.111          ; High Pulse Width ; flipflop ; Rise       ; lpm_counter:testcounter|cntr_okh:auto_generated|safe_q[1] ;
; -0.611 ; 0.500        ; 1.111          ; Low Pulse Width  ; flipflop ; Rise       ; lpm_counter:testcounter|cntr_okh:auto_generated|safe_q[1] ;
; -0.611 ; 0.500        ; 1.111          ; High Pulse Width ; flipflop ; Rise       ; lpm_counter:testcounter|cntr_okh:auto_generated|safe_q[2] ;
; -0.611 ; 0.500        ; 1.111          ; Low Pulse Width  ; flipflop ; Rise       ; lpm_counter:testcounter|cntr_okh:auto_generated|safe_q[2] ;
; -0.611 ; 0.500        ; 1.111          ; High Pulse Width ; flipflop ; Rise       ; lpm_counter:testcounter|cntr_okh:auto_generated|safe_q[3] ;
; -0.611 ; 0.500        ; 1.111          ; Low Pulse Width  ; flipflop ; Rise       ; lpm_counter:testcounter|cntr_okh:auto_generated|safe_q[3] ;
; 0.500  ; 0.500        ; 0.000          ; High Pulse Width ; flipflop ; Rise       ; flipflop|regout                                           ;
; 0.500  ; 0.500        ; 0.000          ; Low Pulse Width  ; flipflop ; Rise       ; flipflop|regout                                           ;
; 0.500  ; 0.500        ; 0.000          ; High Pulse Width ; flipflop ; Rise       ; flipflop~clkctrl|inclk[0]                                 ;
; 0.500  ; 0.500        ; 0.000          ; Low Pulse Width  ; flipflop ; Rise       ; flipflop~clkctrl|inclk[0]                                 ;
; 0.500  ; 0.500        ; 0.000          ; High Pulse Width ; flipflop ; Rise       ; flipflop~clkctrl|outclk                                   ;
; 0.500  ; 0.500        ; 0.000          ; Low Pulse Width  ; flipflop ; Rise       ; flipflop~clkctrl|outclk                                   ;
; 0.500  ; 0.500        ; 0.000          ; High Pulse Width ; flipflop ; Rise       ; testcounter|auto_generated|counter_reg_bit1a[0]|clk       ;
; 0.500  ; 0.500        ; 0.000          ; Low Pulse Width  ; flipflop ; Rise       ; testcounter|auto_generated|counter_reg_bit1a[0]|clk       ;
; 0.500  ; 0.500        ; 0.000          ; High Pulse Width ; flipflop ; Rise       ; testcounter|auto_generated|counter_reg_bit1a[1]|clk       ;
; 0.500  ; 0.500        ; 0.000          ; Low Pulse Width  ; flipflop ; Rise       ; testcounter|auto_generated|counter_reg_bit1a[1]|clk       ;
; 0.500  ; 0.500        ; 0.000          ; High Pulse Width ; flipflop ; Rise       ; testcounter|auto_generated|counter_reg_bit1a[2]|clk       ;
; 0.500  ; 0.500        ; 0.000          ; Low Pulse Width  ; flipflop ; Rise       ; testcounter|auto_generated|counter_reg_bit1a[2]|clk       ;
; 0.500  ; 0.500        ; 0.000          ; High Pulse Width ; flipflop ; Rise       ; testcounter|auto_generated|counter_reg_bit1a[3]|clk       ;
; 0.500  ; 0.500        ; 0.000          ; Low Pulse Width  ; flipflop ; Rise       ; testcounter|auto_generated|counter_reg_bit1a[3]|clk       ;
+--------+--------------+----------------+------------------+----------+------------+-----------------------------------------------------------+


+-------------------------------------------------------------------------+
; Setup Times                                                             ;
+-----------+------------+--------+--------+------------+-----------------+
; Data Port ; Clock Port ; Rise   ; Fall   ; Clock Edge ; Clock Reference ;
+-----------+------------+--------+--------+------------+-----------------+
; taster    ; clock      ; -0.409 ; -0.409 ; Rise       ; clock           ;
+-----------+------------+--------+--------+------------+-----------------+


+-----------------------------------------------------------------------+
; Hold Times                                                            ;
+-----------+------------+-------+-------+------------+-----------------+
; Data Port ; Clock Port ; Rise  ; Fall  ; Clock Edge ; Clock Reference ;
+-----------+------------+-------+-------+------------+-----------------+
; taster    ; clock      ; 0.657 ; 0.657 ; Rise       ; clock           ;
+-----------+------------+-------+-------+------------+-----------------+


+--------------------------------------------------------------------------------------+
; Clock to Output Times                                                                ;
+---------------------+-----------------+-------+-------+------------+-----------------+
; Data Port           ; Clock Port      ; Rise  ; Fall  ; Clock Edge ; Clock Reference ;
+---------------------+-----------------+-------+-------+------------+-----------------+
; hexout[*]           ; flipflop        ; 7.645 ; 7.645 ; Rise       ; flipflop        ;
;  hexout[0]          ; flipflop        ; 7.321 ; 7.321 ; Rise       ; flipflop        ;
;  hexout[1]          ; flipflop        ; 7.645 ; 7.645 ; Rise       ; flipflop        ;
;  hexout[2]          ; flipflop        ; 7.642 ; 7.642 ; Rise       ; flipflop        ;
;  hexout[3]          ; flipflop        ; 7.463 ; 7.463 ; Rise       ; flipflop        ;
;  hexout[4]          ; flipflop        ; 7.451 ; 7.451 ; Rise       ; flipflop        ;
;  hexout[5]          ; flipflop        ; 7.083 ; 7.083 ; Rise       ; flipflop        ;
;  hexout[6]          ; flipflop        ; 7.471 ; 7.471 ; Rise       ; flipflop        ;
; output              ; flipflop        ; 5.488 ;       ; Rise       ; flipflop        ;
; output              ; flipflop        ;       ; 5.488 ; Fall       ; flipflop        ;
; hexout_bouncing[*]  ; taster_bouncing ; 8.049 ; 8.049 ; Rise       ; taster_bouncing ;
;  hexout_bouncing[0] ; taster_bouncing ; 8.011 ; 8.011 ; Rise       ; taster_bouncing ;
;  hexout_bouncing[1] ; taster_bouncing ; 8.049 ; 8.049 ; Rise       ; taster_bouncing ;
;  hexout_bouncing[2] ; taster_bouncing ; 7.926 ; 7.926 ; Rise       ; taster_bouncing ;
;  hexout_bouncing[3] ; taster_bouncing ; 8.038 ; 8.038 ; Rise       ; taster_bouncing ;
;  hexout_bouncing[4] ; taster_bouncing ; 7.704 ; 7.704 ; Rise       ; taster_bouncing ;
;  hexout_bouncing[5] ; taster_bouncing ; 7.705 ; 7.705 ; Rise       ; taster_bouncing ;
;  hexout_bouncing[6] ; taster_bouncing ; 7.720 ; 7.720 ; Rise       ; taster_bouncing ;
+---------------------+-----------------+-------+-------+------------+-----------------+


+--------------------------------------------------------------------------------------+
; Minimum Clock to Output Times                                                        ;
+---------------------+-----------------+-------+-------+------------+-----------------+
; Data Port           ; Clock Port      ; Rise  ; Fall  ; Clock Edge ; Clock Reference ;
+---------------------+-----------------+-------+-------+------------+-----------------+
; hexout[*]           ; flipflop        ; 6.678 ; 6.678 ; Rise       ; flipflop        ;
;  hexout[0]          ; flipflop        ; 6.885 ; 6.885 ; Rise       ; flipflop        ;
;  hexout[1]          ; flipflop        ; 7.203 ; 7.203 ; Rise       ; flipflop        ;
;  hexout[2]          ; flipflop        ; 7.200 ; 7.200 ; Rise       ; flipflop        ;
;  hexout[3]          ; flipflop        ; 7.027 ; 7.027 ; Rise       ; flipflop        ;
;  hexout[4]          ; flipflop        ; 7.015 ; 7.015 ; Rise       ; flipflop        ;
;  hexout[5]          ; flipflop        ; 6.678 ; 6.678 ; Rise       ; flipflop        ;
;  hexout[6]          ; flipflop        ; 7.027 ; 7.027 ; Rise       ; flipflop        ;
; output              ; flipflop        ; 5.488 ;       ; Rise       ; flipflop        ;
; output              ; flipflop        ;       ; 5.488 ; Fall       ; flipflop        ;
; hexout_bouncing[*]  ; taster_bouncing ; 7.069 ; 7.069 ; Rise       ; taster_bouncing ;
;  hexout_bouncing[0] ; taster_bouncing ; 7.378 ; 7.378 ; Rise       ; taster_bouncing ;
;  hexout_bouncing[1] ; taster_bouncing ; 7.413 ; 7.413 ; Rise       ; taster_bouncing ;
;  hexout_bouncing[2] ; taster_bouncing ; 7.290 ; 7.290 ; Rise       ; taster_bouncing ;
;  hexout_bouncing[3] ; taster_bouncing ; 7.403 ; 7.403 ; Rise       ; taster_bouncing ;
;  hexout_bouncing[4] ; taster_bouncing ; 7.071 ; 7.071 ; Rise       ; taster_bouncing ;
;  hexout_bouncing[5] ; taster_bouncing ; 7.069 ; 7.069 ; Rise       ; taster_bouncing ;
;  hexout_bouncing[6] ; taster_bouncing ; 7.085 ; 7.085 ; Rise       ; taster_bouncing ;
+---------------------+-----------------+-------+-------+------------+-----------------+


+-----------------------------------------+
; Fast Model Setup Summary                ;
+-----------------+-------+---------------+
; Clock           ; Slack ; End Point TNS ;
+-----------------+-------+---------------+
; flipflop        ; 0.297 ; 0.000         ;
; taster_bouncing ; 0.317 ; 0.000         ;
+-----------------+-------+---------------+


+-----------------------------------------+
; Fast Model Hold Summary                 ;
+-----------------+-------+---------------+
; Clock           ; Slack ; End Point TNS ;
+-----------------+-------+---------------+
; taster_bouncing ; 0.262 ; 0.000         ;
; flipflop        ; 0.375 ; 0.000         ;
+-----------------+-------+---------------+


-------------------------------
; Fast Model Recovery Summary ;
-------------------------------
No paths to report.


------------------------------
; Fast Model Removal Summary ;
------------------------------
No paths to report.


+------------------------------------------+
; Fast Model Minimum Pulse Width Summary   ;
+-----------------+--------+---------------+
; Clock           ; Slack  ; End Point TNS ;
+-----------------+--------+---------------+
; taster_bouncing ; -1.380 ; -5.380        ;
; clock           ; -1.380 ; -2.380        ;
; flipflop        ; -0.500 ; -4.000        ;
+-----------------+--------+---------------+


+-----------------------------------------------------------------------------------------------------------------------------------------------------------------------------------------------------+
; Fast Model Setup: 'flipflop'                                                                                                                                                                        ;
+-------+-----------------------------------------------------------+-----------------------------------------------------------+--------------+-------------+--------------+------------+------------+
; Slack ; From Node                                                 ; To Node                                                   ; Launch Clock ; Latch Clock ; Relationship ; Clock Skew ; Data Delay ;
+-------+-----------------------------------------------------------+-----------------------------------------------------------+--------------+-------------+--------------+------------+------------+
; 0.297 ; lpm_counter:testcounter|cntr_okh:auto_generated|safe_q[0] ; lpm_counter:testcounter|cntr_okh:auto_generated|safe_q[3] ; flipflop     ; flipflop    ; 1.000        ; 0.000      ; 0.735      ;
; 0.310 ; lpm_counter:testcounter|cntr_okh:auto_generated|safe_q[1] ; lpm_counter:testcounter|cntr_okh:auto_generated|safe_q[3] ; flipflop     ; flipflop    ; 1.000        ; 0.000      ; 0.722      ;
; 0.332 ; lpm_counter:testcounter|cntr_okh:auto_generated|safe_q[0] ; lpm_counter:testcounter|cntr_okh:auto_generated|safe_q[2] ; flipflop     ; flipflop    ; 1.000        ; 0.000      ; 0.700      ;
; 0.345 ; lpm_counter:testcounter|cntr_okh:auto_generated|safe_q[1] ; lpm_counter:testcounter|cntr_okh:auto_generated|safe_q[2] ; flipflop     ; flipflop    ; 1.000        ; 0.000      ; 0.687      ;
; 0.354 ; lpm_counter:testcounter|cntr_okh:auto_generated|safe_q[2] ; lpm_counter:testcounter|cntr_okh:auto_generated|safe_q[3] ; flipflop     ; flipflop    ; 1.000        ; 0.000      ; 0.678      ;
; 0.367 ; lpm_counter:testcounter|cntr_okh:auto_generated|safe_q[0] ; lpm_counter:testcounter|cntr_okh:auto_generated|safe_q[1] ; flipflop     ; flipflop    ; 1.000        ; 0.000      ; 0.665      ;
; 0.485 ; lpm_counter:testcounter|cntr_okh:auto_generated|safe_q[1] ; lpm_counter:testcounter|cntr_okh:auto_generated|safe_q[1] ; flipflop     ; flipflop    ; 1.000        ; 0.000      ; 0.547      ;
; 0.491 ; lpm_counter:testcounter|cntr_okh:auto_generated|safe_q[3] ; lpm_counter:testcounter|cntr_okh:auto_generated|safe_q[3] ; flipflop     ; flipflop    ; 1.000        ; 0.000      ; 0.541      ;
; 0.494 ; lpm_counter:testcounter|cntr_okh:auto_generated|safe_q[2] ; lpm_counter:testcounter|cntr_okh:auto_generated|safe_q[2] ; flipflop     ; flipflop    ; 1.000        ; 0.000      ; 0.538      ;
; 0.505 ; lpm_counter:testcounter|cntr_okh:auto_generated|safe_q[0] ; lpm_counter:testcounter|cntr_okh:auto_generated|safe_q[0] ; flipflop     ; flipflop    ; 1.000        ; 0.000      ; 0.527      ;
+-------+-----------------------------------------------------------+-----------------------------------------------------------+--------------+-------------+--------------+------------+------------+


+------------------------------------------------------------------------------------------------------------------------------------------------------------------------------------------------------------------------------+
; Fast Model Setup: 'taster_bouncing'                                                                                                                                                                                          ;
+-------+--------------------------------------------------------------------+--------------------------------------------------------------------+-----------------+-----------------+--------------+------------+------------+
; Slack ; From Node                                                          ; To Node                                                            ; Launch Clock    ; Latch Clock     ; Relationship ; Clock Skew ; Data Delay ;
+-------+--------------------------------------------------------------------+--------------------------------------------------------------------+-----------------+-----------------+--------------+------------+------------+
; 0.317 ; lpm_counter:testcounter_bouncing|cntr_okh:auto_generated|safe_q[0] ; lpm_counter:testcounter_bouncing|cntr_okh:auto_generated|safe_q[3] ; taster_bouncing ; taster_bouncing ; 1.000        ; 0.000      ; 0.715      ;
; 0.352 ; lpm_counter:testcounter_bouncing|cntr_okh:auto_generated|safe_q[0] ; lpm_counter:testcounter_bouncing|cntr_okh:auto_generated|safe_q[2] ; taster_bouncing ; taster_bouncing ; 1.000        ; 0.000      ; 0.680      ;
; 0.352 ; lpm_counter:testcounter_bouncing|cntr_okh:auto_generated|safe_q[1] ; lpm_counter:testcounter_bouncing|cntr_okh:auto_generated|safe_q[3] ; taster_bouncing ; taster_bouncing ; 1.000        ; 0.000      ; 0.680      ;
; 0.358 ; lpm_counter:testcounter_bouncing|cntr_okh:auto_generated|safe_q[2] ; lpm_counter:testcounter_bouncing|cntr_okh:auto_generated|safe_q[3] ; taster_bouncing ; taster_bouncing ; 1.000        ; 0.000      ; 0.674      ;
; 0.387 ; lpm_counter:testcounter_bouncing|cntr_okh:auto_generated|safe_q[0] ; lpm_counter:testcounter_bouncing|cntr_okh:auto_generated|safe_q[1] ; taster_bouncing ; taster_bouncing ; 1.000        ; 0.000      ; 0.645      ;
; 0.387 ; lpm_counter:testcounter_bouncing|cntr_okh:auto_generated|safe_q[1] ; lpm_counter:testcounter_bouncing|cntr_okh:auto_generated|safe_q[2] ; taster_bouncing ; taster_bouncing ; 1.000        ; 0.000      ; 0.645      ;
; 0.496 ; lpm_counter:testcounter_bouncing|cntr_okh:auto_generated|safe_q[2] ; lpm_counter:testcounter_bouncing|cntr_okh:auto_generated|safe_q[2] ; taster_bouncing ; taster_bouncing ; 1.000        ; 0.000      ; 0.536      ;
; 0.525 ; lpm_counter:testcounter_bouncing|cntr_okh:auto_generated|safe_q[0] ; lpm_counter:testcounter_bouncing|cntr_okh:auto_generated|safe_q[0] ; taster_bouncing ; taster_bouncing ; 1.000        ; 0.000      ; 0.507      ;
; 0.525 ; lpm_counter:testcounter_bouncing|cntr_okh:auto_generated|safe_q[1] ; lpm_counter:testcounter_bouncing|cntr_okh:auto_generated|safe_q[1] ; taster_bouncing ; taster_bouncing ; 1.000        ; 0.000      ; 0.507      ;
; 0.618 ; lpm_counter:testcounter_bouncing|cntr_okh:auto_generated|safe_q[3] ; lpm_counter:testcounter_bouncing|cntr_okh:auto_generated|safe_q[3] ; taster_bouncing ; taster_bouncing ; 1.000        ; 0.000      ; 0.414      ;
+-------+--------------------------------------------------------------------+--------------------------------------------------------------------+-----------------+-----------------+--------------+------------+------------+


+------------------------------------------------------------------------------------------------------------------------------------------------------------------------------------------------------------------------------+
; Fast Model Hold: 'taster_bouncing'                                                                                                                                                                                           ;
+-------+--------------------------------------------------------------------+--------------------------------------------------------------------+-----------------+-----------------+--------------+------------+------------+
; Slack ; From Node                                                          ; To Node                                                            ; Launch Clock    ; Latch Clock     ; Relationship ; Clock Skew ; Data Delay ;
+-------+--------------------------------------------------------------------+--------------------------------------------------------------------+-----------------+-----------------+--------------+------------+------------+
; 0.262 ; lpm_counter:testcounter_bouncing|cntr_okh:auto_generated|safe_q[3] ; lpm_counter:testcounter_bouncing|cntr_okh:auto_generated|safe_q[3] ; taster_bouncing ; taster_bouncing ; 0.000        ; 0.000      ; 0.414      ;
; 0.355 ; lpm_counter:testcounter_bouncing|cntr_okh:auto_generated|safe_q[0] ; lpm_counter:testcounter_bouncing|cntr_okh:auto_generated|safe_q[0] ; taster_bouncing ; taster_bouncing ; 0.000        ; 0.000      ; 0.507      ;
; 0.355 ; lpm_counter:testcounter_bouncing|cntr_okh:auto_generated|safe_q[1] ; lpm_counter:testcounter_bouncing|cntr_okh:auto_generated|safe_q[1] ; taster_bouncing ; taster_bouncing ; 0.000        ; 0.000      ; 0.507      ;
; 0.384 ; lpm_counter:testcounter_bouncing|cntr_okh:auto_generated|safe_q[2] ; lpm_counter:testcounter_bouncing|cntr_okh:auto_generated|safe_q[2] ; taster_bouncing ; taster_bouncing ; 0.000        ; 0.000      ; 0.536      ;
; 0.493 ; lpm_counter:testcounter_bouncing|cntr_okh:auto_generated|safe_q[0] ; lpm_counter:testcounter_bouncing|cntr_okh:auto_generated|safe_q[1] ; taster_bouncing ; taster_bouncing ; 0.000        ; 0.000      ; 0.645      ;
; 0.493 ; lpm_counter:testcounter_bouncing|cntr_okh:auto_generated|safe_q[1] ; lpm_counter:testcounter_bouncing|cntr_okh:auto_generated|safe_q[2] ; taster_bouncing ; taster_bouncing ; 0.000        ; 0.000      ; 0.645      ;
; 0.522 ; lpm_counter:testcounter_bouncing|cntr_okh:auto_generated|safe_q[2] ; lpm_counter:testcounter_bouncing|cntr_okh:auto_generated|safe_q[3] ; taster_bouncing ; taster_bouncing ; 0.000        ; 0.000      ; 0.674      ;
; 0.528 ; lpm_counter:testcounter_bouncing|cntr_okh:auto_generated|safe_q[0] ; lpm_counter:testcounter_bouncing|cntr_okh:auto_generated|safe_q[2] ; taster_bouncing ; taster_bouncing ; 0.000        ; 0.000      ; 0.680      ;
; 0.528 ; lpm_counter:testcounter_bouncing|cntr_okh:auto_generated|safe_q[1] ; lpm_counter:testcounter_bouncing|cntr_okh:auto_generated|safe_q[3] ; taster_bouncing ; taster_bouncing ; 0.000        ; 0.000      ; 0.680      ;
; 0.563 ; lpm_counter:testcounter_bouncing|cntr_okh:auto_generated|safe_q[0] ; lpm_counter:testcounter_bouncing|cntr_okh:auto_generated|safe_q[3] ; taster_bouncing ; taster_bouncing ; 0.000        ; 0.000      ; 0.715      ;
+-------+--------------------------------------------------------------------+--------------------------------------------------------------------+-----------------+-----------------+--------------+------------+------------+


+-----------------------------------------------------------------------------------------------------------------------------------------------------------------------------------------------------+
; Fast Model Hold: 'flipflop'                                                                                                                                                                         ;
+-------+-----------------------------------------------------------+-----------------------------------------------------------+--------------+-------------+--------------+------------+------------+
; Slack ; From Node                                                 ; To Node                                                   ; Launch Clock ; Latch Clock ; Relationship ; Clock Skew ; Data Delay ;
+-------+-----------------------------------------------------------+-----------------------------------------------------------+--------------+-------------+--------------+------------+------------+
; 0.375 ; lpm_counter:testcounter|cntr_okh:auto_generated|safe_q[0] ; lpm_counter:testcounter|cntr_okh:auto_generated|safe_q[0] ; flipflop     ; flipflop    ; 0.000        ; 0.000      ; 0.527      ;
; 0.386 ; lpm_counter:testcounter|cntr_okh:auto_generated|safe_q[2] ; lpm_counter:testcounter|cntr_okh:auto_generated|safe_q[2] ; flipflop     ; flipflop    ; 0.000        ; 0.000      ; 0.538      ;
; 0.389 ; lpm_counter:testcounter|cntr_okh:auto_generated|safe_q[3] ; lpm_counter:testcounter|cntr_okh:auto_generated|safe_q[3] ; flipflop     ; flipflop    ; 0.000        ; 0.000      ; 0.541      ;
; 0.395 ; lpm_counter:testcounter|cntr_okh:auto_generated|safe_q[1] ; lpm_counter:testcounter|cntr_okh:auto_generated|safe_q[1] ; flipflop     ; flipflop    ; 0.000        ; 0.000      ; 0.547      ;
; 0.513 ; lpm_counter:testcounter|cntr_okh:auto_generated|safe_q[0] ; lpm_counter:testcounter|cntr_okh:auto_generated|safe_q[1] ; flipflop     ; flipflop    ; 0.000        ; 0.000      ; 0.665      ;
; 0.526 ; lpm_counter:testcounter|cntr_okh:auto_generated|safe_q[2] ; lpm_counter:testcounter|cntr_okh:auto_generated|safe_q[3] ; flipflop     ; flipflop    ; 0.000        ; 0.000      ; 0.678      ;
; 0.535 ; lpm_counter:testcounter|cntr_okh:auto_generated|safe_q[1] ; lpm_counter:testcounter|cntr_okh:auto_generated|safe_q[2] ; flipflop     ; flipflop    ; 0.000        ; 0.000      ; 0.687      ;
; 0.548 ; lpm_counter:testcounter|cntr_okh:auto_generated|safe_q[0] ; lpm_counter:testcounter|cntr_okh:auto_generated|safe_q[2] ; flipflop     ; flipflop    ; 0.000        ; 0.000      ; 0.700      ;
; 0.570 ; lpm_counter:testcounter|cntr_okh:auto_generated|safe_q[1] ; lpm_counter:testcounter|cntr_okh:auto_generated|safe_q[3] ; flipflop     ; flipflop    ; 0.000        ; 0.000      ; 0.722      ;
; 0.583 ; lpm_counter:testcounter|cntr_okh:auto_generated|safe_q[0] ; lpm_counter:testcounter|cntr_okh:auto_generated|safe_q[3] ; flipflop     ; flipflop    ; 0.000        ; 0.000      ; 0.735      ;
+-------+-----------------------------------------------------------+-----------------------------------------------------------+--------------+-------------+--------------+------------+------------+


+---------------------------------------------------------------------------------------------------------------------------------------------------------------+
; Fast Model Minimum Pulse Width: 'taster_bouncing'                                                                                                             ;
+--------+--------------+----------------+------------------+-----------------+------------+--------------------------------------------------------------------+
; Slack  ; Actual Width ; Required Width ; Type             ; Clock           ; Clock Edge ; Target                                                             ;
+--------+--------------+----------------+------------------+-----------------+------------+--------------------------------------------------------------------+
; -1.380 ; 1.000        ; 2.380          ; Port Rate        ; taster_bouncing ; Rise       ; taster_bouncing                                                    ;
; -0.500 ; 0.500        ; 1.000          ; High Pulse Width ; taster_bouncing ; Rise       ; lpm_counter:testcounter_bouncing|cntr_okh:auto_generated|safe_q[0] ;
; -0.500 ; 0.500        ; 1.000          ; Low Pulse Width  ; taster_bouncing ; Rise       ; lpm_counter:testcounter_bouncing|cntr_okh:auto_generated|safe_q[0] ;
; -0.500 ; 0.500        ; 1.000          ; High Pulse Width ; taster_bouncing ; Rise       ; lpm_counter:testcounter_bouncing|cntr_okh:auto_generated|safe_q[1] ;
; -0.500 ; 0.500        ; 1.000          ; Low Pulse Width  ; taster_bouncing ; Rise       ; lpm_counter:testcounter_bouncing|cntr_okh:auto_generated|safe_q[1] ;
; -0.500 ; 0.500        ; 1.000          ; High Pulse Width ; taster_bouncing ; Rise       ; lpm_counter:testcounter_bouncing|cntr_okh:auto_generated|safe_q[2] ;
; -0.500 ; 0.500        ; 1.000          ; Low Pulse Width  ; taster_bouncing ; Rise       ; lpm_counter:testcounter_bouncing|cntr_okh:auto_generated|safe_q[2] ;
; -0.500 ; 0.500        ; 1.000          ; High Pulse Width ; taster_bouncing ; Rise       ; lpm_counter:testcounter_bouncing|cntr_okh:auto_generated|safe_q[3] ;
; -0.500 ; 0.500        ; 1.000          ; Low Pulse Width  ; taster_bouncing ; Rise       ; lpm_counter:testcounter_bouncing|cntr_okh:auto_generated|safe_q[3] ;
; 0.500  ; 0.500        ; 0.000          ; High Pulse Width ; taster_bouncing ; Rise       ; taster_bouncing|combout                                            ;
; 0.500  ; 0.500        ; 0.000          ; Low Pulse Width  ; taster_bouncing ; Rise       ; taster_bouncing|combout                                            ;
; 0.500  ; 0.500        ; 0.000          ; High Pulse Width ; taster_bouncing ; Rise       ; taster_bouncing~clkctrl|inclk[0]                                   ;
; 0.500  ; 0.500        ; 0.000          ; Low Pulse Width  ; taster_bouncing ; Rise       ; taster_bouncing~clkctrl|inclk[0]                                   ;
; 0.500  ; 0.500        ; 0.000          ; High Pulse Width ; taster_bouncing ; Rise       ; taster_bouncing~clkctrl|outclk                                     ;
; 0.500  ; 0.500        ; 0.000          ; Low Pulse Width  ; taster_bouncing ; Rise       ; taster_bouncing~clkctrl|outclk                                     ;
; 0.500  ; 0.500        ; 0.000          ; High Pulse Width ; taster_bouncing ; Rise       ; testcounter_bouncing|auto_generated|counter_reg_bit1a[0]|clk       ;
; 0.500  ; 0.500        ; 0.000          ; Low Pulse Width  ; taster_bouncing ; Rise       ; testcounter_bouncing|auto_generated|counter_reg_bit1a[0]|clk       ;
; 0.500  ; 0.500        ; 0.000          ; High Pulse Width ; taster_bouncing ; Rise       ; testcounter_bouncing|auto_generated|counter_reg_bit1a[1]|clk       ;
; 0.500  ; 0.500        ; 0.000          ; Low Pulse Width  ; taster_bouncing ; Rise       ; testcounter_bouncing|auto_generated|counter_reg_bit1a[1]|clk       ;
; 0.500  ; 0.500        ; 0.000          ; High Pulse Width ; taster_bouncing ; Rise       ; testcounter_bouncing|auto_generated|counter_reg_bit1a[2]|clk       ;
; 0.500  ; 0.500        ; 0.000          ; Low Pulse Width  ; taster_bouncing ; Rise       ; testcounter_bouncing|auto_generated|counter_reg_bit1a[2]|clk       ;
; 0.500  ; 0.500        ; 0.000          ; High Pulse Width ; taster_bouncing ; Rise       ; testcounter_bouncing|auto_generated|counter_reg_bit1a[3]|clk       ;
; 0.500  ; 0.500        ; 0.000          ; Low Pulse Width  ; taster_bouncing ; Rise       ; testcounter_bouncing|auto_generated|counter_reg_bit1a[3]|clk       ;
+--------+--------------+----------------+------------------+-----------------+------------+--------------------------------------------------------------------+


+------------------------------------------------------------------------------------------------+
; Fast Model Minimum Pulse Width: 'clock'                                                        ;
+--------+--------------+----------------+------------------+-------+------------+---------------+
; Slack  ; Actual Width ; Required Width ; Type             ; Clock ; Clock Edge ; Target        ;
+--------+--------------+----------------+------------------+-------+------------+---------------+
; -1.380 ; 1.000        ; 2.380          ; Port Rate        ; clock ; Rise       ; clock         ;
; -0.500 ; 0.500        ; 1.000          ; High Pulse Width ; clock ; Rise       ; flipflop      ;
; -0.500 ; 0.500        ; 1.000          ; Low Pulse Width  ; clock ; Rise       ; flipflop      ;
; 0.500  ; 0.500        ; 0.000          ; High Pulse Width ; clock ; Rise       ; clock|combout ;
; 0.500  ; 0.500        ; 0.000          ; Low Pulse Width  ; clock ; Rise       ; clock|combout ;
; 0.500  ; 0.500        ; 0.000          ; High Pulse Width ; clock ; Rise       ; flipflop|clk  ;
; 0.500  ; 0.500        ; 0.000          ; Low Pulse Width  ; clock ; Rise       ; flipflop|clk  ;
+--------+--------------+----------------+------------------+-------+------------+---------------+


+-----------------------------------------------------------------------------------------------------------------------------------------------+
; Fast Model Minimum Pulse Width: 'flipflop'                                                                                                    ;
+--------+--------------+----------------+------------------+----------+------------+-----------------------------------------------------------+
; Slack  ; Actual Width ; Required Width ; Type             ; Clock    ; Clock Edge ; Target                                                    ;
+--------+--------------+----------------+------------------+----------+------------+-----------------------------------------------------------+
; -0.500 ; 0.500        ; 1.000          ; High Pulse Width ; flipflop ; Rise       ; lpm_counter:testcounter|cntr_okh:auto_generated|safe_q[0] ;
; -0.500 ; 0.500        ; 1.000          ; Low Pulse Width  ; flipflop ; Rise       ; lpm_counter:testcounter|cntr_okh:auto_generated|safe_q[0] ;
; -0.500 ; 0.500        ; 1.000          ; High Pulse Width ; flipflop ; Rise       ; lpm_counter:testcounter|cntr_okh:auto_generated|safe_q[1] ;
; -0.500 ; 0.500        ; 1.000          ; Low Pulse Width  ; flipflop ; Rise       ; lpm_counter:testcounter|cntr_okh:auto_generated|safe_q[1] ;
; -0.500 ; 0.500        ; 1.000          ; High Pulse Width ; flipflop ; Rise       ; lpm_counter:testcounter|cntr_okh:auto_generated|safe_q[2] ;
; -0.500 ; 0.500        ; 1.000          ; Low Pulse Width  ; flipflop ; Rise       ; lpm_counter:testcounter|cntr_okh:auto_generated|safe_q[2] ;
; -0.500 ; 0.500        ; 1.000          ; High Pulse Width ; flipflop ; Rise       ; lpm_counter:testcounter|cntr_okh:auto_generated|safe_q[3] ;
; -0.500 ; 0.500        ; 1.000          ; Low Pulse Width  ; flipflop ; Rise       ; lpm_counter:testcounter|cntr_okh:auto_generated|safe_q[3] ;
; 0.500  ; 0.500        ; 0.000          ; High Pulse Width ; flipflop ; Rise       ; flipflop|regout                                           ;
; 0.500  ; 0.500        ; 0.000          ; Low Pulse Width  ; flipflop ; Rise       ; flipflop|regout                                           ;
; 0.500  ; 0.500        ; 0.000          ; High Pulse Width ; flipflop ; Rise       ; flipflop~clkctrl|inclk[0]                                 ;
; 0.500  ; 0.500        ; 0.000          ; Low Pulse Width  ; flipflop ; Rise       ; flipflop~clkctrl|inclk[0]                                 ;
; 0.500  ; 0.500        ; 0.000          ; High Pulse Width ; flipflop ; Rise       ; flipflop~clkctrl|outclk                                   ;
; 0.500  ; 0.500        ; 0.000          ; Low Pulse Width  ; flipflop ; Rise       ; flipflop~clkctrl|outclk                                   ;
; 0.500  ; 0.500        ; 0.000          ; High Pulse Width ; flipflop ; Rise       ; testcounter|auto_generated|counter_reg_bit1a[0]|clk       ;
; 0.500  ; 0.500        ; 0.000          ; Low Pulse Width  ; flipflop ; Rise       ; testcounter|auto_generated|counter_reg_bit1a[0]|clk       ;
; 0.500  ; 0.500        ; 0.000          ; High Pulse Width ; flipflop ; Rise       ; testcounter|auto_generated|counter_reg_bit1a[1]|clk       ;
; 0.500  ; 0.500        ; 0.000          ; Low Pulse Width  ; flipflop ; Rise       ; testcounter|auto_generated|counter_reg_bit1a[1]|clk       ;
; 0.500  ; 0.500        ; 0.000          ; High Pulse Width ; flipflop ; Rise       ; testcounter|auto_generated|counter_reg_bit1a[2]|clk       ;
; 0.500  ; 0.500        ; 0.000          ; Low Pulse Width  ; flipflop ; Rise       ; testcounter|auto_generated|counter_reg_bit1a[2]|clk       ;
; 0.500  ; 0.500        ; 0.000          ; High Pulse Width ; flipflop ; Rise       ; testcounter|auto_generated|counter_reg_bit1a[3]|clk       ;
; 0.500  ; 0.500        ; 0.000          ; Low Pulse Width  ; flipflop ; Rise       ; testcounter|auto_generated|counter_reg_bit1a[3]|clk       ;
+--------+--------------+----------------+------------------+----------+------------+-----------------------------------------------------------+


+-------------------------------------------------------------------------+
; Setup Times                                                             ;
+-----------+------------+--------+--------+------------+-----------------+
; Data Port ; Clock Port ; Rise   ; Fall   ; Clock Edge ; Clock Reference ;
+-----------+------------+--------+--------+------------+-----------------+
; taster    ; clock      ; -0.265 ; -0.265 ; Rise       ; clock           ;
+-----------+------------+--------+--------+------------+-----------------+


+-----------------------------------------------------------------------+
; Hold Times                                                            ;
+-----------+------------+-------+-------+------------+-----------------+
; Data Port ; Clock Port ; Rise  ; Fall  ; Clock Edge ; Clock Reference ;
+-----------+------------+-------+-------+------------+-----------------+
; taster    ; clock      ; 0.385 ; 0.385 ; Rise       ; clock           ;
+-----------+------------+-------+-------+------------+-----------------+


+--------------------------------------------------------------------------------------+
; Clock to Output Times                                                                ;
+---------------------+-----------------+-------+-------+------------+-----------------+
; Data Port           ; Clock Port      ; Rise  ; Fall  ; Clock Edge ; Clock Reference ;
+---------------------+-----------------+-------+-------+------------+-----------------+
; hexout[*]           ; flipflop        ; 3.957 ; 3.957 ; Rise       ; flipflop        ;
;  hexout[0]          ; flipflop        ; 3.747 ; 3.747 ; Rise       ; flipflop        ;
;  hexout[1]          ; flipflop        ; 3.957 ; 3.957 ; Rise       ; flipflop        ;
;  hexout[2]          ; flipflop        ; 3.952 ; 3.952 ; Rise       ; flipflop        ;
;  hexout[3]          ; flipflop        ; 3.820 ; 3.820 ; Rise       ; flipflop        ;
;  hexout[4]          ; flipflop        ; 3.811 ; 3.811 ; Rise       ; flipflop        ;
;  hexout[5]          ; flipflop        ; 3.686 ; 3.686 ; Rise       ; flipflop        ;
;  hexout[6]          ; flipflop        ; 3.826 ; 3.826 ; Rise       ; flipflop        ;
; output              ; flipflop        ; 2.553 ;       ; Rise       ; flipflop        ;
; output              ; flipflop        ;       ; 2.553 ; Fall       ; flipflop        ;
; hexout_bouncing[*]  ; taster_bouncing ; 4.136 ; 4.136 ; Rise       ; taster_bouncing ;
;  hexout_bouncing[0] ; taster_bouncing ; 4.110 ; 4.110 ; Rise       ; taster_bouncing ;
;  hexout_bouncing[1] ; taster_bouncing ; 4.136 ; 4.136 ; Rise       ; taster_bouncing ;
;  hexout_bouncing[2] ; taster_bouncing ; 4.078 ; 4.078 ; Rise       ; taster_bouncing ;
;  hexout_bouncing[3] ; taster_bouncing ; 4.126 ; 4.126 ; Rise       ; taster_bouncing ;
;  hexout_bouncing[4] ; taster_bouncing ; 4.014 ; 4.014 ; Rise       ; taster_bouncing ;
;  hexout_bouncing[5] ; taster_bouncing ; 4.014 ; 4.014 ; Rise       ; taster_bouncing ;
;  hexout_bouncing[6] ; taster_bouncing ; 4.016 ; 4.016 ; Rise       ; taster_bouncing ;
+---------------------+-----------------+-------+-------+------------+-----------------+


+--------------------------------------------------------------------------------------+
; Minimum Clock to Output Times                                                        ;
+---------------------+-----------------+-------+-------+------------+-----------------+
; Data Port           ; Clock Port      ; Rise  ; Fall  ; Clock Edge ; Clock Reference ;
+---------------------+-----------------+-------+-------+------------+-----------------+
; hexout[*]           ; flipflop        ; 3.535 ; 3.535 ; Rise       ; flipflop        ;
;  hexout[0]          ; flipflop        ; 3.596 ; 3.596 ; Rise       ; flipflop        ;
;  hexout[1]          ; flipflop        ; 3.802 ; 3.802 ; Rise       ; flipflop        ;
;  hexout[2]          ; flipflop        ; 3.800 ; 3.800 ; Rise       ; flipflop        ;
;  hexout[3]          ; flipflop        ; 3.670 ; 3.670 ; Rise       ; flipflop        ;
;  hexout[4]          ; flipflop        ; 3.660 ; 3.660 ; Rise       ; flipflop        ;
;  hexout[5]          ; flipflop        ; 3.535 ; 3.535 ; Rise       ; flipflop        ;
;  hexout[6]          ; flipflop        ; 3.675 ; 3.675 ; Rise       ; flipflop        ;
; output              ; flipflop        ; 2.553 ;       ; Rise       ; flipflop        ;
; output              ; flipflop        ;       ; 2.553 ; Fall       ; flipflop        ;
; hexout_bouncing[*]  ; taster_bouncing ; 3.787 ; 3.787 ; Rise       ; taster_bouncing ;
;  hexout_bouncing[0] ; taster_bouncing ; 3.885 ; 3.885 ; Rise       ; taster_bouncing ;
;  hexout_bouncing[1] ; taster_bouncing ; 3.918 ; 3.918 ; Rise       ; taster_bouncing ;
;  hexout_bouncing[2] ; taster_bouncing ; 3.860 ; 3.860 ; Rise       ; taster_bouncing ;
;  hexout_bouncing[3] ; taster_bouncing ; 3.908 ; 3.908 ; Rise       ; taster_bouncing ;
;  hexout_bouncing[4] ; taster_bouncing ; 3.790 ; 3.790 ; Rise       ; taster_bouncing ;
;  hexout_bouncing[5] ; taster_bouncing ; 3.787 ; 3.787 ; Rise       ; taster_bouncing ;
;  hexout_bouncing[6] ; taster_bouncing ; 3.798 ; 3.798 ; Rise       ; taster_bouncing ;
+---------------------+-----------------+-------+-------+------------+-----------------+


+------------------------------------------------------------------------------+
; Multicorner Timing Analysis Summary                                          ;
+------------------+--------+-------+----------+---------+---------------------+
; Clock            ; Setup  ; Hold  ; Recovery ; Removal ; Minimum Pulse Width ;
+------------------+--------+-------+----------+---------+---------------------+
; Worst-case Slack ; -0.841 ; 0.262 ; N/A      ; N/A     ; -1.631              ;
;  clock           ; N/A    ; N/A   ; N/A      ; N/A     ; -1.631              ;
;  flipflop        ; -0.841 ; 0.375 ; N/A      ; N/A     ; -0.611              ;
;  taster_bouncing ; -0.808 ; 0.262 ; N/A      ; N/A     ; -1.631              ;
; Design-wide TNS  ; -4.932 ; 0.0   ; 0.0      ; 0.0     ; -14.26              ;
;  clock           ; N/A    ; N/A   ; N/A      ; N/A     ; -2.853              ;
;  flipflop        ; -2.532 ; 0.000 ; N/A      ; N/A     ; -4.888              ;
;  taster_bouncing ; -2.400 ; 0.000 ; N/A      ; N/A     ; -6.519              ;
+------------------+--------+-------+----------+---------+---------------------+


+-------------------------------------------------------------------------+
; Setup Times                                                             ;
+-----------+------------+--------+--------+------------+-----------------+
; Data Port ; Clock Port ; Rise   ; Fall   ; Clock Edge ; Clock Reference ;
+-----------+------------+--------+--------+------------+-----------------+
; taster    ; clock      ; -0.265 ; -0.265 ; Rise       ; clock           ;
+-----------+------------+--------+--------+------------+-----------------+


+-----------------------------------------------------------------------+
; Hold Times                                                            ;
+-----------+------------+-------+-------+------------+-----------------+
; Data Port ; Clock Port ; Rise  ; Fall  ; Clock Edge ; Clock Reference ;
+-----------+------------+-------+-------+------------+-----------------+
; taster    ; clock      ; 0.657 ; 0.657 ; Rise       ; clock           ;
+-----------+------------+-------+-------+------------+-----------------+


+--------------------------------------------------------------------------------------+
; Clock to Output Times                                                                ;
+---------------------+-----------------+-------+-------+------------+-----------------+
; Data Port           ; Clock Port      ; Rise  ; Fall  ; Clock Edge ; Clock Reference ;
+---------------------+-----------------+-------+-------+------------+-----------------+
; hexout[*]           ; flipflop        ; 7.645 ; 7.645 ; Rise       ; flipflop        ;
;  hexout[0]          ; flipflop        ; 7.321 ; 7.321 ; Rise       ; flipflop        ;
;  hexout[1]          ; flipflop        ; 7.645 ; 7.645 ; Rise       ; flipflop        ;
;  hexout[2]          ; flipflop        ; 7.642 ; 7.642 ; Rise       ; flipflop        ;
;  hexout[3]          ; flipflop        ; 7.463 ; 7.463 ; Rise       ; flipflop        ;
;  hexout[4]          ; flipflop        ; 7.451 ; 7.451 ; Rise       ; flipflop        ;
;  hexout[5]          ; flipflop        ; 7.083 ; 7.083 ; Rise       ; flipflop        ;
;  hexout[6]          ; flipflop        ; 7.471 ; 7.471 ; Rise       ; flipflop        ;
; output              ; flipflop        ; 5.488 ;       ; Rise       ; flipflop        ;
; output              ; flipflop        ;       ; 5.488 ; Fall       ; flipflop        ;
; hexout_bouncing[*]  ; taster_bouncing ; 8.049 ; 8.049 ; Rise       ; taster_bouncing ;
;  hexout_bouncing[0] ; taster_bouncing ; 8.011 ; 8.011 ; Rise       ; taster_bouncing ;
;  hexout_bouncing[1] ; taster_bouncing ; 8.049 ; 8.049 ; Rise       ; taster_bouncing ;
;  hexout_bouncing[2] ; taster_bouncing ; 7.926 ; 7.926 ; Rise       ; taster_bouncing ;
;  hexout_bouncing[3] ; taster_bouncing ; 8.038 ; 8.038 ; Rise       ; taster_bouncing ;
;  hexout_bouncing[4] ; taster_bouncing ; 7.704 ; 7.704 ; Rise       ; taster_bouncing ;
;  hexout_bouncing[5] ; taster_bouncing ; 7.705 ; 7.705 ; Rise       ; taster_bouncing ;
;  hexout_bouncing[6] ; taster_bouncing ; 7.720 ; 7.720 ; Rise       ; taster_bouncing ;
+---------------------+-----------------+-------+-------+------------+-----------------+


+--------------------------------------------------------------------------------------+
; Minimum Clock to Output Times                                                        ;
+---------------------+-----------------+-------+-------+------------+-----------------+
; Data Port           ; Clock Port      ; Rise  ; Fall  ; Clock Edge ; Clock Reference ;
+---------------------+-----------------+-------+-------+------------+-----------------+
; hexout[*]           ; flipflop        ; 3.535 ; 3.535 ; Rise       ; flipflop        ;
;  hexout[0]          ; flipflop        ; 3.596 ; 3.596 ; Rise       ; flipflop        ;
;  hexout[1]          ; flipflop        ; 3.802 ; 3.802 ; Rise       ; flipflop        ;
;  hexout[2]          ; flipflop        ; 3.800 ; 3.800 ; Rise       ; flipflop        ;
;  hexout[3]          ; flipflop        ; 3.670 ; 3.670 ; Rise       ; flipflop        ;
;  hexout[4]          ; flipflop        ; 3.660 ; 3.660 ; Rise       ; flipflop        ;
;  hexout[5]          ; flipflop        ; 3.535 ; 3.535 ; Rise       ; flipflop        ;
;  hexout[6]          ; flipflop        ; 3.675 ; 3.675 ; Rise       ; flipflop        ;
; output              ; flipflop        ; 2.553 ;       ; Rise       ; flipflop        ;
; output              ; flipflop        ;       ; 2.553 ; Fall       ; flipflop        ;
; hexout_bouncing[*]  ; taster_bouncing ; 3.787 ; 3.787 ; Rise       ; taster_bouncing ;
;  hexout_bouncing[0] ; taster_bouncing ; 3.885 ; 3.885 ; Rise       ; taster_bouncing ;
;  hexout_bouncing[1] ; taster_bouncing ; 3.918 ; 3.918 ; Rise       ; taster_bouncing ;
;  hexout_bouncing[2] ; taster_bouncing ; 3.860 ; 3.860 ; Rise       ; taster_bouncing ;
;  hexout_bouncing[3] ; taster_bouncing ; 3.908 ; 3.908 ; Rise       ; taster_bouncing ;
;  hexout_bouncing[4] ; taster_bouncing ; 3.790 ; 3.790 ; Rise       ; taster_bouncing ;
;  hexout_bouncing[5] ; taster_bouncing ; 3.787 ; 3.787 ; Rise       ; taster_bouncing ;
;  hexout_bouncing[6] ; taster_bouncing ; 3.798 ; 3.798 ; Rise       ; taster_bouncing ;
+---------------------+-----------------+-------+-------+------------+-----------------+


+-------------------------------------------------------------------------------+
; Setup Transfers                                                               ;
+-----------------+-----------------+----------+----------+----------+----------+
; From Clock      ; To Clock        ; RR Paths ; FR Paths ; RF Paths ; FF Paths ;
+-----------------+-----------------+----------+----------+----------+----------+
; flipflop        ; flipflop        ; 10       ; 0        ; 0        ; 0        ;
; taster_bouncing ; taster_bouncing ; 10       ; 0        ; 0        ; 0        ;
+-----------------+-----------------+----------+----------+----------+----------+
Entries labeled "false path" only account for clock-to-clock false paths and not path-based false paths. As a result, actual path counts may be lower than reported.


+-------------------------------------------------------------------------------+
; Hold Transfers                                                                ;
+-----------------+-----------------+----------+----------+----------+----------+
; From Clock      ; To Clock        ; RR Paths ; FR Paths ; RF Paths ; FF Paths ;
+-----------------+-----------------+----------+----------+----------+----------+
; flipflop        ; flipflop        ; 10       ; 0        ; 0        ; 0        ;
; taster_bouncing ; taster_bouncing ; 10       ; 0        ; 0        ; 0        ;
+-----------------+-----------------+----------+----------+----------+----------+
Entries labeled "false path" only account for clock-to-clock false paths and not path-based false paths. As a result, actual path counts may be lower than reported.


---------------
; Report TCCS ;
---------------
No dedicated SERDES Transmitter circuitry present in device or used in design


---------------
; Report RSKM ;
---------------
No dedicated SERDES Receiver circuitry present in device or used in design


+------------------------------------------------+
; Unconstrained Paths                            ;
+---------------------------------+-------+------+
; Property                        ; Setup ; Hold ;
+---------------------------------+-------+------+
; Illegal Clocks                  ; 0     ; 0    ;
; Unconstrained Clocks            ; 0     ; 0    ;
; Unconstrained Input Ports       ; 1     ; 1    ;
; Unconstrained Input Port Paths  ; 1     ; 1    ;
; Unconstrained Output Ports      ; 15    ; 15   ;
; Unconstrained Output Port Paths ; 57    ; 57   ;
+---------------------------------+-------+------+


+------------------------------------+
; TimeQuest Timing Analyzer Messages ;
+------------------------------------+
Info: *******************************************************************
Info: Running Quartus II 64-Bit TimeQuest Timing Analyzer
    Info: Version 13.0.1 Build 232 06/12/2013 Service Pack 1 SJ Web Edition
    Info: Processing started: Mon Jan 16 18:53:34 2017
Info: Command: quartus_sta debouncer -c debouncer
Info: qsta_default_script.tcl version: #1
Warning (20028): Parallel compilation is not licensed and has been disabled
Info (21077): Low junction temperature is 0 degrees C
Info (21077): High junction temperature is 85 degrees C
Critical Warning (332012): Synopsys Design Constraints File file not found: 'debouncer.sdc'. A Synopsys Design Constraints File is required by the TimeQuest Timing Analyzer to get proper timing constraints. Without it, the Compiler will not properly optimize the design.
Info (332142): No user constrained base clocks found in the design. Calling "derive_clocks -period 1.0"
Info (332105): Deriving Clocks
    Info (332105): create_clock -period 1.000 -name flipflop flipflop
    Info (332105): create_clock -period 1.000 -name clock clock
    Info (332105): create_clock -period 1.000 -name taster_bouncing taster_bouncing
Info: Found TIMEQUEST_REPORT_SCRIPT_INCLUDE_DEFAULT_ANALYSIS = ON
Info: Analyzing Slow Model
Critical Warning (332148): Timing requirements not met
Info (332146): Worst-case setup slack is -0.841
    Info (332119):     Slack End Point TNS Clock 
    Info (332119): ========= ============= =====================
    Info (332119):    -0.841        -2.532 flipflop 
    Info (332119):    -0.808        -2.400 taster_bouncing 
Info (332146): Worst-case hold slack is 0.663
    Info (332119):     Slack End Point TNS Clock 
    Info (332119): ========= ============= =====================
    Info (332119):     0.663         0.000 taster_bouncing 
    Info (332119):     1.001         0.000 flipflop 
Info (332140): No Recovery paths to report
Info (332140): No Removal paths to report
Info (332146): Worst-case minimum pulse width slack is -1.631
    Info (332119):     Slack End Point TNS Clock 
    Info (332119): ========= ============= =====================
    Info (332119):    -1.631        -6.519 taster_bouncing 
    Info (332119):    -1.631        -2.853 clock 
    Info (332119):    -0.611        -4.888 flipflop 
Info (332001): The selected device family is not supported by the report_metastability command.
Info: Analyzing Fast Model
Info (332146): Worst-case setup slack is 0.297
    Info (332119):     Slack End Point TNS Clock 
    Info (332119): ========= ============= =====================
    Info (332119):     0.297         0.000 flipflop 
    Info (332119):     0.317         0.000 taster_bouncing 
Info (332146): Worst-case hold slack is 0.262
    Info (332119):     Slack End Point TNS Clock 
    Info (332119): ========= ============= =====================
    Info (332119):     0.262         0.000 taster_bouncing 
    Info (332119):     0.375         0.000 flipflop 
Info (332140): No Recovery paths to report
Info (332140): No Removal paths to report
Critical Warning (332148): Timing requirements not met
Info (332146): Worst-case minimum pulse width slack is -1.380
    Info (332119):     Slack End Point TNS Clock 
    Info (332119): ========= ============= =====================
    Info (332119):    -1.380        -5.380 taster_bouncing 
    Info (332119):    -1.380        -2.380 clock 
    Info (332119):    -0.500        -4.000 flipflop 
Info (332001): The selected device family is not supported by the report_metastability command.
Info (332102): Design is not fully constrained for setup requirements
Info (332102): Design is not fully constrained for hold requirements
Info: Quartus II 64-Bit TimeQuest Timing Analyzer was successful. 0 errors, 4 warnings
    Info: Peak virtual memory: 440 megabytes
    Info: Processing ended: Mon Jan 16 18:53:35 2017
    Info: Elapsed time: 00:00:01
    Info: Total CPU time (on all processors): 00:00:01


