TimeQuest Timing Analyzer report for volladdierer_8bit
Sun Jan 15 21:39:45 2017
Quartus II 64-Bit Version 13.0.1 Build 232 06/12/2013 Service Pack 1 SJ Web Edition


---------------------
; Table of Contents ;
---------------------
  1. Legal Notice
  2. TimeQuest Timing Analyzer Summary
  3. Parallel Compilation
  4. Clocks
  5. Slow Model Fmax Summary
  6. Slow Model Setup Summary
  7. Slow Model Hold Summary
  8. Slow Model Recovery Summary
  9. Slow Model Removal Summary
 10. Slow Model Minimum Pulse Width Summary
 11. Propagation Delay
 12. Minimum Propagation Delay
 13. Fast Model Setup Summary
 14. Fast Model Hold Summary
 15. Fast Model Recovery Summary
 16. Fast Model Removal Summary
 17. Fast Model Minimum Pulse Width Summary
 18. Propagation Delay
 19. Minimum Propagation Delay
 20. Multicorner Timing Analysis Summary
 21. Progagation Delay
 22. Minimum Progagation Delay
 23. Clock Transfers
 24. Report TCCS
 25. Report RSKM
 26. Unconstrained Paths
 27. TimeQuest Timing Analyzer Messages



----------------
; Legal Notice ;
----------------
Copyright (C) 1991-2013 Altera Corporation
Your use of Altera Corporation's design tools, logic functions 
and other software and tools, and its AMPP partner logic 
functions, and any output files from any of the foregoing 
(including device programming or simulation files), and any 
associated documentation or information are expressly subject 
to the terms and conditions of the Altera Program License 
Subscription Agreement, Altera MegaCore Function License 
Agreement, or other applicable license agreement, including, 
without limitation, that your use is for the sole purpose of 
programming logic devices manufactured by Altera and sold by 
Altera or its authorized distributors.  Please refer to the 
applicable agreement for further details.



+----------------------------------------------------------------------------------------+
; TimeQuest Timing Analyzer Summary                                                      ;
+--------------------+-------------------------------------------------------------------+
; Quartus II Version ; Version 13.0.1 Build 232 06/12/2013 Service Pack 1 SJ Web Edition ;
; Revision Name      ; volladdierer_8bit                                                 ;
; Device Family      ; Cyclone II                                                        ;
; Device Name        ; EP2C20F484C7                                                      ;
; Timing Models      ; Final                                                             ;
; Delay Model        ; Combined                                                          ;
; Rise/Fall Delays   ; Unavailable                                                       ;
+--------------------+-------------------------------------------------------------------+


Parallel compilation was disabled, but you have multiple processors available. Enable parallel compilation to reduce compilation time.
+-------------------------------------+
; Parallel Compilation                ;
+----------------------------+--------+
; Processors                 ; Number ;
+----------------------------+--------+
; Number detected on machine ; 4      ;
; Maximum allowed            ; 1      ;
+----------------------------+--------+


----------
; Clocks ;
----------
No clocks to report.


---------------------------
; Slow Model Fmax Summary ;
---------------------------
No paths to report.


----------------------------
; Slow Model Setup Summary ;
----------------------------
No paths to report.


---------------------------
; Slow Model Hold Summary ;
---------------------------
No paths to report.


-------------------------------
; Slow Model Recovery Summary ;
-------------------------------
No paths to report.


------------------------------
; Slow Model Removal Summary ;
------------------------------
No paths to report.


------------------------------------------
; Slow Model Minimum Pulse Width Summary ;
------------------------------------------
No paths to report.


+--------------------------------------------------------------+
; Propagation Delay                                            ;
+------------+-------------+--------+--------+--------+--------+
; Input Port ; Output Port ; RR     ; RF     ; FR     ; FF     ;
+------------+-------------+--------+--------+--------+--------+
; a[0]       ; cout        ; 12.507 ; 12.340 ; 12.340 ; 12.507 ;
; a[0]       ; hexa[0]     ; 7.406  ; 7.406  ; 7.406  ; 7.406  ;
; a[0]       ; hexa[1]     ; 7.930  ; 7.930  ; 7.930  ; 7.930  ;
; a[0]       ; hexa[2]     ;        ; 7.927  ; 7.927  ;        ;
; a[0]       ; hexa[3]     ; 7.356  ; 7.356  ; 7.356  ; 7.356  ;
; a[0]       ; hexa[4]     ; 7.036  ;        ;        ; 7.036  ;
; a[0]       ; hexa[5]     ; 7.413  ;        ;        ; 7.413  ;
; a[0]       ; hexa[6]     ; 7.756  ; 7.756  ; 7.756  ; 7.756  ;
; a[0]       ; hexsum[0]   ; 10.974 ; 10.974 ; 10.974 ; 10.974 ;
; a[0]       ; hexsum[1]   ; 11.243 ; 11.243 ; 11.243 ; 11.243 ;
; a[0]       ; hexsum[2]   ; 10.699 ; 10.699 ; 10.699 ; 10.699 ;
; a[0]       ; hexsum[3]   ; 10.696 ; 10.696 ; 10.696 ; 10.696 ;
; a[0]       ; hexsum[4]   ; 11.040 ; 11.040 ; 11.040 ; 11.040 ;
; a[0]       ; hexsum[5]   ; 11.038 ; 11.038 ; 11.038 ; 11.038 ;
; a[0]       ; hexsum[6]   ; 11.050 ; 11.050 ; 11.050 ; 11.050 ;
; a[0]       ; sum[0]      ; 10.910 ; 10.910 ; 10.910 ; 10.910 ;
; a[0]       ; sum[1]      ; 11.157 ; 11.157 ; 11.157 ; 11.157 ;
; a[0]       ; sum[2]      ; 13.492 ; 13.492 ; 13.492 ; 13.492 ;
; a[0]       ; sum[3]      ; 13.049 ; 13.049 ; 13.049 ; 13.049 ;
; a[1]       ; cout        ; 10.607 ;        ;        ; 10.607 ;
; a[1]       ; hexa[0]     ; 6.383  ; 6.383  ; 6.383  ; 6.383  ;
; a[1]       ; hexa[1]     ; 6.943  ; 6.943  ; 6.943  ; 6.943  ;
; a[1]       ; hexa[2]     ; 6.934  ;        ;        ; 6.934  ;
; a[1]       ; hexa[3]     ; 6.367  ; 6.367  ; 6.367  ; 6.367  ;
; a[1]       ; hexa[4]     ;        ; 6.048  ; 6.048  ;        ;
; a[1]       ; hexa[5]     ; 6.425  ; 6.425  ; 6.425  ; 6.425  ;
; a[1]       ; hexa[6]     ; 6.772  ; 6.772  ; 6.772  ; 6.772  ;
; a[1]       ; hexsum[0]   ; 9.074  ; 9.074  ; 9.074  ; 9.074  ;
; a[1]       ; hexsum[1]   ; 9.343  ; 9.343  ; 9.343  ; 9.343  ;
; a[1]       ; hexsum[2]   ; 8.799  ; 8.799  ; 8.799  ; 8.799  ;
; a[1]       ; hexsum[3]   ; 8.796  ; 8.796  ; 8.796  ; 8.796  ;
; a[1]       ; hexsum[4]   ; 9.140  ; 9.140  ; 9.140  ; 9.140  ;
; a[1]       ; hexsum[5]   ; 9.138  ; 9.138  ; 9.138  ; 9.138  ;
; a[1]       ; hexsum[6]   ; 9.150  ; 9.150  ; 9.150  ; 9.150  ;
; a[1]       ; sum[1]      ; 9.259  ; 9.259  ; 9.259  ; 9.259  ;
; a[1]       ; sum[2]      ; 11.592 ; 11.592 ; 11.592 ; 11.592 ;
; a[1]       ; sum[3]      ; 11.149 ; 11.149 ; 11.149 ; 11.149 ;
; a[2]       ; cout        ; 10.044 ;        ;        ; 10.044 ;
; a[2]       ; hexa[0]     ; 6.728  ; 6.728  ; 6.728  ; 6.728  ;
; a[2]       ; hexa[1]     ; 7.256  ;        ;        ; 7.256  ;
; a[2]       ; hexa[2]     ; 7.215  ; 7.215  ; 7.215  ; 7.215  ;
; a[2]       ; hexa[3]     ; 6.680  ; 6.680  ; 6.680  ; 6.680  ;
; a[2]       ; hexa[4]     ; 6.360  ; 6.360  ; 6.360  ; 6.360  ;
; a[2]       ; hexa[5]     ; 6.733  ; 6.733  ; 6.733  ; 6.733  ;
; a[2]       ; hexa[6]     ; 7.085  ; 7.085  ; 7.085  ; 7.085  ;
; a[2]       ; hexsum[0]   ; 8.511  ; 8.511  ; 8.511  ; 8.511  ;
; a[2]       ; hexsum[1]   ; 8.780  ; 8.780  ; 8.780  ; 8.780  ;
; a[2]       ; hexsum[2]   ; 8.236  ; 8.236  ; 8.236  ; 8.236  ;
; a[2]       ; hexsum[3]   ; 8.233  ; 8.233  ; 8.233  ; 8.233  ;
; a[2]       ; hexsum[4]   ; 8.577  ; 8.577  ; 8.577  ; 8.577  ;
; a[2]       ; hexsum[5]   ; 8.575  ; 8.575  ; 8.575  ; 8.575  ;
; a[2]       ; hexsum[6]   ; 8.587  ; 8.587  ; 8.587  ; 8.587  ;
; a[2]       ; sum[2]      ; 11.207 ; 11.207 ; 11.207 ; 11.207 ;
; a[2]       ; sum[3]      ; 10.586 ; 10.586 ; 10.586 ; 10.586 ;
; a[3]       ; cout        ; 8.577  ;        ;        ; 8.577  ;
; a[3]       ; hexa[0]     ; 6.097  ; 6.097  ; 6.097  ; 6.097  ;
; a[3]       ; hexa[1]     ; 6.621  ; 6.621  ; 6.621  ; 6.621  ;
; a[3]       ; hexa[2]     ; 6.605  ; 6.605  ; 6.605  ; 6.605  ;
; a[3]       ; hexa[3]     ; 6.045  ; 6.045  ; 6.045  ; 6.045  ;
; a[3]       ; hexa[4]     ;        ; 5.717  ; 5.717  ;        ;
; a[3]       ; hexa[5]     ; 6.091  ; 6.091  ; 6.091  ; 6.091  ;
; a[3]       ; hexa[6]     ; 6.450  ; 6.450  ; 6.450  ; 6.450  ;
; a[3]       ; hexsum[0]   ; 7.041  ; 7.041  ; 7.041  ; 7.041  ;
; a[3]       ; hexsum[1]   ; 7.310  ; 7.310  ; 7.310  ; 7.310  ;
; a[3]       ; hexsum[2]   ; 6.766  ; 6.766  ; 6.766  ; 6.766  ;
; a[3]       ; hexsum[3]   ; 6.763  ; 6.763  ; 6.763  ; 6.763  ;
; a[3]       ; hexsum[4]   ; 7.107  ; 7.107  ; 7.107  ; 7.107  ;
; a[3]       ; hexsum[5]   ; 7.105  ; 7.105  ; 7.105  ; 7.105  ;
; a[3]       ; hexsum[6]   ; 7.117  ; 7.117  ; 7.117  ; 7.117  ;
; a[3]       ; sum[3]      ; 9.116  ; 9.116  ; 9.116  ; 9.116  ;
; b[0]       ; cout        ; 12.647 ; 12.454 ; 12.454 ; 12.647 ;
; b[0]       ; hexb[0]     ; 8.224  ; 8.224  ; 8.224  ; 8.224  ;
; b[0]       ; hexb[1]     ; 8.316  ; 8.316  ; 8.316  ; 8.316  ;
; b[0]       ; hexb[2]     ;        ; 8.324  ; 8.324  ;        ;
; b[0]       ; hexb[3]     ; 8.352  ; 8.352  ; 8.352  ; 8.352  ;
; b[0]       ; hexb[4]     ; 8.351  ;        ;        ; 8.351  ;
; b[0]       ; hexb[5]     ; 8.346  ;        ;        ; 8.346  ;
; b[0]       ; hexb[6]     ; 8.350  ; 8.350  ; 8.350  ; 8.350  ;
; b[0]       ; hexsum[0]   ; 11.114 ; 11.114 ; 11.114 ; 11.114 ;
; b[0]       ; hexsum[1]   ; 11.383 ; 11.383 ; 11.383 ; 11.383 ;
; b[0]       ; hexsum[2]   ; 10.839 ; 10.839 ; 10.839 ; 10.839 ;
; b[0]       ; hexsum[3]   ; 10.836 ; 10.836 ; 10.836 ; 10.836 ;
; b[0]       ; hexsum[4]   ; 11.180 ; 11.180 ; 11.180 ; 11.180 ;
; b[0]       ; hexsum[5]   ; 11.178 ; 11.178 ; 11.178 ; 11.178 ;
; b[0]       ; hexsum[6]   ; 11.190 ; 11.190 ; 11.190 ; 11.190 ;
; b[0]       ; sum[0]      ; 11.026 ; 11.026 ; 11.026 ; 11.026 ;
; b[0]       ; sum[1]      ; 11.297 ; 11.297 ; 11.297 ; 11.297 ;
; b[0]       ; sum[2]      ; 13.632 ; 13.632 ; 13.632 ; 13.632 ;
; b[0]       ; sum[3]      ; 13.189 ; 13.189 ; 13.189 ; 13.189 ;
; b[1]       ; cout        ; 11.521 ;        ;        ; 11.521 ;
; b[1]       ; hexb[0]     ; 7.693  ; 7.693  ; 7.693  ; 7.693  ;
; b[1]       ; hexb[1]     ; 7.794  ; 7.794  ; 7.794  ; 7.794  ;
; b[1]       ; hexb[2]     ; 7.821  ;        ;        ; 7.821  ;
; b[1]       ; hexb[3]     ; 7.826  ; 7.826  ; 7.826  ; 7.826  ;
; b[1]       ; hexb[4]     ;        ; 7.816  ; 7.816  ;        ;
; b[1]       ; hexb[5]     ; 7.820  ; 7.820  ; 7.820  ; 7.820  ;
; b[1]       ; hexb[6]     ; 7.821  ; 7.821  ; 7.821  ; 7.821  ;
; b[1]       ; hexsum[0]   ; 9.988  ; 9.988  ; 9.988  ; 9.988  ;
; b[1]       ; hexsum[1]   ; 10.257 ; 10.257 ; 10.257 ; 10.257 ;
; b[1]       ; hexsum[2]   ; 9.713  ; 9.713  ; 9.713  ; 9.713  ;
; b[1]       ; hexsum[3]   ; 9.710  ; 9.710  ; 9.710  ; 9.710  ;
; b[1]       ; hexsum[4]   ; 10.054 ; 10.054 ; 10.054 ; 10.054 ;
; b[1]       ; hexsum[5]   ; 10.052 ; 10.052 ; 10.052 ; 10.052 ;
; b[1]       ; hexsum[6]   ; 10.064 ; 10.064 ; 10.064 ; 10.064 ;
; b[1]       ; sum[1]      ; 10.178 ; 10.178 ; 10.178 ; 10.178 ;
; b[1]       ; sum[2]      ; 12.510 ; 12.510 ; 12.510 ; 12.510 ;
; b[1]       ; sum[3]      ; 12.063 ; 12.063 ; 12.063 ; 12.063 ;
; b[2]       ; cout        ; 10.766 ;        ;        ; 10.766 ;
; b[2]       ; hexb[0]     ; 7.622  ; 7.622  ; 7.622  ; 7.622  ;
; b[2]       ; hexb[1]     ; 7.714  ;        ;        ; 7.714  ;
; b[2]       ; hexb[2]     ; 7.752  ; 7.752  ; 7.752  ; 7.752  ;
; b[2]       ; hexb[3]     ; 7.755  ; 7.755  ; 7.755  ; 7.755  ;
; b[2]       ; hexb[4]     ; 7.749  ; 7.749  ; 7.749  ; 7.749  ;
; b[2]       ; hexb[5]     ; 7.747  ; 7.747  ; 7.747  ; 7.747  ;
; b[2]       ; hexb[6]     ; 7.748  ; 7.748  ; 7.748  ; 7.748  ;
; b[2]       ; hexsum[0]   ; 9.233  ; 9.233  ; 9.233  ; 9.233  ;
; b[2]       ; hexsum[1]   ; 9.502  ; 9.502  ; 9.502  ; 9.502  ;
; b[2]       ; hexsum[2]   ; 8.958  ; 8.958  ; 8.958  ; 8.958  ;
; b[2]       ; hexsum[3]   ; 8.955  ; 8.955  ; 8.955  ; 8.955  ;
; b[2]       ; hexsum[4]   ; 9.299  ; 9.299  ; 9.299  ; 9.299  ;
; b[2]       ; hexsum[5]   ; 9.297  ; 9.297  ; 9.297  ; 9.297  ;
; b[2]       ; hexsum[6]   ; 9.309  ; 9.309  ; 9.309  ; 9.309  ;
; b[2]       ; sum[2]      ; 11.939 ; 11.939 ; 11.939 ; 11.939 ;
; b[2]       ; sum[3]      ; 11.308 ; 11.308 ; 11.308 ; 11.308 ;
; b[3]       ; cout        ; 9.372  ;        ;        ; 9.372  ;
; b[3]       ; hexb[0]     ; 7.951  ; 7.951  ; 7.951  ; 7.951  ;
; b[3]       ; hexb[1]     ; 8.054  ; 8.054  ; 8.054  ; 8.054  ;
; b[3]       ; hexb[2]     ; 8.047  ; 8.047  ; 8.047  ; 8.047  ;
; b[3]       ; hexb[3]     ; 8.084  ; 8.084  ; 8.084  ; 8.084  ;
; b[3]       ; hexb[4]     ;        ; 8.071  ; 8.071  ;        ;
; b[3]       ; hexb[5]     ; 8.039  ; 8.039  ; 8.039  ; 8.039  ;
; b[3]       ; hexb[6]     ; 8.081  ; 8.081  ; 8.081  ; 8.081  ;
; b[3]       ; hexsum[0]   ; 7.836  ; 7.836  ; 7.836  ; 7.836  ;
; b[3]       ; hexsum[1]   ; 8.105  ; 8.105  ; 8.105  ; 8.105  ;
; b[3]       ; hexsum[2]   ; 7.561  ; 7.561  ; 7.561  ; 7.561  ;
; b[3]       ; hexsum[3]   ; 7.558  ; 7.558  ; 7.558  ; 7.558  ;
; b[3]       ; hexsum[4]   ; 7.902  ; 7.902  ; 7.902  ; 7.902  ;
; b[3]       ; hexsum[5]   ; 7.900  ; 7.900  ; 7.900  ; 7.900  ;
; b[3]       ; hexsum[6]   ; 7.912  ; 7.912  ; 7.912  ; 7.912  ;
; b[3]       ; sum[3]      ; 9.911  ; 9.911  ; 9.911  ; 9.911  ;
; cin        ; cout        ;        ; 16.729 ; 16.729 ;        ;
; cin        ; hexsum[0]   ; 15.196 ; 15.196 ; 15.196 ; 15.196 ;
; cin        ; hexsum[1]   ; 15.465 ; 15.465 ; 15.465 ; 15.465 ;
; cin        ; hexsum[2]   ; 14.921 ; 14.921 ; 14.921 ; 14.921 ;
; cin        ; hexsum[3]   ; 14.918 ; 14.918 ; 14.918 ; 14.918 ;
; cin        ; hexsum[4]   ; 15.262 ; 15.262 ; 15.262 ; 15.262 ;
; cin        ; hexsum[5]   ; 15.260 ; 15.260 ; 15.260 ; 15.260 ;
; cin        ; hexsum[6]   ; 15.272 ; 15.272 ; 15.272 ; 15.272 ;
; cin        ; sum[0]      ; 15.297 ; 15.297 ; 15.297 ; 15.297 ;
; cin        ; sum[1]      ; 15.387 ; 15.387 ; 15.387 ; 15.387 ;
; cin        ; sum[2]      ; 17.714 ; 17.714 ; 17.714 ; 17.714 ;
; cin        ; sum[3]      ; 17.271 ; 17.271 ; 17.271 ; 17.271 ;
+------------+-------------+--------+--------+--------+--------+


+--------------------------------------------------------------+
; Minimum Propagation Delay                                    ;
+------------+-------------+--------+--------+--------+--------+
; Input Port ; Output Port ; RR     ; RF     ; FR     ; FF     ;
+------------+-------------+--------+--------+--------+--------+
; a[0]       ; cout        ; 12.340 ; 12.340 ; 12.340 ; 12.340 ;
; a[0]       ; hexa[0]     ; 7.406  ; 7.406  ; 7.406  ; 7.406  ;
; a[0]       ; hexa[1]     ; 7.930  ; 7.930  ; 7.930  ; 7.930  ;
; a[0]       ; hexa[2]     ;        ; 7.927  ; 7.927  ;        ;
; a[0]       ; hexa[3]     ; 7.356  ; 7.356  ; 7.356  ; 7.356  ;
; a[0]       ; hexa[4]     ; 7.036  ;        ;        ; 7.036  ;
; a[0]       ; hexa[5]     ; 7.413  ;        ;        ; 7.413  ;
; a[0]       ; hexa[6]     ; 7.756  ; 7.756  ; 7.756  ; 7.756  ;
; a[0]       ; hexsum[0]   ; 8.932  ; 8.932  ; 8.932  ; 8.932  ;
; a[0]       ; hexsum[1]   ; 9.204  ; 9.204  ; 9.204  ; 9.204  ;
; a[0]       ; hexsum[2]   ; 8.659  ; 8.659  ; 8.659  ; 8.659  ;
; a[0]       ; hexsum[3]   ; 8.656  ; 8.656  ; 8.656  ; 8.656  ;
; a[0]       ; hexsum[4]   ; 9.004  ; 9.004  ; 9.004  ; 9.004  ;
; a[0]       ; hexsum[5]   ; 8.965  ; 8.965  ; 8.965  ; 8.965  ;
; a[0]       ; hexsum[6]   ; 9.014  ; 9.014  ; 9.014  ; 9.014  ;
; a[0]       ; sum[0]      ; 10.910 ; 10.910 ; 10.910 ; 10.910 ;
; a[0]       ; sum[1]      ; 10.998 ; 10.998 ; 10.998 ; 10.998 ;
; a[0]       ; sum[2]      ; 13.325 ; 13.325 ; 13.325 ; 13.325 ;
; a[0]       ; sum[3]      ; 12.882 ; 12.882 ; 12.882 ; 12.882 ;
; a[1]       ; cout        ; 10.607 ;        ;        ; 10.607 ;
; a[1]       ; hexa[0]     ; 6.383  ; 6.383  ; 6.383  ; 6.383  ;
; a[1]       ; hexa[1]     ; 6.943  ; 6.943  ; 6.943  ; 6.943  ;
; a[1]       ; hexa[2]     ; 6.934  ;        ;        ; 6.934  ;
; a[1]       ; hexa[3]     ; 6.367  ; 6.367  ; 6.367  ; 6.367  ;
; a[1]       ; hexa[4]     ;        ; 6.048  ; 6.048  ;        ;
; a[1]       ; hexa[5]     ; 6.425  ; 6.425  ; 6.425  ; 6.425  ;
; a[1]       ; hexa[6]     ; 6.772  ; 6.772  ; 6.772  ; 6.772  ;
; a[1]       ; hexsum[0]   ; 7.443  ; 7.443  ; 7.443  ; 7.443  ;
; a[1]       ; hexsum[1]   ; 7.711  ; 7.711  ; 7.711  ; 7.711  ;
; a[1]       ; hexsum[2]   ; 7.167  ; 7.167  ; 7.167  ; 7.167  ;
; a[1]       ; hexsum[3]   ; 7.163  ; 7.163  ; 7.163  ; 7.163  ;
; a[1]       ; hexsum[4]   ; 7.511  ; 7.511  ; 7.511  ; 7.511  ;
; a[1]       ; hexsum[5]   ; 7.509  ; 7.509  ; 7.509  ; 7.509  ;
; a[1]       ; hexsum[6]   ; 7.521  ; 7.521  ; 7.521  ; 7.521  ;
; a[1]       ; sum[1]      ; 9.259  ; 9.259  ; 9.259  ; 9.259  ;
; a[1]       ; sum[2]      ; 11.592 ; 11.592 ; 11.592 ; 11.592 ;
; a[1]       ; sum[3]      ; 11.149 ; 11.149 ; 11.149 ; 11.149 ;
; a[2]       ; cout        ; 10.044 ;        ;        ; 10.044 ;
; a[2]       ; hexa[0]     ; 6.728  ; 6.728  ; 6.728  ; 6.728  ;
; a[2]       ; hexa[1]     ; 7.256  ;        ;        ; 7.256  ;
; a[2]       ; hexa[2]     ; 7.215  ; 7.215  ; 7.215  ; 7.215  ;
; a[2]       ; hexa[3]     ; 6.680  ; 6.680  ; 6.680  ; 6.680  ;
; a[2]       ; hexa[4]     ; 6.360  ; 6.360  ; 6.360  ; 6.360  ;
; a[2]       ; hexa[5]     ; 6.733  ; 6.733  ; 6.733  ; 6.733  ;
; a[2]       ; hexa[6]     ; 7.085  ; 7.085  ; 7.085  ; 7.085  ;
; a[2]       ; hexsum[0]   ; 8.050  ; 8.050  ; 8.050  ; 8.050  ;
; a[2]       ; hexsum[1]   ; 8.319  ; 8.319  ; 8.319  ; 8.319  ;
; a[2]       ; hexsum[2]   ; 7.774  ; 7.774  ; 7.774  ; 7.774  ;
; a[2]       ; hexsum[3]   ; 7.774  ; 7.774  ; 7.774  ; 7.774  ;
; a[2]       ; hexsum[4]   ; 8.119  ; 8.119  ; 8.119  ; 8.119  ;
; a[2]       ; hexsum[5]   ; 8.108  ; 8.108  ; 8.108  ; 8.108  ;
; a[2]       ; hexsum[6]   ; 8.128  ; 8.128  ; 8.128  ; 8.128  ;
; a[2]       ; sum[2]      ; 11.207 ; 11.207 ; 11.207 ; 11.207 ;
; a[2]       ; sum[3]      ; 10.586 ; 10.586 ; 10.586 ; 10.586 ;
; a[3]       ; cout        ; 8.577  ;        ;        ; 8.577  ;
; a[3]       ; hexa[0]     ; 6.097  ; 6.097  ; 6.097  ; 6.097  ;
; a[3]       ; hexa[1]     ; 6.621  ; 6.621  ; 6.621  ; 6.621  ;
; a[3]       ; hexa[2]     ; 6.605  ; 6.605  ; 6.605  ; 6.605  ;
; a[3]       ; hexa[3]     ; 6.045  ; 6.045  ; 6.045  ; 6.045  ;
; a[3]       ; hexa[4]     ;        ; 5.717  ; 5.717  ;        ;
; a[3]       ; hexa[5]     ; 6.091  ; 6.091  ; 6.091  ; 6.091  ;
; a[3]       ; hexa[6]     ; 6.450  ; 6.450  ; 6.450  ; 6.450  ;
; a[3]       ; hexsum[0]   ; 7.041  ; 7.041  ; 7.041  ; 7.041  ;
; a[3]       ; hexsum[1]   ; 7.310  ; 7.310  ; 7.310  ; 7.310  ;
; a[3]       ; hexsum[2]   ; 6.766  ; 6.766  ; 6.766  ; 6.766  ;
; a[3]       ; hexsum[3]   ; 6.763  ; 6.763  ; 6.763  ; 6.763  ;
; a[3]       ; hexsum[4]   ; 7.107  ; 7.107  ; 7.107  ; 7.107  ;
; a[3]       ; hexsum[5]   ; 7.105  ; 7.105  ; 7.105  ; 7.105  ;
; a[3]       ; hexsum[6]   ; 7.117  ; 7.117  ; 7.117  ; 7.117  ;
; a[3]       ; sum[3]      ; 9.116  ; 9.116  ; 9.116  ; 9.116  ;
; b[0]       ; cout        ; 12.454 ; 12.454 ; 12.454 ; 12.454 ;
; b[0]       ; hexb[0]     ; 8.224  ; 8.224  ; 8.224  ; 8.224  ;
; b[0]       ; hexb[1]     ; 8.316  ; 8.316  ; 8.316  ; 8.316  ;
; b[0]       ; hexb[2]     ;        ; 8.324  ; 8.324  ;        ;
; b[0]       ; hexb[3]     ; 8.352  ; 8.352  ; 8.352  ; 8.352  ;
; b[0]       ; hexb[4]     ; 8.351  ;        ;        ; 8.351  ;
; b[0]       ; hexb[5]     ; 8.346  ;        ;        ; 8.346  ;
; b[0]       ; hexb[6]     ; 8.350  ; 8.350  ; 8.350  ; 8.350  ;
; b[0]       ; hexsum[0]   ; 9.048  ; 9.048  ; 9.048  ; 9.048  ;
; b[0]       ; hexsum[1]   ; 9.320  ; 9.320  ; 9.320  ; 9.320  ;
; b[0]       ; hexsum[2]   ; 8.775  ; 8.775  ; 8.775  ; 8.775  ;
; b[0]       ; hexsum[3]   ; 8.772  ; 8.772  ; 8.772  ; 8.772  ;
; b[0]       ; hexsum[4]   ; 9.120  ; 9.120  ; 9.120  ; 9.120  ;
; b[0]       ; hexsum[5]   ; 9.081  ; 9.081  ; 9.081  ; 9.081  ;
; b[0]       ; hexsum[6]   ; 9.130  ; 9.130  ; 9.130  ; 9.130  ;
; b[0]       ; sum[0]      ; 11.026 ; 11.026 ; 11.026 ; 11.026 ;
; b[0]       ; sum[1]      ; 11.112 ; 11.112 ; 11.112 ; 11.112 ;
; b[0]       ; sum[2]      ; 13.439 ; 13.439 ; 13.439 ; 13.439 ;
; b[0]       ; sum[3]      ; 12.996 ; 12.996 ; 12.996 ; 12.996 ;
; b[1]       ; cout        ; 11.521 ;        ;        ; 11.521 ;
; b[1]       ; hexb[0]     ; 7.693  ; 7.693  ; 7.693  ; 7.693  ;
; b[1]       ; hexb[1]     ; 7.794  ; 7.794  ; 7.794  ; 7.794  ;
; b[1]       ; hexb[2]     ; 7.821  ;        ;        ; 7.821  ;
; b[1]       ; hexb[3]     ; 7.826  ; 7.826  ; 7.826  ; 7.826  ;
; b[1]       ; hexb[4]     ;        ; 7.816  ; 7.816  ;        ;
; b[1]       ; hexb[5]     ; 7.820  ; 7.820  ; 7.820  ; 7.820  ;
; b[1]       ; hexb[6]     ; 7.821  ; 7.821  ; 7.821  ; 7.821  ;
; b[1]       ; hexsum[0]   ; 8.362  ; 8.362  ; 8.362  ; 8.362  ;
; b[1]       ; hexsum[1]   ; 8.630  ; 8.630  ; 8.630  ; 8.630  ;
; b[1]       ; hexsum[2]   ; 8.086  ; 8.086  ; 8.086  ; 8.086  ;
; b[1]       ; hexsum[3]   ; 8.082  ; 8.082  ; 8.082  ; 8.082  ;
; b[1]       ; hexsum[4]   ; 8.430  ; 8.430  ; 8.430  ; 8.430  ;
; b[1]       ; hexsum[5]   ; 8.428  ; 8.428  ; 8.428  ; 8.428  ;
; b[1]       ; hexsum[6]   ; 8.440  ; 8.440  ; 8.440  ; 8.440  ;
; b[1]       ; sum[1]      ; 10.178 ; 10.178 ; 10.178 ; 10.178 ;
; b[1]       ; sum[2]      ; 12.510 ; 12.510 ; 12.510 ; 12.510 ;
; b[1]       ; sum[3]      ; 12.063 ; 12.063 ; 12.063 ; 12.063 ;
; b[2]       ; cout        ; 10.766 ;        ;        ; 10.766 ;
; b[2]       ; hexb[0]     ; 7.622  ; 7.622  ; 7.622  ; 7.622  ;
; b[2]       ; hexb[1]     ; 7.714  ;        ;        ; 7.714  ;
; b[2]       ; hexb[2]     ; 7.752  ; 7.752  ; 7.752  ; 7.752  ;
; b[2]       ; hexb[3]     ; 7.755  ; 7.755  ; 7.755  ; 7.755  ;
; b[2]       ; hexb[4]     ; 7.749  ; 7.749  ; 7.749  ; 7.749  ;
; b[2]       ; hexb[5]     ; 7.747  ; 7.747  ; 7.747  ; 7.747  ;
; b[2]       ; hexb[6]     ; 7.748  ; 7.748  ; 7.748  ; 7.748  ;
; b[2]       ; hexsum[0]   ; 8.782  ; 8.782  ; 8.782  ; 8.782  ;
; b[2]       ; hexsum[1]   ; 9.051  ; 9.051  ; 9.051  ; 9.051  ;
; b[2]       ; hexsum[2]   ; 8.506  ; 8.506  ; 8.506  ; 8.506  ;
; b[2]       ; hexsum[3]   ; 8.506  ; 8.506  ; 8.506  ; 8.506  ;
; b[2]       ; hexsum[4]   ; 8.851  ; 8.851  ; 8.851  ; 8.851  ;
; b[2]       ; hexsum[5]   ; 8.840  ; 8.840  ; 8.840  ; 8.840  ;
; b[2]       ; hexsum[6]   ; 8.860  ; 8.860  ; 8.860  ; 8.860  ;
; b[2]       ; sum[2]      ; 11.939 ; 11.939 ; 11.939 ; 11.939 ;
; b[2]       ; sum[3]      ; 11.308 ; 11.308 ; 11.308 ; 11.308 ;
; b[3]       ; cout        ; 9.372  ;        ;        ; 9.372  ;
; b[3]       ; hexb[0]     ; 7.951  ; 7.951  ; 7.951  ; 7.951  ;
; b[3]       ; hexb[1]     ; 8.054  ; 8.054  ; 8.054  ; 8.054  ;
; b[3]       ; hexb[2]     ; 8.047  ; 8.047  ; 8.047  ; 8.047  ;
; b[3]       ; hexb[3]     ; 8.084  ; 8.084  ; 8.084  ; 8.084  ;
; b[3]       ; hexb[4]     ;        ; 8.071  ; 8.071  ;        ;
; b[3]       ; hexb[5]     ; 8.039  ; 8.039  ; 8.039  ; 8.039  ;
; b[3]       ; hexb[6]     ; 8.081  ; 8.081  ; 8.081  ; 8.081  ;
; b[3]       ; hexsum[0]   ; 7.836  ; 7.836  ; 7.836  ; 7.836  ;
; b[3]       ; hexsum[1]   ; 8.105  ; 8.105  ; 8.105  ; 8.105  ;
; b[3]       ; hexsum[2]   ; 7.561  ; 7.561  ; 7.561  ; 7.561  ;
; b[3]       ; hexsum[3]   ; 7.558  ; 7.558  ; 7.558  ; 7.558  ;
; b[3]       ; hexsum[4]   ; 7.902  ; 7.902  ; 7.902  ; 7.902  ;
; b[3]       ; hexsum[5]   ; 7.900  ; 7.900  ; 7.900  ; 7.900  ;
; b[3]       ; hexsum[6]   ; 7.912  ; 7.912  ; 7.912  ; 7.912  ;
; b[3]       ; sum[3]      ; 9.911  ; 9.911  ; 9.911  ; 9.911  ;
; cin        ; cout        ;        ; 16.729 ; 16.729 ;        ;
; cin        ; hexsum[0]   ; 13.319 ; 13.319 ; 13.319 ; 13.319 ;
; cin        ; hexsum[1]   ; 13.591 ; 13.591 ; 13.591 ; 13.591 ;
; cin        ; hexsum[2]   ; 13.046 ; 13.046 ; 13.046 ; 13.046 ;
; cin        ; hexsum[3]   ; 13.043 ; 13.043 ; 13.043 ; 13.043 ;
; cin        ; hexsum[4]   ; 13.391 ; 13.391 ; 13.391 ; 13.391 ;
; cin        ; hexsum[5]   ; 13.352 ; 13.352 ; 13.352 ; 13.352 ;
; cin        ; hexsum[6]   ; 13.401 ; 13.401 ; 13.401 ; 13.401 ;
; cin        ; sum[0]      ; 15.297 ; 15.297 ; 15.297 ; 15.297 ;
; cin        ; sum[1]      ; 15.387 ; 15.387 ; 15.387 ; 15.387 ;
; cin        ; sum[2]      ; 17.714 ; 17.714 ; 17.714 ; 17.714 ;
; cin        ; sum[3]      ; 17.271 ; 17.271 ; 17.271 ; 17.271 ;
+------------+-------------+--------+--------+--------+--------+


----------------------------
; Fast Model Setup Summary ;
----------------------------
No paths to report.


---------------------------
; Fast Model Hold Summary ;
---------------------------
No paths to report.


-------------------------------
; Fast Model Recovery Summary ;
-------------------------------
No paths to report.


------------------------------
; Fast Model Removal Summary ;
------------------------------
No paths to report.


------------------------------------------
; Fast Model Minimum Pulse Width Summary ;
------------------------------------------
No paths to report.


+----------------------------------------------------------+
; Propagation Delay                                        ;
+------------+-------------+-------+-------+-------+-------+
; Input Port ; Output Port ; RR    ; RF    ; FR    ; FF    ;
+------------+-------------+-------+-------+-------+-------+
; a[0]       ; cout        ; 5.516 ; 5.448 ; 5.448 ; 5.516 ;
; a[0]       ; hexa[0]     ; 3.453 ; 3.453 ; 3.453 ; 3.453 ;
; a[0]       ; hexa[1]     ; 3.719 ; 3.719 ; 3.719 ; 3.719 ;
; a[0]       ; hexa[2]     ;       ; 3.721 ; 3.721 ;       ;
; a[0]       ; hexa[3]     ; 3.418 ; 3.418 ; 3.418 ; 3.418 ;
; a[0]       ; hexa[4]     ; 3.299 ;       ;       ; 3.299 ;
; a[0]       ; hexa[5]     ; 3.464 ;       ;       ; 3.464 ;
; a[0]       ; hexa[6]     ; 3.596 ; 3.596 ; 3.596 ; 3.596 ;
; a[0]       ; hexsum[0]   ; 4.694 ; 4.694 ; 4.694 ; 4.694 ;
; a[0]       ; hexsum[1]   ; 4.804 ; 4.804 ; 4.804 ; 4.804 ;
; a[0]       ; hexsum[2]   ; 4.611 ; 4.611 ; 4.611 ; 4.611 ;
; a[0]       ; hexsum[3]   ; 4.612 ; 4.612 ; 4.612 ; 4.612 ;
; a[0]       ; hexsum[4]   ; 4.747 ; 4.747 ; 4.747 ; 4.747 ;
; a[0]       ; hexsum[5]   ; 4.740 ; 4.740 ; 4.740 ; 4.740 ;
; a[0]       ; hexsum[6]   ; 4.753 ; 4.753 ; 4.753 ; 4.753 ;
; a[0]       ; sum[0]      ; 4.873 ; 4.873 ; 4.873 ; 4.873 ;
; a[0]       ; sum[1]      ; 5.010 ; 5.010 ; 5.010 ; 5.010 ;
; a[0]       ; sum[2]      ; 5.780 ; 5.780 ; 5.780 ; 5.780 ;
; a[0]       ; sum[3]      ; 5.658 ; 5.658 ; 5.658 ; 5.658 ;
; a[1]       ; cout        ; 4.751 ;       ;       ; 4.751 ;
; a[1]       ; hexa[0]     ; 3.019 ; 3.019 ; 3.019 ; 3.019 ;
; a[1]       ; hexa[1]     ; 3.288 ; 3.288 ; 3.288 ; 3.288 ;
; a[1]       ; hexa[2]     ; 3.286 ;       ;       ; 3.286 ;
; a[1]       ; hexa[3]     ; 2.985 ; 2.985 ; 2.985 ; 2.985 ;
; a[1]       ; hexa[4]     ;       ; 2.860 ; 2.860 ;       ;
; a[1]       ; hexa[5]     ; 3.026 ; 3.026 ; 3.026 ; 3.026 ;
; a[1]       ; hexa[6]     ; 3.161 ; 3.161 ; 3.161 ; 3.161 ;
; a[1]       ; hexsum[0]   ; 3.929 ; 3.929 ; 3.929 ; 3.929 ;
; a[1]       ; hexsum[1]   ; 4.039 ; 4.039 ; 4.039 ; 4.039 ;
; a[1]       ; hexsum[2]   ; 3.846 ; 3.846 ; 3.846 ; 3.846 ;
; a[1]       ; hexsum[3]   ; 3.847 ; 3.847 ; 3.847 ; 3.847 ;
; a[1]       ; hexsum[4]   ; 3.982 ; 3.982 ; 3.982 ; 3.982 ;
; a[1]       ; hexsum[5]   ; 3.975 ; 3.975 ; 3.975 ; 3.975 ;
; a[1]       ; hexsum[6]   ; 3.988 ; 3.988 ; 3.988 ; 3.988 ;
; a[1]       ; sum[1]      ; 4.245 ; 4.245 ; 4.245 ; 4.245 ;
; a[1]       ; sum[2]      ; 5.015 ; 5.015 ; 5.015 ; 5.015 ;
; a[1]       ; sum[3]      ; 4.893 ; 4.893 ; 4.893 ; 4.893 ;
; a[2]       ; cout        ; 4.553 ;       ;       ; 4.553 ;
; a[2]       ; hexa[0]     ; 3.123 ; 3.123 ; 3.123 ; 3.123 ;
; a[2]       ; hexa[1]     ; 3.392 ;       ;       ; 3.392 ;
; a[2]       ; hexa[2]     ; 3.397 ; 3.397 ; 3.397 ; 3.397 ;
; a[2]       ; hexa[3]     ; 3.090 ; 3.090 ; 3.090 ; 3.090 ;
; a[2]       ; hexa[4]     ; 2.967 ; 2.967 ; 2.967 ; 2.967 ;
; a[2]       ; hexa[5]     ; 3.137 ; 3.137 ; 3.137 ; 3.137 ;
; a[2]       ; hexa[6]     ; 3.269 ; 3.269 ; 3.269 ; 3.269 ;
; a[2]       ; hexsum[0]   ; 3.731 ; 3.731 ; 3.731 ; 3.731 ;
; a[2]       ; hexsum[1]   ; 3.841 ; 3.841 ; 3.841 ; 3.841 ;
; a[2]       ; hexsum[2]   ; 3.648 ; 3.648 ; 3.648 ; 3.648 ;
; a[2]       ; hexsum[3]   ; 3.649 ; 3.649 ; 3.649 ; 3.649 ;
; a[2]       ; hexsum[4]   ; 3.784 ; 3.784 ; 3.784 ; 3.784 ;
; a[2]       ; hexsum[5]   ; 3.777 ; 3.777 ; 3.777 ; 3.777 ;
; a[2]       ; hexsum[6]   ; 3.790 ; 3.790 ; 3.790 ; 3.790 ;
; a[2]       ; sum[2]      ; 4.877 ; 4.877 ; 4.877 ; 4.877 ;
; a[2]       ; sum[3]      ; 4.695 ; 4.695 ; 4.695 ; 4.695 ;
; a[3]       ; cout        ; 4.038 ;       ;       ; 4.038 ;
; a[3]       ; hexa[0]     ; 2.913 ; 2.913 ; 2.913 ; 2.913 ;
; a[3]       ; hexa[1]     ; 3.182 ; 3.182 ; 3.182 ; 3.182 ;
; a[3]       ; hexa[2]     ; 3.169 ; 3.169 ; 3.169 ; 3.169 ;
; a[3]       ; hexa[3]     ; 2.877 ; 2.877 ; 2.877 ; 2.877 ;
; a[3]       ; hexa[4]     ;       ; 2.748 ; 2.748 ;       ;
; a[3]       ; hexa[5]     ; 2.909 ; 2.909 ; 2.909 ; 2.909 ;
; a[3]       ; hexa[6]     ; 3.058 ; 3.058 ; 3.058 ; 3.058 ;
; a[3]       ; hexsum[0]   ; 3.217 ; 3.217 ; 3.217 ; 3.217 ;
; a[3]       ; hexsum[1]   ; 3.327 ; 3.327 ; 3.327 ; 3.327 ;
; a[3]       ; hexsum[2]   ; 3.134 ; 3.134 ; 3.134 ; 3.134 ;
; a[3]       ; hexsum[3]   ; 3.135 ; 3.135 ; 3.135 ; 3.135 ;
; a[3]       ; hexsum[4]   ; 3.270 ; 3.270 ; 3.270 ; 3.270 ;
; a[3]       ; hexsum[5]   ; 3.263 ; 3.263 ; 3.263 ; 3.263 ;
; a[3]       ; hexsum[6]   ; 3.276 ; 3.276 ; 3.276 ; 3.276 ;
; a[3]       ; sum[3]      ; 4.181 ; 4.181 ; 4.181 ; 4.181 ;
; b[0]       ; cout        ; 5.553 ; 5.491 ; 5.491 ; 5.553 ;
; b[0]       ; hexb[0]     ; 3.714 ; 3.714 ; 3.714 ; 3.714 ;
; b[0]       ; hexb[1]     ; 3.754 ; 3.754 ; 3.754 ; 3.754 ;
; b[0]       ; hexb[2]     ;       ; 3.798 ; 3.798 ;       ;
; b[0]       ; hexb[3]     ; 3.798 ; 3.798 ; 3.798 ; 3.798 ;
; b[0]       ; hexb[4]     ; 3.792 ;       ;       ; 3.792 ;
; b[0]       ; hexb[5]     ; 3.791 ;       ;       ; 3.791 ;
; b[0]       ; hexb[6]     ; 3.792 ; 3.792 ; 3.792 ; 3.792 ;
; b[0]       ; hexsum[0]   ; 4.731 ; 4.731 ; 4.731 ; 4.731 ;
; b[0]       ; hexsum[1]   ; 4.841 ; 4.841 ; 4.841 ; 4.841 ;
; b[0]       ; hexsum[2]   ; 4.648 ; 4.648 ; 4.648 ; 4.648 ;
; b[0]       ; hexsum[3]   ; 4.649 ; 4.649 ; 4.649 ; 4.649 ;
; b[0]       ; hexsum[4]   ; 4.784 ; 4.784 ; 4.784 ; 4.784 ;
; b[0]       ; hexsum[5]   ; 4.777 ; 4.777 ; 4.777 ; 4.777 ;
; b[0]       ; hexsum[6]   ; 4.790 ; 4.790 ; 4.790 ; 4.790 ;
; b[0]       ; sum[0]      ; 4.916 ; 4.916 ; 4.916 ; 4.916 ;
; b[0]       ; sum[1]      ; 5.047 ; 5.047 ; 5.047 ; 5.047 ;
; b[0]       ; sum[2]      ; 5.817 ; 5.817 ; 5.817 ; 5.817 ;
; b[0]       ; sum[3]      ; 5.695 ; 5.695 ; 5.695 ; 5.695 ;
; b[1]       ; cout        ; 5.147 ;       ;       ; 5.147 ;
; b[1]       ; hexb[0]     ; 3.513 ; 3.513 ; 3.513 ; 3.513 ;
; b[1]       ; hexb[1]     ; 3.562 ; 3.562 ; 3.562 ; 3.562 ;
; b[1]       ; hexb[2]     ; 3.591 ;       ;       ; 3.591 ;
; b[1]       ; hexb[3]     ; 3.595 ; 3.595 ; 3.595 ; 3.595 ;
; b[1]       ; hexb[4]     ;       ; 3.586 ; 3.586 ;       ;
; b[1]       ; hexb[5]     ; 3.587 ; 3.587 ; 3.587 ; 3.587 ;
; b[1]       ; hexb[6]     ; 3.593 ; 3.593 ; 3.593 ; 3.593 ;
; b[1]       ; hexsum[0]   ; 4.325 ; 4.325 ; 4.325 ; 4.325 ;
; b[1]       ; hexsum[1]   ; 4.435 ; 4.435 ; 4.435 ; 4.435 ;
; b[1]       ; hexsum[2]   ; 4.242 ; 4.242 ; 4.242 ; 4.242 ;
; b[1]       ; hexsum[3]   ; 4.243 ; 4.243 ; 4.243 ; 4.243 ;
; b[1]       ; hexsum[4]   ; 4.378 ; 4.378 ; 4.378 ; 4.378 ;
; b[1]       ; hexsum[5]   ; 4.371 ; 4.371 ; 4.371 ; 4.371 ;
; b[1]       ; hexsum[6]   ; 4.384 ; 4.384 ; 4.384 ; 4.384 ;
; b[1]       ; sum[1]      ; 4.643 ; 4.643 ; 4.643 ; 4.643 ;
; b[1]       ; sum[2]      ; 5.415 ; 5.415 ; 5.415 ; 5.415 ;
; b[1]       ; sum[3]      ; 5.289 ; 5.289 ; 5.289 ; 5.289 ;
; b[2]       ; cout        ; 4.904 ;       ;       ; 4.904 ;
; b[2]       ; hexb[0]     ; 3.512 ; 3.512 ; 3.512 ; 3.512 ;
; b[2]       ; hexb[1]     ; 3.552 ;       ;       ; 3.552 ;
; b[2]       ; hexb[2]     ; 3.592 ; 3.592 ; 3.592 ; 3.592 ;
; b[2]       ; hexb[3]     ; 3.595 ; 3.595 ; 3.595 ; 3.595 ;
; b[2]       ; hexb[4]     ; 3.590 ; 3.590 ; 3.590 ; 3.590 ;
; b[2]       ; hexb[5]     ; 3.584 ; 3.584 ; 3.584 ; 3.584 ;
; b[2]       ; hexb[6]     ; 3.589 ; 3.589 ; 3.589 ; 3.589 ;
; b[2]       ; hexsum[0]   ; 4.082 ; 4.082 ; 4.082 ; 4.082 ;
; b[2]       ; hexsum[1]   ; 4.192 ; 4.192 ; 4.192 ; 4.192 ;
; b[2]       ; hexsum[2]   ; 3.999 ; 3.999 ; 3.999 ; 3.999 ;
; b[2]       ; hexsum[3]   ; 4.000 ; 4.000 ; 4.000 ; 4.000 ;
; b[2]       ; hexsum[4]   ; 4.135 ; 4.135 ; 4.135 ; 4.135 ;
; b[2]       ; hexsum[5]   ; 4.128 ; 4.128 ; 4.128 ; 4.128 ;
; b[2]       ; hexsum[6]   ; 4.141 ; 4.141 ; 4.141 ; 4.141 ;
; b[2]       ; sum[2]      ; 5.235 ; 5.235 ; 5.235 ; 5.235 ;
; b[2]       ; sum[3]      ; 5.046 ; 5.046 ; 5.046 ; 5.046 ;
; b[3]       ; cout        ; 4.415 ;       ;       ; 4.415 ;
; b[3]       ; hexb[0]     ; 3.651 ; 3.651 ; 3.651 ; 3.651 ;
; b[3]       ; hexb[1]     ; 3.701 ; 3.701 ; 3.701 ; 3.701 ;
; b[3]       ; hexb[2]     ; 3.735 ; 3.735 ; 3.735 ; 3.735 ;
; b[3]       ; hexb[3]     ; 3.733 ; 3.733 ; 3.733 ; 3.733 ;
; b[3]       ; hexb[4]     ;       ; 3.726 ; 3.726 ;       ;
; b[3]       ; hexb[5]     ; 3.726 ; 3.726 ; 3.726 ; 3.726 ;
; b[3]       ; hexb[6]     ; 3.732 ; 3.732 ; 3.732 ; 3.732 ;
; b[3]       ; hexsum[0]   ; 3.594 ; 3.594 ; 3.594 ; 3.594 ;
; b[3]       ; hexsum[1]   ; 3.704 ; 3.704 ; 3.704 ; 3.704 ;
; b[3]       ; hexsum[2]   ; 3.511 ; 3.511 ; 3.511 ; 3.511 ;
; b[3]       ; hexsum[3]   ; 3.512 ; 3.512 ; 3.512 ; 3.512 ;
; b[3]       ; hexsum[4]   ; 3.647 ; 3.647 ; 3.647 ; 3.647 ;
; b[3]       ; hexsum[5]   ; 3.640 ; 3.640 ; 3.640 ; 3.640 ;
; b[3]       ; hexsum[6]   ; 3.653 ; 3.653 ; 3.653 ; 3.653 ;
; b[3]       ; sum[3]      ; 4.558 ; 4.558 ; 4.558 ; 4.558 ;
; cin        ; cout        ;       ; 7.988 ; 7.988 ;       ;
; cin        ; hexsum[0]   ; 7.166 ; 7.166 ; 7.166 ; 7.166 ;
; cin        ; hexsum[1]   ; 7.276 ; 7.276 ; 7.276 ; 7.276 ;
; cin        ; hexsum[2]   ; 7.083 ; 7.083 ; 7.083 ; 7.083 ;
; cin        ; hexsum[3]   ; 7.084 ; 7.084 ; 7.084 ; 7.084 ;
; cin        ; hexsum[4]   ; 7.219 ; 7.219 ; 7.219 ; 7.219 ;
; cin        ; hexsum[5]   ; 7.212 ; 7.212 ; 7.212 ; 7.212 ;
; cin        ; hexsum[6]   ; 7.225 ; 7.225 ; 7.225 ; 7.225 ;
; cin        ; sum[0]      ; 7.411 ; 7.411 ; 7.411 ; 7.411 ;
; cin        ; sum[1]      ; 7.482 ; 7.482 ; 7.482 ; 7.482 ;
; cin        ; sum[2]      ; 8.252 ; 8.252 ; 8.252 ; 8.252 ;
; cin        ; sum[3]      ; 8.130 ; 8.130 ; 8.130 ; 8.130 ;
+------------+-------------+-------+-------+-------+-------+


+----------------------------------------------------------+
; Minimum Propagation Delay                                ;
+------------+-------------+-------+-------+-------+-------+
; Input Port ; Output Port ; RR    ; RF    ; FR    ; FF    ;
+------------+-------------+-------+-------+-------+-------+
; a[0]       ; cout        ; 5.448 ; 5.448 ; 5.448 ; 5.448 ;
; a[0]       ; hexa[0]     ; 3.453 ; 3.453 ; 3.453 ; 3.453 ;
; a[0]       ; hexa[1]     ; 3.719 ; 3.719 ; 3.719 ; 3.719 ;
; a[0]       ; hexa[2]     ;       ; 3.721 ; 3.721 ;       ;
; a[0]       ; hexa[3]     ; 3.418 ; 3.418 ; 3.418 ; 3.418 ;
; a[0]       ; hexa[4]     ; 3.299 ;       ;       ; 3.299 ;
; a[0]       ; hexa[5]     ; 3.464 ;       ;       ; 3.464 ;
; a[0]       ; hexa[6]     ; 3.596 ; 3.596 ; 3.596 ; 3.596 ;
; a[0]       ; hexsum[0]   ; 3.953 ; 3.953 ; 3.953 ; 3.953 ;
; a[0]       ; hexsum[1]   ; 4.065 ; 4.065 ; 4.065 ; 4.065 ;
; a[0]       ; hexsum[2]   ; 3.872 ; 3.872 ; 3.872 ; 3.872 ;
; a[0]       ; hexsum[3]   ; 3.872 ; 3.872 ; 3.872 ; 3.872 ;
; a[0]       ; hexsum[4]   ; 4.007 ; 4.007 ; 4.007 ; 4.007 ;
; a[0]       ; hexsum[5]   ; 4.006 ; 4.006 ; 4.006 ; 4.006 ;
; a[0]       ; hexsum[6]   ; 4.013 ; 4.013 ; 4.013 ; 4.013 ;
; a[0]       ; sum[0]      ; 4.873 ; 4.873 ; 4.873 ; 4.873 ;
; a[0]       ; sum[1]      ; 4.942 ; 4.942 ; 4.942 ; 4.942 ;
; a[0]       ; sum[2]      ; 5.712 ; 5.712 ; 5.712 ; 5.712 ;
; a[0]       ; sum[3]      ; 5.590 ; 5.590 ; 5.590 ; 5.590 ;
; a[1]       ; cout        ; 4.751 ;       ;       ; 4.751 ;
; a[1]       ; hexa[0]     ; 3.019 ; 3.019 ; 3.019 ; 3.019 ;
; a[1]       ; hexa[1]     ; 3.288 ; 3.288 ; 3.288 ; 3.288 ;
; a[1]       ; hexa[2]     ; 3.286 ;       ;       ; 3.286 ;
; a[1]       ; hexa[3]     ; 2.985 ; 2.985 ; 2.985 ; 2.985 ;
; a[1]       ; hexa[4]     ;       ; 2.860 ; 2.860 ;       ;
; a[1]       ; hexa[5]     ; 3.026 ; 3.026 ; 3.026 ; 3.026 ;
; a[1]       ; hexa[6]     ; 3.161 ; 3.161 ; 3.161 ; 3.161 ;
; a[1]       ; hexsum[0]   ; 3.349 ; 3.349 ; 3.349 ; 3.349 ;
; a[1]       ; hexsum[1]   ; 3.461 ; 3.461 ; 3.461 ; 3.461 ;
; a[1]       ; hexsum[2]   ; 3.268 ; 3.268 ; 3.268 ; 3.268 ;
; a[1]       ; hexsum[3]   ; 3.267 ; 3.267 ; 3.267 ; 3.267 ;
; a[1]       ; hexsum[4]   ; 3.403 ; 3.403 ; 3.403 ; 3.403 ;
; a[1]       ; hexsum[5]   ; 3.402 ; 3.402 ; 3.402 ; 3.402 ;
; a[1]       ; hexsum[6]   ; 3.409 ; 3.409 ; 3.409 ; 3.409 ;
; a[1]       ; sum[1]      ; 4.245 ; 4.245 ; 4.245 ; 4.245 ;
; a[1]       ; sum[2]      ; 5.015 ; 5.015 ; 5.015 ; 5.015 ;
; a[1]       ; sum[3]      ; 4.893 ; 4.893 ; 4.893 ; 4.893 ;
; a[2]       ; cout        ; 4.553 ;       ;       ; 4.553 ;
; a[2]       ; hexa[0]     ; 3.123 ; 3.123 ; 3.123 ; 3.123 ;
; a[2]       ; hexa[1]     ; 3.392 ;       ;       ; 3.392 ;
; a[2]       ; hexa[2]     ; 3.397 ; 3.397 ; 3.397 ; 3.397 ;
; a[2]       ; hexa[3]     ; 3.090 ; 3.090 ; 3.090 ; 3.090 ;
; a[2]       ; hexa[4]     ; 2.967 ; 2.967 ; 2.967 ; 2.967 ;
; a[2]       ; hexa[5]     ; 3.137 ; 3.137 ; 3.137 ; 3.137 ;
; a[2]       ; hexa[6]     ; 3.269 ; 3.269 ; 3.269 ; 3.269 ;
; a[2]       ; hexsum[0]   ; 3.557 ; 3.557 ; 3.557 ; 3.557 ;
; a[2]       ; hexsum[1]   ; 3.669 ; 3.669 ; 3.669 ; 3.669 ;
; a[2]       ; hexsum[2]   ; 3.479 ; 3.479 ; 3.479 ; 3.479 ;
; a[2]       ; hexsum[3]   ; 3.477 ; 3.477 ; 3.477 ; 3.477 ;
; a[2]       ; hexsum[4]   ; 3.611 ; 3.611 ; 3.611 ; 3.611 ;
; a[2]       ; hexsum[5]   ; 3.607 ; 3.607 ; 3.607 ; 3.607 ;
; a[2]       ; hexsum[6]   ; 3.617 ; 3.617 ; 3.617 ; 3.617 ;
; a[2]       ; sum[2]      ; 4.877 ; 4.877 ; 4.877 ; 4.877 ;
; a[2]       ; sum[3]      ; 4.695 ; 4.695 ; 4.695 ; 4.695 ;
; a[3]       ; cout        ; 4.038 ;       ;       ; 4.038 ;
; a[3]       ; hexa[0]     ; 2.913 ; 2.913 ; 2.913 ; 2.913 ;
; a[3]       ; hexa[1]     ; 3.182 ; 3.182 ; 3.182 ; 3.182 ;
; a[3]       ; hexa[2]     ; 3.169 ; 3.169 ; 3.169 ; 3.169 ;
; a[3]       ; hexa[3]     ; 2.877 ; 2.877 ; 2.877 ; 2.877 ;
; a[3]       ; hexa[4]     ;       ; 2.748 ; 2.748 ;       ;
; a[3]       ; hexa[5]     ; 2.909 ; 2.909 ; 2.909 ; 2.909 ;
; a[3]       ; hexa[6]     ; 3.058 ; 3.058 ; 3.058 ; 3.058 ;
; a[3]       ; hexsum[0]   ; 3.217 ; 3.217 ; 3.217 ; 3.217 ;
; a[3]       ; hexsum[1]   ; 3.327 ; 3.327 ; 3.327 ; 3.327 ;
; a[3]       ; hexsum[2]   ; 3.134 ; 3.134 ; 3.134 ; 3.134 ;
; a[3]       ; hexsum[3]   ; 3.135 ; 3.135 ; 3.135 ; 3.135 ;
; a[3]       ; hexsum[4]   ; 3.270 ; 3.270 ; 3.270 ; 3.270 ;
; a[3]       ; hexsum[5]   ; 3.263 ; 3.263 ; 3.263 ; 3.263 ;
; a[3]       ; hexsum[6]   ; 3.276 ; 3.276 ; 3.276 ; 3.276 ;
; a[3]       ; sum[3]      ; 4.181 ; 4.181 ; 4.181 ; 4.181 ;
; b[0]       ; cout        ; 5.491 ; 5.491 ; 5.491 ; 5.491 ;
; b[0]       ; hexb[0]     ; 3.714 ; 3.714 ; 3.714 ; 3.714 ;
; b[0]       ; hexb[1]     ; 3.754 ; 3.754 ; 3.754 ; 3.754 ;
; b[0]       ; hexb[2]     ;       ; 3.798 ; 3.798 ;       ;
; b[0]       ; hexb[3]     ; 3.798 ; 3.798 ; 3.798 ; 3.798 ;
; b[0]       ; hexb[4]     ; 3.792 ;       ;       ; 3.792 ;
; b[0]       ; hexb[5]     ; 3.791 ;       ;       ; 3.791 ;
; b[0]       ; hexb[6]     ; 3.792 ; 3.792 ; 3.792 ; 3.792 ;
; b[0]       ; hexsum[0]   ; 3.996 ; 3.996 ; 3.996 ; 3.996 ;
; b[0]       ; hexsum[1]   ; 4.108 ; 4.108 ; 4.108 ; 4.108 ;
; b[0]       ; hexsum[2]   ; 3.915 ; 3.915 ; 3.915 ; 3.915 ;
; b[0]       ; hexsum[3]   ; 3.915 ; 3.915 ; 3.915 ; 3.915 ;
; b[0]       ; hexsum[4]   ; 4.050 ; 4.050 ; 4.050 ; 4.050 ;
; b[0]       ; hexsum[5]   ; 4.049 ; 4.049 ; 4.049 ; 4.049 ;
; b[0]       ; hexsum[6]   ; 4.056 ; 4.056 ; 4.056 ; 4.056 ;
; b[0]       ; sum[0]      ; 4.916 ; 4.916 ; 4.916 ; 4.916 ;
; b[0]       ; sum[1]      ; 4.985 ; 4.985 ; 4.985 ; 4.985 ;
; b[0]       ; sum[2]      ; 5.755 ; 5.755 ; 5.755 ; 5.755 ;
; b[0]       ; sum[3]      ; 5.633 ; 5.633 ; 5.633 ; 5.633 ;
; b[1]       ; cout        ; 5.147 ;       ;       ; 5.147 ;
; b[1]       ; hexb[0]     ; 3.513 ; 3.513 ; 3.513 ; 3.513 ;
; b[1]       ; hexb[1]     ; 3.562 ; 3.562 ; 3.562 ; 3.562 ;
; b[1]       ; hexb[2]     ; 3.591 ;       ;       ; 3.591 ;
; b[1]       ; hexb[3]     ; 3.595 ; 3.595 ; 3.595 ; 3.595 ;
; b[1]       ; hexb[4]     ;       ; 3.586 ; 3.586 ;       ;
; b[1]       ; hexb[5]     ; 3.587 ; 3.587 ; 3.587 ; 3.587 ;
; b[1]       ; hexb[6]     ; 3.593 ; 3.593 ; 3.593 ; 3.593 ;
; b[1]       ; hexsum[0]   ; 3.747 ; 3.747 ; 3.747 ; 3.747 ;
; b[1]       ; hexsum[1]   ; 3.859 ; 3.859 ; 3.859 ; 3.859 ;
; b[1]       ; hexsum[2]   ; 3.666 ; 3.666 ; 3.666 ; 3.666 ;
; b[1]       ; hexsum[3]   ; 3.665 ; 3.665 ; 3.665 ; 3.665 ;
; b[1]       ; hexsum[4]   ; 3.801 ; 3.801 ; 3.801 ; 3.801 ;
; b[1]       ; hexsum[5]   ; 3.800 ; 3.800 ; 3.800 ; 3.800 ;
; b[1]       ; hexsum[6]   ; 3.807 ; 3.807 ; 3.807 ; 3.807 ;
; b[1]       ; sum[1]      ; 4.643 ; 4.643 ; 4.643 ; 4.643 ;
; b[1]       ; sum[2]      ; 5.415 ; 5.415 ; 5.415 ; 5.415 ;
; b[1]       ; sum[3]      ; 5.289 ; 5.289 ; 5.289 ; 5.289 ;
; b[2]       ; cout        ; 4.904 ;       ;       ; 4.904 ;
; b[2]       ; hexb[0]     ; 3.512 ; 3.512 ; 3.512 ; 3.512 ;
; b[2]       ; hexb[1]     ; 3.552 ;       ;       ; 3.552 ;
; b[2]       ; hexb[2]     ; 3.592 ; 3.592 ; 3.592 ; 3.592 ;
; b[2]       ; hexb[3]     ; 3.595 ; 3.595 ; 3.595 ; 3.595 ;
; b[2]       ; hexb[4]     ; 3.590 ; 3.590 ; 3.590 ; 3.590 ;
; b[2]       ; hexb[5]     ; 3.584 ; 3.584 ; 3.584 ; 3.584 ;
; b[2]       ; hexb[6]     ; 3.589 ; 3.589 ; 3.589 ; 3.589 ;
; b[2]       ; hexsum[0]   ; 3.915 ; 3.915 ; 3.915 ; 3.915 ;
; b[2]       ; hexsum[1]   ; 4.027 ; 4.027 ; 4.027 ; 4.027 ;
; b[2]       ; hexsum[2]   ; 3.837 ; 3.837 ; 3.837 ; 3.837 ;
; b[2]       ; hexsum[3]   ; 3.835 ; 3.835 ; 3.835 ; 3.835 ;
; b[2]       ; hexsum[4]   ; 3.969 ; 3.969 ; 3.969 ; 3.969 ;
; b[2]       ; hexsum[5]   ; 3.965 ; 3.965 ; 3.965 ; 3.965 ;
; b[2]       ; hexsum[6]   ; 3.975 ; 3.975 ; 3.975 ; 3.975 ;
; b[2]       ; sum[2]      ; 5.235 ; 5.235 ; 5.235 ; 5.235 ;
; b[2]       ; sum[3]      ; 5.046 ; 5.046 ; 5.046 ; 5.046 ;
; b[3]       ; cout        ; 4.415 ;       ;       ; 4.415 ;
; b[3]       ; hexb[0]     ; 3.651 ; 3.651 ; 3.651 ; 3.651 ;
; b[3]       ; hexb[1]     ; 3.701 ; 3.701 ; 3.701 ; 3.701 ;
; b[3]       ; hexb[2]     ; 3.735 ; 3.735 ; 3.735 ; 3.735 ;
; b[3]       ; hexb[3]     ; 3.733 ; 3.733 ; 3.733 ; 3.733 ;
; b[3]       ; hexb[4]     ;       ; 3.726 ; 3.726 ;       ;
; b[3]       ; hexb[5]     ; 3.726 ; 3.726 ; 3.726 ; 3.726 ;
; b[3]       ; hexb[6]     ; 3.732 ; 3.732 ; 3.732 ; 3.732 ;
; b[3]       ; hexsum[0]   ; 3.594 ; 3.594 ; 3.594 ; 3.594 ;
; b[3]       ; hexsum[1]   ; 3.704 ; 3.704 ; 3.704 ; 3.704 ;
; b[3]       ; hexsum[2]   ; 3.511 ; 3.511 ; 3.511 ; 3.511 ;
; b[3]       ; hexsum[3]   ; 3.512 ; 3.512 ; 3.512 ; 3.512 ;
; b[3]       ; hexsum[4]   ; 3.647 ; 3.647 ; 3.647 ; 3.647 ;
; b[3]       ; hexsum[5]   ; 3.640 ; 3.640 ; 3.640 ; 3.640 ;
; b[3]       ; hexsum[6]   ; 3.653 ; 3.653 ; 3.653 ; 3.653 ;
; b[3]       ; sum[3]      ; 4.558 ; 4.558 ; 4.558 ; 4.558 ;
; cin        ; cout        ;       ; 7.988 ; 7.988 ;       ;
; cin        ; hexsum[0]   ; 6.491 ; 6.491 ; 6.491 ; 6.491 ;
; cin        ; hexsum[1]   ; 6.603 ; 6.603 ; 6.603 ; 6.603 ;
; cin        ; hexsum[2]   ; 6.410 ; 6.410 ; 6.410 ; 6.410 ;
; cin        ; hexsum[3]   ; 6.410 ; 6.410 ; 6.410 ; 6.410 ;
; cin        ; hexsum[4]   ; 6.545 ; 6.545 ; 6.545 ; 6.545 ;
; cin        ; hexsum[5]   ; 6.544 ; 6.544 ; 6.544 ; 6.544 ;
; cin        ; hexsum[6]   ; 6.551 ; 6.551 ; 6.551 ; 6.551 ;
; cin        ; sum[0]      ; 7.411 ; 7.411 ; 7.411 ; 7.411 ;
; cin        ; sum[1]      ; 7.482 ; 7.482 ; 7.482 ; 7.482 ;
; cin        ; sum[2]      ; 8.252 ; 8.252 ; 8.252 ; 8.252 ;
; cin        ; sum[3]      ; 8.130 ; 8.130 ; 8.130 ; 8.130 ;
+------------+-------------+-------+-------+-------+-------+


+----------------------------------------------------------------------------+
; Multicorner Timing Analysis Summary                                        ;
+------------------+-------+------+----------+---------+---------------------+
; Clock            ; Setup ; Hold ; Recovery ; Removal ; Minimum Pulse Width ;
+------------------+-------+------+----------+---------+---------------------+
; Worst-case Slack ; N/A   ; N/A  ; N/A      ; N/A     ; N/A                 ;
; Design-wide TNS  ; 0.0   ; 0.0  ; 0.0      ; 0.0     ; 0.0                 ;
+------------------+-------+------+----------+---------+---------------------+


+--------------------------------------------------------------+
; Progagation Delay                                            ;
+------------+-------------+--------+--------+--------+--------+
; Input Port ; Output Port ; RR     ; RF     ; FR     ; FF     ;
+------------+-------------+--------+--------+--------+--------+
; a[0]       ; cout        ; 12.507 ; 12.340 ; 12.340 ; 12.507 ;
; a[0]       ; hexa[0]     ; 7.406  ; 7.406  ; 7.406  ; 7.406  ;
; a[0]       ; hexa[1]     ; 7.930  ; 7.930  ; 7.930  ; 7.930  ;
; a[0]       ; hexa[2]     ;        ; 7.927  ; 7.927  ;        ;
; a[0]       ; hexa[3]     ; 7.356  ; 7.356  ; 7.356  ; 7.356  ;
; a[0]       ; hexa[4]     ; 7.036  ;        ;        ; 7.036  ;
; a[0]       ; hexa[5]     ; 7.413  ;        ;        ; 7.413  ;
; a[0]       ; hexa[6]     ; 7.756  ; 7.756  ; 7.756  ; 7.756  ;
; a[0]       ; hexsum[0]   ; 10.974 ; 10.974 ; 10.974 ; 10.974 ;
; a[0]       ; hexsum[1]   ; 11.243 ; 11.243 ; 11.243 ; 11.243 ;
; a[0]       ; hexsum[2]   ; 10.699 ; 10.699 ; 10.699 ; 10.699 ;
; a[0]       ; hexsum[3]   ; 10.696 ; 10.696 ; 10.696 ; 10.696 ;
; a[0]       ; hexsum[4]   ; 11.040 ; 11.040 ; 11.040 ; 11.040 ;
; a[0]       ; hexsum[5]   ; 11.038 ; 11.038 ; 11.038 ; 11.038 ;
; a[0]       ; hexsum[6]   ; 11.050 ; 11.050 ; 11.050 ; 11.050 ;
; a[0]       ; sum[0]      ; 10.910 ; 10.910 ; 10.910 ; 10.910 ;
; a[0]       ; sum[1]      ; 11.157 ; 11.157 ; 11.157 ; 11.157 ;
; a[0]       ; sum[2]      ; 13.492 ; 13.492 ; 13.492 ; 13.492 ;
; a[0]       ; sum[3]      ; 13.049 ; 13.049 ; 13.049 ; 13.049 ;
; a[1]       ; cout        ; 10.607 ;        ;        ; 10.607 ;
; a[1]       ; hexa[0]     ; 6.383  ; 6.383  ; 6.383  ; 6.383  ;
; a[1]       ; hexa[1]     ; 6.943  ; 6.943  ; 6.943  ; 6.943  ;
; a[1]       ; hexa[2]     ; 6.934  ;        ;        ; 6.934  ;
; a[1]       ; hexa[3]     ; 6.367  ; 6.367  ; 6.367  ; 6.367  ;
; a[1]       ; hexa[4]     ;        ; 6.048  ; 6.048  ;        ;
; a[1]       ; hexa[5]     ; 6.425  ; 6.425  ; 6.425  ; 6.425  ;
; a[1]       ; hexa[6]     ; 6.772  ; 6.772  ; 6.772  ; 6.772  ;
; a[1]       ; hexsum[0]   ; 9.074  ; 9.074  ; 9.074  ; 9.074  ;
; a[1]       ; hexsum[1]   ; 9.343  ; 9.343  ; 9.343  ; 9.343  ;
; a[1]       ; hexsum[2]   ; 8.799  ; 8.799  ; 8.799  ; 8.799  ;
; a[1]       ; hexsum[3]   ; 8.796  ; 8.796  ; 8.796  ; 8.796  ;
; a[1]       ; hexsum[4]   ; 9.140  ; 9.140  ; 9.140  ; 9.140  ;
; a[1]       ; hexsum[5]   ; 9.138  ; 9.138  ; 9.138  ; 9.138  ;
; a[1]       ; hexsum[6]   ; 9.150  ; 9.150  ; 9.150  ; 9.150  ;
; a[1]       ; sum[1]      ; 9.259  ; 9.259  ; 9.259  ; 9.259  ;
; a[1]       ; sum[2]      ; 11.592 ; 11.592 ; 11.592 ; 11.592 ;
; a[1]       ; sum[3]      ; 11.149 ; 11.149 ; 11.149 ; 11.149 ;
; a[2]       ; cout        ; 10.044 ;        ;        ; 10.044 ;
; a[2]       ; hexa[0]     ; 6.728  ; 6.728  ; 6.728  ; 6.728  ;
; a[2]       ; hexa[1]     ; 7.256  ;        ;        ; 7.256  ;
; a[2]       ; hexa[2]     ; 7.215  ; 7.215  ; 7.215  ; 7.215  ;
; a[2]       ; hexa[3]     ; 6.680  ; 6.680  ; 6.680  ; 6.680  ;
; a[2]       ; hexa[4]     ; 6.360  ; 6.360  ; 6.360  ; 6.360  ;
; a[2]       ; hexa[5]     ; 6.733  ; 6.733  ; 6.733  ; 6.733  ;
; a[2]       ; hexa[6]     ; 7.085  ; 7.085  ; 7.085  ; 7.085  ;
; a[2]       ; hexsum[0]   ; 8.511  ; 8.511  ; 8.511  ; 8.511  ;
; a[2]       ; hexsum[1]   ; 8.780  ; 8.780  ; 8.780  ; 8.780  ;
; a[2]       ; hexsum[2]   ; 8.236  ; 8.236  ; 8.236  ; 8.236  ;
; a[2]       ; hexsum[3]   ; 8.233  ; 8.233  ; 8.233  ; 8.233  ;
; a[2]       ; hexsum[4]   ; 8.577  ; 8.577  ; 8.577  ; 8.577  ;
; a[2]       ; hexsum[5]   ; 8.575  ; 8.575  ; 8.575  ; 8.575  ;
; a[2]       ; hexsum[6]   ; 8.587  ; 8.587  ; 8.587  ; 8.587  ;
; a[2]       ; sum[2]      ; 11.207 ; 11.207 ; 11.207 ; 11.207 ;
; a[2]       ; sum[3]      ; 10.586 ; 10.586 ; 10.586 ; 10.586 ;
; a[3]       ; cout        ; 8.577  ;        ;        ; 8.577  ;
; a[3]       ; hexa[0]     ; 6.097  ; 6.097  ; 6.097  ; 6.097  ;
; a[3]       ; hexa[1]     ; 6.621  ; 6.621  ; 6.621  ; 6.621  ;
; a[3]       ; hexa[2]     ; 6.605  ; 6.605  ; 6.605  ; 6.605  ;
; a[3]       ; hexa[3]     ; 6.045  ; 6.045  ; 6.045  ; 6.045  ;
; a[3]       ; hexa[4]     ;        ; 5.717  ; 5.717  ;        ;
; a[3]       ; hexa[5]     ; 6.091  ; 6.091  ; 6.091  ; 6.091  ;
; a[3]       ; hexa[6]     ; 6.450  ; 6.450  ; 6.450  ; 6.450  ;
; a[3]       ; hexsum[0]   ; 7.041  ; 7.041  ; 7.041  ; 7.041  ;
; a[3]       ; hexsum[1]   ; 7.310  ; 7.310  ; 7.310  ; 7.310  ;
; a[3]       ; hexsum[2]   ; 6.766  ; 6.766  ; 6.766  ; 6.766  ;
; a[3]       ; hexsum[3]   ; 6.763  ; 6.763  ; 6.763  ; 6.763  ;
; a[3]       ; hexsum[4]   ; 7.107  ; 7.107  ; 7.107  ; 7.107  ;
; a[3]       ; hexsum[5]   ; 7.105  ; 7.105  ; 7.105  ; 7.105  ;
; a[3]       ; hexsum[6]   ; 7.117  ; 7.117  ; 7.117  ; 7.117  ;
; a[3]       ; sum[3]      ; 9.116  ; 9.116  ; 9.116  ; 9.116  ;
; b[0]       ; cout        ; 12.647 ; 12.454 ; 12.454 ; 12.647 ;
; b[0]       ; hexb[0]     ; 8.224  ; 8.224  ; 8.224  ; 8.224  ;
; b[0]       ; hexb[1]     ; 8.316  ; 8.316  ; 8.316  ; 8.316  ;
; b[0]       ; hexb[2]     ;        ; 8.324  ; 8.324  ;        ;
; b[0]       ; hexb[3]     ; 8.352  ; 8.352  ; 8.352  ; 8.352  ;
; b[0]       ; hexb[4]     ; 8.351  ;        ;        ; 8.351  ;
; b[0]       ; hexb[5]     ; 8.346  ;        ;        ; 8.346  ;
; b[0]       ; hexb[6]     ; 8.350  ; 8.350  ; 8.350  ; 8.350  ;
; b[0]       ; hexsum[0]   ; 11.114 ; 11.114 ; 11.114 ; 11.114 ;
; b[0]       ; hexsum[1]   ; 11.383 ; 11.383 ; 11.383 ; 11.383 ;
; b[0]       ; hexsum[2]   ; 10.839 ; 10.839 ; 10.839 ; 10.839 ;
; b[0]       ; hexsum[3]   ; 10.836 ; 10.836 ; 10.836 ; 10.836 ;
; b[0]       ; hexsum[4]   ; 11.180 ; 11.180 ; 11.180 ; 11.180 ;
; b[0]       ; hexsum[5]   ; 11.178 ; 11.178 ; 11.178 ; 11.178 ;
; b[0]       ; hexsum[6]   ; 11.190 ; 11.190 ; 11.190 ; 11.190 ;
; b[0]       ; sum[0]      ; 11.026 ; 11.026 ; 11.026 ; 11.026 ;
; b[0]       ; sum[1]      ; 11.297 ; 11.297 ; 11.297 ; 11.297 ;
; b[0]       ; sum[2]      ; 13.632 ; 13.632 ; 13.632 ; 13.632 ;
; b[0]       ; sum[3]      ; 13.189 ; 13.189 ; 13.189 ; 13.189 ;
; b[1]       ; cout        ; 11.521 ;        ;        ; 11.521 ;
; b[1]       ; hexb[0]     ; 7.693  ; 7.693  ; 7.693  ; 7.693  ;
; b[1]       ; hexb[1]     ; 7.794  ; 7.794  ; 7.794  ; 7.794  ;
; b[1]       ; hexb[2]     ; 7.821  ;        ;        ; 7.821  ;
; b[1]       ; hexb[3]     ; 7.826  ; 7.826  ; 7.826  ; 7.826  ;
; b[1]       ; hexb[4]     ;        ; 7.816  ; 7.816  ;        ;
; b[1]       ; hexb[5]     ; 7.820  ; 7.820  ; 7.820  ; 7.820  ;
; b[1]       ; hexb[6]     ; 7.821  ; 7.821  ; 7.821  ; 7.821  ;
; b[1]       ; hexsum[0]   ; 9.988  ; 9.988  ; 9.988  ; 9.988  ;
; b[1]       ; hexsum[1]   ; 10.257 ; 10.257 ; 10.257 ; 10.257 ;
; b[1]       ; hexsum[2]   ; 9.713  ; 9.713  ; 9.713  ; 9.713  ;
; b[1]       ; hexsum[3]   ; 9.710  ; 9.710  ; 9.710  ; 9.710  ;
; b[1]       ; hexsum[4]   ; 10.054 ; 10.054 ; 10.054 ; 10.054 ;
; b[1]       ; hexsum[5]   ; 10.052 ; 10.052 ; 10.052 ; 10.052 ;
; b[1]       ; hexsum[6]   ; 10.064 ; 10.064 ; 10.064 ; 10.064 ;
; b[1]       ; sum[1]      ; 10.178 ; 10.178 ; 10.178 ; 10.178 ;
; b[1]       ; sum[2]      ; 12.510 ; 12.510 ; 12.510 ; 12.510 ;
; b[1]       ; sum[3]      ; 12.063 ; 12.063 ; 12.063 ; 12.063 ;
; b[2]       ; cout        ; 10.766 ;        ;        ; 10.766 ;
; b[2]       ; hexb[0]     ; 7.622  ; 7.622  ; 7.622  ; 7.622  ;
; b[2]       ; hexb[1]     ; 7.714  ;        ;        ; 7.714  ;
; b[2]       ; hexb[2]     ; 7.752  ; 7.752  ; 7.752  ; 7.752  ;
; b[2]       ; hexb[3]     ; 7.755  ; 7.755  ; 7.755  ; 7.755  ;
; b[2]       ; hexb[4]     ; 7.749  ; 7.749  ; 7.749  ; 7.749  ;
; b[2]       ; hexb[5]     ; 7.747  ; 7.747  ; 7.747  ; 7.747  ;
; b[2]       ; hexb[6]     ; 7.748  ; 7.748  ; 7.748  ; 7.748  ;
; b[2]       ; hexsum[0]   ; 9.233  ; 9.233  ; 9.233  ; 9.233  ;
; b[2]       ; hexsum[1]   ; 9.502  ; 9.502  ; 9.502  ; 9.502  ;
; b[2]       ; hexsum[2]   ; 8.958  ; 8.958  ; 8.958  ; 8.958  ;
; b[2]       ; hexsum[3]   ; 8.955  ; 8.955  ; 8.955  ; 8.955  ;
; b[2]       ; hexsum[4]   ; 9.299  ; 9.299  ; 9.299  ; 9.299  ;
; b[2]       ; hexsum[5]   ; 9.297  ; 9.297  ; 9.297  ; 9.297  ;
; b[2]       ; hexsum[6]   ; 9.309  ; 9.309  ; 9.309  ; 9.309  ;
; b[2]       ; sum[2]      ; 11.939 ; 11.939 ; 11.939 ; 11.939 ;
; b[2]       ; sum[3]      ; 11.308 ; 11.308 ; 11.308 ; 11.308 ;
; b[3]       ; cout        ; 9.372  ;        ;        ; 9.372  ;
; b[3]       ; hexb[0]     ; 7.951  ; 7.951  ; 7.951  ; 7.951  ;
; b[3]       ; hexb[1]     ; 8.054  ; 8.054  ; 8.054  ; 8.054  ;
; b[3]       ; hexb[2]     ; 8.047  ; 8.047  ; 8.047  ; 8.047  ;
; b[3]       ; hexb[3]     ; 8.084  ; 8.084  ; 8.084  ; 8.084  ;
; b[3]       ; hexb[4]     ;        ; 8.071  ; 8.071  ;        ;
; b[3]       ; hexb[5]     ; 8.039  ; 8.039  ; 8.039  ; 8.039  ;
; b[3]       ; hexb[6]     ; 8.081  ; 8.081  ; 8.081  ; 8.081  ;
; b[3]       ; hexsum[0]   ; 7.836  ; 7.836  ; 7.836  ; 7.836  ;
; b[3]       ; hexsum[1]   ; 8.105  ; 8.105  ; 8.105  ; 8.105  ;
; b[3]       ; hexsum[2]   ; 7.561  ; 7.561  ; 7.561  ; 7.561  ;
; b[3]       ; hexsum[3]   ; 7.558  ; 7.558  ; 7.558  ; 7.558  ;
; b[3]       ; hexsum[4]   ; 7.902  ; 7.902  ; 7.902  ; 7.902  ;
; b[3]       ; hexsum[5]   ; 7.900  ; 7.900  ; 7.900  ; 7.900  ;
; b[3]       ; hexsum[6]   ; 7.912  ; 7.912  ; 7.912  ; 7.912  ;
; b[3]       ; sum[3]      ; 9.911  ; 9.911  ; 9.911  ; 9.911  ;
; cin        ; cout        ;        ; 16.729 ; 16.729 ;        ;
; cin        ; hexsum[0]   ; 15.196 ; 15.196 ; 15.196 ; 15.196 ;
; cin        ; hexsum[1]   ; 15.465 ; 15.465 ; 15.465 ; 15.465 ;
; cin        ; hexsum[2]   ; 14.921 ; 14.921 ; 14.921 ; 14.921 ;
; cin        ; hexsum[3]   ; 14.918 ; 14.918 ; 14.918 ; 14.918 ;
; cin        ; hexsum[4]   ; 15.262 ; 15.262 ; 15.262 ; 15.262 ;
; cin        ; hexsum[5]   ; 15.260 ; 15.260 ; 15.260 ; 15.260 ;
; cin        ; hexsum[6]   ; 15.272 ; 15.272 ; 15.272 ; 15.272 ;
; cin        ; sum[0]      ; 15.297 ; 15.297 ; 15.297 ; 15.297 ;
; cin        ; sum[1]      ; 15.387 ; 15.387 ; 15.387 ; 15.387 ;
; cin        ; sum[2]      ; 17.714 ; 17.714 ; 17.714 ; 17.714 ;
; cin        ; sum[3]      ; 17.271 ; 17.271 ; 17.271 ; 17.271 ;
+------------+-------------+--------+--------+--------+--------+


+----------------------------------------------------------+
; Minimum Progagation Delay                                ;
+------------+-------------+-------+-------+-------+-------+
; Input Port ; Output Port ; RR    ; RF    ; FR    ; FF    ;
+------------+-------------+-------+-------+-------+-------+
; a[0]       ; cout        ; 5.448 ; 5.448 ; 5.448 ; 5.448 ;
; a[0]       ; hexa[0]     ; 3.453 ; 3.453 ; 3.453 ; 3.453 ;
; a[0]       ; hexa[1]     ; 3.719 ; 3.719 ; 3.719 ; 3.719 ;
; a[0]       ; hexa[2]     ;       ; 3.721 ; 3.721 ;       ;
; a[0]       ; hexa[3]     ; 3.418 ; 3.418 ; 3.418 ; 3.418 ;
; a[0]       ; hexa[4]     ; 3.299 ;       ;       ; 3.299 ;
; a[0]       ; hexa[5]     ; 3.464 ;       ;       ; 3.464 ;
; a[0]       ; hexa[6]     ; 3.596 ; 3.596 ; 3.596 ; 3.596 ;
; a[0]       ; hexsum[0]   ; 3.953 ; 3.953 ; 3.953 ; 3.953 ;
; a[0]       ; hexsum[1]   ; 4.065 ; 4.065 ; 4.065 ; 4.065 ;
; a[0]       ; hexsum[2]   ; 3.872 ; 3.872 ; 3.872 ; 3.872 ;
; a[0]       ; hexsum[3]   ; 3.872 ; 3.872 ; 3.872 ; 3.872 ;
; a[0]       ; hexsum[4]   ; 4.007 ; 4.007 ; 4.007 ; 4.007 ;
; a[0]       ; hexsum[5]   ; 4.006 ; 4.006 ; 4.006 ; 4.006 ;
; a[0]       ; hexsum[6]   ; 4.013 ; 4.013 ; 4.013 ; 4.013 ;
; a[0]       ; sum[0]      ; 4.873 ; 4.873 ; 4.873 ; 4.873 ;
; a[0]       ; sum[1]      ; 4.942 ; 4.942 ; 4.942 ; 4.942 ;
; a[0]       ; sum[2]      ; 5.712 ; 5.712 ; 5.712 ; 5.712 ;
; a[0]       ; sum[3]      ; 5.590 ; 5.590 ; 5.590 ; 5.590 ;
; a[1]       ; cout        ; 4.751 ;       ;       ; 4.751 ;
; a[1]       ; hexa[0]     ; 3.019 ; 3.019 ; 3.019 ; 3.019 ;
; a[1]       ; hexa[1]     ; 3.288 ; 3.288 ; 3.288 ; 3.288 ;
; a[1]       ; hexa[2]     ; 3.286 ;       ;       ; 3.286 ;
; a[1]       ; hexa[3]     ; 2.985 ; 2.985 ; 2.985 ; 2.985 ;
; a[1]       ; hexa[4]     ;       ; 2.860 ; 2.860 ;       ;
; a[1]       ; hexa[5]     ; 3.026 ; 3.026 ; 3.026 ; 3.026 ;
; a[1]       ; hexa[6]     ; 3.161 ; 3.161 ; 3.161 ; 3.161 ;
; a[1]       ; hexsum[0]   ; 3.349 ; 3.349 ; 3.349 ; 3.349 ;
; a[1]       ; hexsum[1]   ; 3.461 ; 3.461 ; 3.461 ; 3.461 ;
; a[1]       ; hexsum[2]   ; 3.268 ; 3.268 ; 3.268 ; 3.268 ;
; a[1]       ; hexsum[3]   ; 3.267 ; 3.267 ; 3.267 ; 3.267 ;
; a[1]       ; hexsum[4]   ; 3.403 ; 3.403 ; 3.403 ; 3.403 ;
; a[1]       ; hexsum[5]   ; 3.402 ; 3.402 ; 3.402 ; 3.402 ;
; a[1]       ; hexsum[6]   ; 3.409 ; 3.409 ; 3.409 ; 3.409 ;
; a[1]       ; sum[1]      ; 4.245 ; 4.245 ; 4.245 ; 4.245 ;
; a[1]       ; sum[2]      ; 5.015 ; 5.015 ; 5.015 ; 5.015 ;
; a[1]       ; sum[3]      ; 4.893 ; 4.893 ; 4.893 ; 4.893 ;
; a[2]       ; cout        ; 4.553 ;       ;       ; 4.553 ;
; a[2]       ; hexa[0]     ; 3.123 ; 3.123 ; 3.123 ; 3.123 ;
; a[2]       ; hexa[1]     ; 3.392 ;       ;       ; 3.392 ;
; a[2]       ; hexa[2]     ; 3.397 ; 3.397 ; 3.397 ; 3.397 ;
; a[2]       ; hexa[3]     ; 3.090 ; 3.090 ; 3.090 ; 3.090 ;
; a[2]       ; hexa[4]     ; 2.967 ; 2.967 ; 2.967 ; 2.967 ;
; a[2]       ; hexa[5]     ; 3.137 ; 3.137 ; 3.137 ; 3.137 ;
; a[2]       ; hexa[6]     ; 3.269 ; 3.269 ; 3.269 ; 3.269 ;
; a[2]       ; hexsum[0]   ; 3.557 ; 3.557 ; 3.557 ; 3.557 ;
; a[2]       ; hexsum[1]   ; 3.669 ; 3.669 ; 3.669 ; 3.669 ;
; a[2]       ; hexsum[2]   ; 3.479 ; 3.479 ; 3.479 ; 3.479 ;
; a[2]       ; hexsum[3]   ; 3.477 ; 3.477 ; 3.477 ; 3.477 ;
; a[2]       ; hexsum[4]   ; 3.611 ; 3.611 ; 3.611 ; 3.611 ;
; a[2]       ; hexsum[5]   ; 3.607 ; 3.607 ; 3.607 ; 3.607 ;
; a[2]       ; hexsum[6]   ; 3.617 ; 3.617 ; 3.617 ; 3.617 ;
; a[2]       ; sum[2]      ; 4.877 ; 4.877 ; 4.877 ; 4.877 ;
; a[2]       ; sum[3]      ; 4.695 ; 4.695 ; 4.695 ; 4.695 ;
; a[3]       ; cout        ; 4.038 ;       ;       ; 4.038 ;
; a[3]       ; hexa[0]     ; 2.913 ; 2.913 ; 2.913 ; 2.913 ;
; a[3]       ; hexa[1]     ; 3.182 ; 3.182 ; 3.182 ; 3.182 ;
; a[3]       ; hexa[2]     ; 3.169 ; 3.169 ; 3.169 ; 3.169 ;
; a[3]       ; hexa[3]     ; 2.877 ; 2.877 ; 2.877 ; 2.877 ;
; a[3]       ; hexa[4]     ;       ; 2.748 ; 2.748 ;       ;
; a[3]       ; hexa[5]     ; 2.909 ; 2.909 ; 2.909 ; 2.909 ;
; a[3]       ; hexa[6]     ; 3.058 ; 3.058 ; 3.058 ; 3.058 ;
; a[3]       ; hexsum[0]   ; 3.217 ; 3.217 ; 3.217 ; 3.217 ;
; a[3]       ; hexsum[1]   ; 3.327 ; 3.327 ; 3.327 ; 3.327 ;
; a[3]       ; hexsum[2]   ; 3.134 ; 3.134 ; 3.134 ; 3.134 ;
; a[3]       ; hexsum[3]   ; 3.135 ; 3.135 ; 3.135 ; 3.135 ;
; a[3]       ; hexsum[4]   ; 3.270 ; 3.270 ; 3.270 ; 3.270 ;
; a[3]       ; hexsum[5]   ; 3.263 ; 3.263 ; 3.263 ; 3.263 ;
; a[3]       ; hexsum[6]   ; 3.276 ; 3.276 ; 3.276 ; 3.276 ;
; a[3]       ; sum[3]      ; 4.181 ; 4.181 ; 4.181 ; 4.181 ;
; b[0]       ; cout        ; 5.491 ; 5.491 ; 5.491 ; 5.491 ;
; b[0]       ; hexb[0]     ; 3.714 ; 3.714 ; 3.714 ; 3.714 ;
; b[0]       ; hexb[1]     ; 3.754 ; 3.754 ; 3.754 ; 3.754 ;
; b[0]       ; hexb[2]     ;       ; 3.798 ; 3.798 ;       ;
; b[0]       ; hexb[3]     ; 3.798 ; 3.798 ; 3.798 ; 3.798 ;
; b[0]       ; hexb[4]     ; 3.792 ;       ;       ; 3.792 ;
; b[0]       ; hexb[5]     ; 3.791 ;       ;       ; 3.791 ;
; b[0]       ; hexb[6]     ; 3.792 ; 3.792 ; 3.792 ; 3.792 ;
; b[0]       ; hexsum[0]   ; 3.996 ; 3.996 ; 3.996 ; 3.996 ;
; b[0]       ; hexsum[1]   ; 4.108 ; 4.108 ; 4.108 ; 4.108 ;
; b[0]       ; hexsum[2]   ; 3.915 ; 3.915 ; 3.915 ; 3.915 ;
; b[0]       ; hexsum[3]   ; 3.915 ; 3.915 ; 3.915 ; 3.915 ;
; b[0]       ; hexsum[4]   ; 4.050 ; 4.050 ; 4.050 ; 4.050 ;
; b[0]       ; hexsum[5]   ; 4.049 ; 4.049 ; 4.049 ; 4.049 ;
; b[0]       ; hexsum[6]   ; 4.056 ; 4.056 ; 4.056 ; 4.056 ;
; b[0]       ; sum[0]      ; 4.916 ; 4.916 ; 4.916 ; 4.916 ;
; b[0]       ; sum[1]      ; 4.985 ; 4.985 ; 4.985 ; 4.985 ;
; b[0]       ; sum[2]      ; 5.755 ; 5.755 ; 5.755 ; 5.755 ;
; b[0]       ; sum[3]      ; 5.633 ; 5.633 ; 5.633 ; 5.633 ;
; b[1]       ; cout        ; 5.147 ;       ;       ; 5.147 ;
; b[1]       ; hexb[0]     ; 3.513 ; 3.513 ; 3.513 ; 3.513 ;
; b[1]       ; hexb[1]     ; 3.562 ; 3.562 ; 3.562 ; 3.562 ;
; b[1]       ; hexb[2]     ; 3.591 ;       ;       ; 3.591 ;
; b[1]       ; hexb[3]     ; 3.595 ; 3.595 ; 3.595 ; 3.595 ;
; b[1]       ; hexb[4]     ;       ; 3.586 ; 3.586 ;       ;
; b[1]       ; hexb[5]     ; 3.587 ; 3.587 ; 3.587 ; 3.587 ;
; b[1]       ; hexb[6]     ; 3.593 ; 3.593 ; 3.593 ; 3.593 ;
; b[1]       ; hexsum[0]   ; 3.747 ; 3.747 ; 3.747 ; 3.747 ;
; b[1]       ; hexsum[1]   ; 3.859 ; 3.859 ; 3.859 ; 3.859 ;
; b[1]       ; hexsum[2]   ; 3.666 ; 3.666 ; 3.666 ; 3.666 ;
; b[1]       ; hexsum[3]   ; 3.665 ; 3.665 ; 3.665 ; 3.665 ;
; b[1]       ; hexsum[4]   ; 3.801 ; 3.801 ; 3.801 ; 3.801 ;
; b[1]       ; hexsum[5]   ; 3.800 ; 3.800 ; 3.800 ; 3.800 ;
; b[1]       ; hexsum[6]   ; 3.807 ; 3.807 ; 3.807 ; 3.807 ;
; b[1]       ; sum[1]      ; 4.643 ; 4.643 ; 4.643 ; 4.643 ;
; b[1]       ; sum[2]      ; 5.415 ; 5.415 ; 5.415 ; 5.415 ;
; b[1]       ; sum[3]      ; 5.289 ; 5.289 ; 5.289 ; 5.289 ;
; b[2]       ; cout        ; 4.904 ;       ;       ; 4.904 ;
; b[2]       ; hexb[0]     ; 3.512 ; 3.512 ; 3.512 ; 3.512 ;
; b[2]       ; hexb[1]     ; 3.552 ;       ;       ; 3.552 ;
; b[2]       ; hexb[2]     ; 3.592 ; 3.592 ; 3.592 ; 3.592 ;
; b[2]       ; hexb[3]     ; 3.595 ; 3.595 ; 3.595 ; 3.595 ;
; b[2]       ; hexb[4]     ; 3.590 ; 3.590 ; 3.590 ; 3.590 ;
; b[2]       ; hexb[5]     ; 3.584 ; 3.584 ; 3.584 ; 3.584 ;
; b[2]       ; hexb[6]     ; 3.589 ; 3.589 ; 3.589 ; 3.589 ;
; b[2]       ; hexsum[0]   ; 3.915 ; 3.915 ; 3.915 ; 3.915 ;
; b[2]       ; hexsum[1]   ; 4.027 ; 4.027 ; 4.027 ; 4.027 ;
; b[2]       ; hexsum[2]   ; 3.837 ; 3.837 ; 3.837 ; 3.837 ;
; b[2]       ; hexsum[3]   ; 3.835 ; 3.835 ; 3.835 ; 3.835 ;
; b[2]       ; hexsum[4]   ; 3.969 ; 3.969 ; 3.969 ; 3.969 ;
; b[2]       ; hexsum[5]   ; 3.965 ; 3.965 ; 3.965 ; 3.965 ;
; b[2]       ; hexsum[6]   ; 3.975 ; 3.975 ; 3.975 ; 3.975 ;
; b[2]       ; sum[2]      ; 5.235 ; 5.235 ; 5.235 ; 5.235 ;
; b[2]       ; sum[3]      ; 5.046 ; 5.046 ; 5.046 ; 5.046 ;
; b[3]       ; cout        ; 4.415 ;       ;       ; 4.415 ;
; b[3]       ; hexb[0]     ; 3.651 ; 3.651 ; 3.651 ; 3.651 ;
; b[3]       ; hexb[1]     ; 3.701 ; 3.701 ; 3.701 ; 3.701 ;
; b[3]       ; hexb[2]     ; 3.735 ; 3.735 ; 3.735 ; 3.735 ;
; b[3]       ; hexb[3]     ; 3.733 ; 3.733 ; 3.733 ; 3.733 ;
; b[3]       ; hexb[4]     ;       ; 3.726 ; 3.726 ;       ;
; b[3]       ; hexb[5]     ; 3.726 ; 3.726 ; 3.726 ; 3.726 ;
; b[3]       ; hexb[6]     ; 3.732 ; 3.732 ; 3.732 ; 3.732 ;
; b[3]       ; hexsum[0]   ; 3.594 ; 3.594 ; 3.594 ; 3.594 ;
; b[3]       ; hexsum[1]   ; 3.704 ; 3.704 ; 3.704 ; 3.704 ;
; b[3]       ; hexsum[2]   ; 3.511 ; 3.511 ; 3.511 ; 3.511 ;
; b[3]       ; hexsum[3]   ; 3.512 ; 3.512 ; 3.512 ; 3.512 ;
; b[3]       ; hexsum[4]   ; 3.647 ; 3.647 ; 3.647 ; 3.647 ;
; b[3]       ; hexsum[5]   ; 3.640 ; 3.640 ; 3.640 ; 3.640 ;
; b[3]       ; hexsum[6]   ; 3.653 ; 3.653 ; 3.653 ; 3.653 ;
; b[3]       ; sum[3]      ; 4.558 ; 4.558 ; 4.558 ; 4.558 ;
; cin        ; cout        ;       ; 7.988 ; 7.988 ;       ;
; cin        ; hexsum[0]   ; 6.491 ; 6.491 ; 6.491 ; 6.491 ;
; cin        ; hexsum[1]   ; 6.603 ; 6.603 ; 6.603 ; 6.603 ;
; cin        ; hexsum[2]   ; 6.410 ; 6.410 ; 6.410 ; 6.410 ;
; cin        ; hexsum[3]   ; 6.410 ; 6.410 ; 6.410 ; 6.410 ;
; cin        ; hexsum[4]   ; 6.545 ; 6.545 ; 6.545 ; 6.545 ;
; cin        ; hexsum[5]   ; 6.544 ; 6.544 ; 6.544 ; 6.544 ;
; cin        ; hexsum[6]   ; 6.551 ; 6.551 ; 6.551 ; 6.551 ;
; cin        ; sum[0]      ; 7.411 ; 7.411 ; 7.411 ; 7.411 ;
; cin        ; sum[1]      ; 7.482 ; 7.482 ; 7.482 ; 7.482 ;
; cin        ; sum[2]      ; 8.252 ; 8.252 ; 8.252 ; 8.252 ;
; cin        ; sum[3]      ; 8.130 ; 8.130 ; 8.130 ; 8.130 ;
+------------+-------------+-------+-------+-------+-------+


-------------------
; Clock Transfers ;
-------------------
Nothing to report.


---------------
; Report TCCS ;
---------------
No dedicated SERDES Transmitter circuitry present in device or used in design


---------------
; Report RSKM ;
---------------
No dedicated SERDES Receiver circuitry present in device or used in design


+------------------------------------------------+
; Unconstrained Paths                            ;
+---------------------------------+-------+------+
; Property                        ; Setup ; Hold ;
+---------------------------------+-------+------+
; Illegal Clocks                  ; 0     ; 0    ;
; Unconstrained Clocks            ; 0     ; 0    ;
; Unconstrained Input Ports       ; 9     ; 9    ;
; Unconstrained Input Port Paths  ; 152   ; 152  ;
; Unconstrained Output Ports      ; 26    ; 26   ;
; Unconstrained Output Port Paths ; 152   ; 152  ;
+---------------------------------+-------+------+


+------------------------------------+
; TimeQuest Timing Analyzer Messages ;
+------------------------------------+
Info: *******************************************************************
Info: Running Quartus II 64-Bit TimeQuest Timing Analyzer
    Info: Version 13.0.1 Build 232 06/12/2013 Service Pack 1 SJ Web Edition
    Info: Processing started: Sun Jan 15 21:39:44 2017
Info: Command: quartus_sta volladdierer_8bit -c volladdierer_8bit
Info: qsta_default_script.tcl version: #1
Warning (20028): Parallel compilation is not licensed and has been disabled
Info (21077): Low junction temperature is 0 degrees C
Info (21077): High junction temperature is 85 degrees C
Critical Warning (332012): Synopsys Design Constraints File file not found: 'volladdierer_8bit.sdc'. A Synopsys Design Constraints File is required by the TimeQuest Timing Analyzer to get proper timing constraints. Without it, the Compiler will not properly optimize the design.
Info (332142): No user constrained base clocks found in the design. Calling "derive_clocks -period 1.0"
Info (332096): The command derive_clocks did not find any clocks to derive.  No clocks were created or changed.
Warning (332068): No clocks defined in design.
Info: Found TIMEQUEST_REPORT_SCRIPT_INCLUDE_DEFAULT_ANALYSIS = ON
Info (332159): No clocks to report
Info: Analyzing Slow Model
Info (332140): No fmax paths to report
Info (332140): No Setup paths to report
Info (332140): No Hold paths to report
Info (332140): No Recovery paths to report
Info (332140): No Removal paths to report
Info (332140): No Minimum Pulse Width paths to report
Info (332001): The selected device family is not supported by the report_metastability command.
Info: Analyzing Fast Model
Info (332142): No user constrained base clocks found in the design. Calling "derive_clocks -period 1.0"
Info (332096): The command derive_clocks did not find any clocks to derive.  No clocks were created or changed.
Warning (332068): No clocks defined in design.
Info (332140): No Setup paths to report
Info (332140): No Hold paths to report
Info (332140): No Recovery paths to report
Info (332140): No Removal paths to report
Info (332140): No Minimum Pulse Width paths to report
Info (332001): The selected device family is not supported by the report_metastability command.
Info (332102): Design is not fully constrained for setup requirements
Info (332102): Design is not fully constrained for hold requirements
Info: Quartus II 64-Bit TimeQuest Timing Analyzer was successful. 0 errors, 4 warnings
    Info: Peak virtual memory: 428 megabytes
    Info: Processing ended: Sun Jan 15 21:39:45 2017
    Info: Elapsed time: 00:00:01
    Info: Total CPU time (on all processors): 00:00:01


