TimeQuest Timing Analyzer report for eightbit
Wed Jan 18 12:32:41 2017
Quartus II 32-bit Version 13.0.1 Build 232 06/12/2013 Service Pack 1 SJ Web Edition


---------------------
; Table of Contents ;
---------------------
  1. Legal Notice
  2. TimeQuest Timing Analyzer Summary
  3. Parallel Compilation
  4. Clocks
  5. Slow Model Fmax Summary
  6. Slow Model Setup Summary
  7. Slow Model Hold Summary
  8. Slow Model Recovery Summary
  9. Slow Model Removal Summary
 10. Slow Model Minimum Pulse Width Summary
 11. Propagation Delay
 12. Minimum Propagation Delay
 13. Fast Model Setup Summary
 14. Fast Model Hold Summary
 15. Fast Model Recovery Summary
 16. Fast Model Removal Summary
 17. Fast Model Minimum Pulse Width Summary
 18. Propagation Delay
 19. Minimum Propagation Delay
 20. Multicorner Timing Analysis Summary
 21. Progagation Delay
 22. Minimum Progagation Delay
 23. Clock Transfers
 24. Report TCCS
 25. Report RSKM
 26. Unconstrained Paths
 27. TimeQuest Timing Analyzer Messages



----------------
; Legal Notice ;
----------------
Copyright (C) 1991-2013 Altera Corporation
Your use of Altera Corporation's design tools, logic functions 
and other software and tools, and its AMPP partner logic 
functions, and any output files from any of the foregoing 
(including device programming or simulation files), and any 
associated documentation or information are expressly subject 
to the terms and conditions of the Altera Program License 
Subscription Agreement, Altera MegaCore Function License 
Agreement, or other applicable license agreement, including, 
without limitation, that your use is for the sole purpose of 
programming logic devices manufactured by Altera and sold by 
Altera or its authorized distributors.  Please refer to the 
applicable agreement for further details.



+----------------------------------------------------------------------------------------+
; TimeQuest Timing Analyzer Summary                                                      ;
+--------------------+-------------------------------------------------------------------+
; Quartus II Version ; Version 13.0.1 Build 232 06/12/2013 Service Pack 1 SJ Web Edition ;
; Revision Name      ; eightbit                                                          ;
; Device Family      ; Cyclone II                                                        ;
; Device Name        ; EP2C20F484C7                                                      ;
; Timing Models      ; Final                                                             ;
; Delay Model        ; Combined                                                          ;
; Rise/Fall Delays   ; Unavailable                                                       ;
+--------------------+-------------------------------------------------------------------+


Parallel compilation was disabled, but you have multiple processors available. Enable parallel compilation to reduce compilation time.
+-------------------------------------+
; Parallel Compilation                ;
+----------------------------+--------+
; Processors                 ; Number ;
+----------------------------+--------+
; Number detected on machine ; 4      ;
; Maximum allowed            ; 1      ;
+----------------------------+--------+


----------
; Clocks ;
----------
No clocks to report.


---------------------------
; Slow Model Fmax Summary ;
---------------------------
No paths to report.


----------------------------
; Slow Model Setup Summary ;
----------------------------
No paths to report.


---------------------------
; Slow Model Hold Summary ;
---------------------------
No paths to report.


-------------------------------
; Slow Model Recovery Summary ;
-------------------------------
No paths to report.


------------------------------
; Slow Model Removal Summary ;
------------------------------
No paths to report.


------------------------------------------
; Slow Model Minimum Pulse Width Summary ;
------------------------------------------
No paths to report.


+--------------------------------------------------------------+
; Propagation Delay                                            ;
+------------+-------------+--------+--------+--------+--------+
; Input Port ; Output Port ; RR     ; RF     ; FR     ; FF     ;
+------------+-------------+--------+--------+--------+--------+
; carryin    ; carryout    ;        ; 19.017 ; 19.017 ;        ;
; carryin    ; hex2[0]     ; 15.884 ; 15.884 ; 15.884 ; 15.884 ;
; carryin    ; hex2[1]     ; 15.895 ; 15.895 ; 15.895 ; 15.895 ;
; carryin    ; hex2[2]     ; 15.927 ; 15.927 ; 15.927 ; 15.927 ;
; carryin    ; hex2[3]     ; 15.935 ; 15.935 ; 15.935 ; 15.935 ;
; carryin    ; hex2[4]     ; 15.921 ; 15.921 ; 15.921 ; 15.921 ;
; carryin    ; hex2[5]     ; 15.920 ; 15.920 ; 15.920 ; 15.920 ;
; carryin    ; hex2[6]     ; 15.938 ; 15.938 ; 15.938 ; 15.938 ;
; inputa[0]  ; carryout    ; 14.605 ; 14.605 ; 14.605 ; 14.605 ;
; inputa[0]  ; hex0[0]     ; 6.848  ; 6.848  ; 6.848  ; 6.848  ;
; inputa[0]  ; hex0[1]     ; 6.876  ; 6.876  ; 6.876  ; 6.876  ;
; inputa[0]  ; hex0[2]     ;        ; 7.220  ; 7.220  ;        ;
; inputa[0]  ; hex0[3]     ; 7.218  ; 7.218  ; 7.218  ; 7.218  ;
; inputa[0]  ; hex0[4]     ; 7.235  ;        ;        ; 7.235  ;
; inputa[0]  ; hex0[5]     ; 7.514  ;        ;        ; 7.514  ;
; inputa[0]  ; hex0[6]     ; 7.231  ; 7.231  ; 7.231  ; 7.231  ;
; inputa[0]  ; hex2[0]     ; 11.472 ; 11.472 ; 11.472 ; 11.472 ;
; inputa[0]  ; hex2[1]     ; 11.483 ; 11.483 ; 11.483 ; 11.483 ;
; inputa[0]  ; hex2[2]     ; 11.515 ; 11.515 ; 11.515 ; 11.515 ;
; inputa[0]  ; hex2[3]     ; 11.523 ; 11.523 ; 11.523 ; 11.523 ;
; inputa[0]  ; hex2[4]     ; 11.509 ; 11.509 ; 11.509 ; 11.509 ;
; inputa[0]  ; hex2[5]     ; 11.508 ; 11.508 ; 11.508 ; 11.508 ;
; inputa[0]  ; hex2[6]     ; 11.526 ; 11.526 ; 11.526 ; 11.526 ;
; inputa[1]  ; carryout    ; 13.743 ;        ;        ; 13.743 ;
; inputa[1]  ; hex0[0]     ; 7.402  ; 7.402  ; 7.402  ; 7.402  ;
; inputa[1]  ; hex0[1]     ; 7.467  ; 7.467  ; 7.467  ; 7.467  ;
; inputa[1]  ; hex0[2]     ; 7.811  ;        ;        ; 7.811  ;
; inputa[1]  ; hex0[3]     ; 7.809  ; 7.809  ; 7.809  ; 7.809  ;
; inputa[1]  ; hex0[4]     ;        ; 7.783  ; 7.783  ;        ;
; inputa[1]  ; hex0[5]     ; 8.100  ; 8.100  ; 8.100  ; 8.100  ;
; inputa[1]  ; hex0[6]     ; 7.819  ; 7.819  ; 7.819  ; 7.819  ;
; inputa[1]  ; hex2[0]     ; 10.610 ; 10.610 ; 10.610 ; 10.610 ;
; inputa[1]  ; hex2[1]     ; 10.621 ; 10.621 ; 10.621 ; 10.621 ;
; inputa[1]  ; hex2[2]     ; 10.653 ; 10.653 ; 10.653 ; 10.653 ;
; inputa[1]  ; hex2[3]     ; 10.661 ; 10.661 ; 10.661 ; 10.661 ;
; inputa[1]  ; hex2[4]     ; 10.647 ; 10.647 ; 10.647 ; 10.647 ;
; inputa[1]  ; hex2[5]     ; 10.646 ; 10.646 ; 10.646 ; 10.646 ;
; inputa[1]  ; hex2[6]     ; 10.664 ; 10.664 ; 10.664 ; 10.664 ;
; inputa[2]  ; carryout    ; 12.820 ;        ;        ; 12.820 ;
; inputa[2]  ; hex0[0]     ; 7.124  ; 7.124  ; 7.124  ; 7.124  ;
; inputa[2]  ; hex0[1]     ; 7.159  ;        ;        ; 7.159  ;
; inputa[2]  ; hex0[2]     ; 7.496  ; 7.496  ; 7.496  ; 7.496  ;
; inputa[2]  ; hex0[3]     ; 7.498  ; 7.498  ; 7.498  ; 7.498  ;
; inputa[2]  ; hex0[4]     ; 7.525  ; 7.525  ; 7.525  ; 7.525  ;
; inputa[2]  ; hex0[5]     ; 7.790  ; 7.790  ; 7.790  ; 7.790  ;
; inputa[2]  ; hex0[6]     ; 7.525  ; 7.525  ; 7.525  ; 7.525  ;
; inputa[2]  ; hex2[0]     ; 9.687  ; 9.687  ; 9.687  ; 9.687  ;
; inputa[2]  ; hex2[1]     ; 9.698  ; 9.698  ; 9.698  ; 9.698  ;
; inputa[2]  ; hex2[2]     ; 9.730  ; 9.730  ; 9.730  ; 9.730  ;
; inputa[2]  ; hex2[3]     ; 9.738  ; 9.738  ; 9.738  ; 9.738  ;
; inputa[2]  ; hex2[4]     ; 9.724  ; 9.724  ; 9.724  ; 9.724  ;
; inputa[2]  ; hex2[5]     ; 9.723  ; 9.723  ; 9.723  ; 9.723  ;
; inputa[2]  ; hex2[6]     ; 9.741  ; 9.741  ; 9.741  ; 9.741  ;
; inputa[3]  ; carryout    ; 10.171 ;        ;        ; 10.171 ;
; inputa[3]  ; hex0[0]     ; 6.096  ; 6.096  ; 6.096  ; 6.096  ;
; inputa[3]  ; hex0[1]     ; 6.162  ; 6.162  ; 6.162  ; 6.162  ;
; inputa[3]  ; hex0[2]     ; 6.500  ; 6.500  ; 6.500  ; 6.500  ;
; inputa[3]  ; hex0[3]     ; 6.497  ; 6.497  ; 6.497  ; 6.497  ;
; inputa[3]  ; hex0[4]     ;        ; 6.490  ; 6.490  ;        ;
; inputa[3]  ; hex0[5]     ; 6.762  ; 6.762  ; 6.762  ; 6.762  ;
; inputa[3]  ; hex0[6]     ; 6.523  ; 6.523  ; 6.523  ; 6.523  ;
; inputa[3]  ; hex2[0]     ; 7.021  ; 7.021  ; 7.021  ; 7.021  ;
; inputa[3]  ; hex2[1]     ; 7.032  ; 7.032  ; 7.032  ; 7.032  ;
; inputa[3]  ; hex2[2]     ; 7.064  ; 7.064  ; 7.064  ; 7.064  ;
; inputa[3]  ; hex2[3]     ; 7.072  ; 7.072  ; 7.072  ; 7.072  ;
; inputa[3]  ; hex2[4]     ; 7.058  ; 7.058  ; 7.058  ; 7.058  ;
; inputa[3]  ; hex2[5]     ; 7.057  ; 7.057  ; 7.057  ; 7.057  ;
; inputa[3]  ; hex2[6]     ; 7.075  ; 7.075  ; 7.075  ; 7.075  ;
; inputb[0]  ; carryout    ; 14.704 ; 14.704 ; 14.704 ; 14.704 ;
; inputb[0]  ; hex1[0]     ; 7.855  ; 7.855  ; 7.855  ; 7.855  ;
; inputb[0]  ; hex1[1]     ; 7.473  ; 7.473  ; 7.473  ; 7.473  ;
; inputb[0]  ; hex1[2]     ;        ; 7.482  ; 7.482  ;        ;
; inputb[0]  ; hex1[3]     ; 7.486  ; 7.486  ; 7.486  ; 7.486  ;
; inputb[0]  ; hex1[4]     ; 7.493  ;        ;        ; 7.493  ;
; inputb[0]  ; hex1[5]     ; 7.856  ;        ;        ; 7.856  ;
; inputb[0]  ; hex1[6]     ; 7.856  ; 7.856  ; 7.856  ; 7.856  ;
; inputb[0]  ; hex2[0]     ; 11.571 ; 11.571 ; 11.571 ; 11.571 ;
; inputb[0]  ; hex2[1]     ; 11.582 ; 11.582 ; 11.582 ; 11.582 ;
; inputb[0]  ; hex2[2]     ; 11.614 ; 11.614 ; 11.614 ; 11.614 ;
; inputb[0]  ; hex2[3]     ; 11.622 ; 11.622 ; 11.622 ; 11.622 ;
; inputb[0]  ; hex2[4]     ; 11.608 ; 11.608 ; 11.608 ; 11.608 ;
; inputb[0]  ; hex2[5]     ; 11.607 ; 11.607 ; 11.607 ; 11.607 ;
; inputb[0]  ; hex2[6]     ; 11.625 ; 11.625 ; 11.625 ; 11.625 ;
; inputb[1]  ; carryout    ; 13.800 ;        ;        ; 13.800 ;
; inputb[1]  ; hex1[0]     ; 8.091  ; 8.091  ; 8.091  ; 8.091  ;
; inputb[1]  ; hex1[1]     ; 7.711  ; 7.711  ; 7.711  ; 7.711  ;
; inputb[1]  ; hex1[2]     ; 7.724  ;        ;        ; 7.724  ;
; inputb[1]  ; hex1[3]     ; 7.720  ; 7.720  ; 7.720  ; 7.720  ;
; inputb[1]  ; hex1[4]     ;        ; 7.735  ; 7.735  ;        ;
; inputb[1]  ; hex1[5]     ; 8.093  ; 8.093  ; 8.093  ; 8.093  ;
; inputb[1]  ; hex1[6]     ; 8.097  ; 8.097  ; 8.097  ; 8.097  ;
; inputb[1]  ; hex2[0]     ; 10.667 ; 10.667 ; 10.667 ; 10.667 ;
; inputb[1]  ; hex2[1]     ; 10.678 ; 10.678 ; 10.678 ; 10.678 ;
; inputb[1]  ; hex2[2]     ; 10.710 ; 10.710 ; 10.710 ; 10.710 ;
; inputb[1]  ; hex2[3]     ; 10.718 ; 10.718 ; 10.718 ; 10.718 ;
; inputb[1]  ; hex2[4]     ; 10.704 ; 10.704 ; 10.704 ; 10.704 ;
; inputb[1]  ; hex2[5]     ; 10.703 ; 10.703 ; 10.703 ; 10.703 ;
; inputb[1]  ; hex2[6]     ; 10.721 ; 10.721 ; 10.721 ; 10.721 ;
; inputb[2]  ; carryout    ; 13.390 ;        ;        ; 13.390 ;
; inputb[2]  ; hex1[0]     ; 7.803  ; 7.803  ; 7.803  ; 7.803  ;
; inputb[2]  ; hex1[1]     ; 7.421  ;        ;        ; 7.421  ;
; inputb[2]  ; hex1[2]     ; 7.434  ; 7.434  ; 7.434  ; 7.434  ;
; inputb[2]  ; hex1[3]     ; 7.434  ; 7.434  ; 7.434  ; 7.434  ;
; inputb[2]  ; hex1[4]     ; 7.437  ; 7.437  ; 7.437  ; 7.437  ;
; inputb[2]  ; hex1[5]     ; 7.803  ; 7.803  ; 7.803  ; 7.803  ;
; inputb[2]  ; hex1[6]     ; 7.795  ; 7.795  ; 7.795  ; 7.795  ;
; inputb[2]  ; hex2[0]     ; 10.257 ; 10.257 ; 10.257 ; 10.257 ;
; inputb[2]  ; hex2[1]     ; 10.268 ; 10.268 ; 10.268 ; 10.268 ;
; inputb[2]  ; hex2[2]     ; 10.300 ; 10.300 ; 10.300 ; 10.300 ;
; inputb[2]  ; hex2[3]     ; 10.308 ; 10.308 ; 10.308 ; 10.308 ;
; inputb[2]  ; hex2[4]     ; 10.294 ; 10.294 ; 10.294 ; 10.294 ;
; inputb[2]  ; hex2[5]     ; 10.293 ; 10.293 ; 10.293 ; 10.293 ;
; inputb[2]  ; hex2[6]     ; 10.311 ; 10.311 ; 10.311 ; 10.311 ;
; inputb[3]  ; carryout    ; 11.132 ;        ;        ; 11.132 ;
; inputb[3]  ; hex1[0]     ; 7.697  ; 7.697  ; 7.697  ; 7.697  ;
; inputb[3]  ; hex1[1]     ; 7.325  ; 7.325  ; 7.325  ; 7.325  ;
; inputb[3]  ; hex1[2]     ; 7.309  ; 7.309  ; 7.309  ; 7.309  ;
; inputb[3]  ; hex1[3]     ; 7.328  ; 7.328  ; 7.328  ; 7.328  ;
; inputb[3]  ; hex1[4]     ;        ; 7.344  ; 7.344  ;        ;
; inputb[3]  ; hex1[5]     ; 7.663  ; 7.663  ; 7.663  ; 7.663  ;
; inputb[3]  ; hex1[6]     ; 7.710  ; 7.710  ; 7.710  ; 7.710  ;
; inputb[3]  ; hex2[0]     ; 7.981  ; 7.981  ; 7.981  ; 7.981  ;
; inputb[3]  ; hex2[1]     ; 7.992  ; 7.992  ; 7.992  ; 7.992  ;
; inputb[3]  ; hex2[2]     ; 8.024  ; 8.024  ; 8.024  ; 8.024  ;
; inputb[3]  ; hex2[3]     ; 8.032  ; 8.032  ; 8.032  ; 8.032  ;
; inputb[3]  ; hex2[4]     ; 8.018  ; 8.018  ; 8.018  ; 8.018  ;
; inputb[3]  ; hex2[5]     ; 8.017  ; 8.017  ; 8.017  ; 8.017  ;
; inputb[3]  ; hex2[6]     ; 8.035  ; 8.035  ; 8.035  ; 8.035  ;
+------------+-------------+--------+--------+--------+--------+


+--------------------------------------------------------------+
; Minimum Propagation Delay                                    ;
+------------+-------------+--------+--------+--------+--------+
; Input Port ; Output Port ; RR     ; RF     ; FR     ; FF     ;
+------------+-------------+--------+--------+--------+--------+
; carryin    ; carryout    ;        ; 19.017 ; 19.017 ;        ;
; carryin    ; hex2[0]     ; 13.559 ; 13.559 ; 13.559 ; 13.559 ;
; carryin    ; hex2[1]     ; 13.575 ; 13.575 ; 13.575 ; 13.575 ;
; carryin    ; hex2[2]     ; 13.618 ; 13.618 ; 13.618 ; 13.618 ;
; carryin    ; hex2[3]     ; 13.613 ; 13.613 ; 13.613 ; 13.613 ;
; carryin    ; hex2[4]     ; 13.613 ; 13.613 ; 13.613 ; 13.613 ;
; carryin    ; hex2[5]     ; 13.565 ; 13.565 ; 13.565 ; 13.565 ;
; carryin    ; hex2[6]     ; 13.627 ; 13.627 ; 13.627 ; 13.627 ;
; inputa[0]  ; carryout    ; 14.534 ; 14.605 ; 14.605 ; 14.534 ;
; inputa[0]  ; hex0[0]     ; 6.848  ; 6.848  ; 6.848  ; 6.848  ;
; inputa[0]  ; hex0[1]     ; 6.876  ; 6.876  ; 6.876  ; 6.876  ;
; inputa[0]  ; hex0[2]     ;        ; 7.220  ; 7.220  ;        ;
; inputa[0]  ; hex0[3]     ; 7.218  ; 7.218  ; 7.218  ; 7.218  ;
; inputa[0]  ; hex0[4]     ; 7.235  ;        ;        ; 7.235  ;
; inputa[0]  ; hex0[5]     ; 7.514  ;        ;        ; 7.514  ;
; inputa[0]  ; hex0[6]     ; 7.231  ; 7.231  ; 7.231  ; 7.231  ;
; inputa[0]  ; hex2[0]     ; 9.093  ; 9.093  ; 9.093  ; 9.093  ;
; inputa[0]  ; hex2[1]     ; 9.109  ; 9.109  ; 9.109  ; 9.109  ;
; inputa[0]  ; hex2[2]     ; 9.152  ; 9.152  ; 9.152  ; 9.152  ;
; inputa[0]  ; hex2[3]     ; 9.147  ; 9.147  ; 9.147  ; 9.147  ;
; inputa[0]  ; hex2[4]     ; 9.147  ; 9.147  ; 9.147  ; 9.147  ;
; inputa[0]  ; hex2[5]     ; 9.099  ; 9.099  ; 9.099  ; 9.099  ;
; inputa[0]  ; hex2[6]     ; 9.161  ; 9.161  ; 9.161  ; 9.161  ;
; inputa[1]  ; carryout    ; 13.743 ;        ;        ; 13.743 ;
; inputa[1]  ; hex0[0]     ; 7.402  ; 7.402  ; 7.402  ; 7.402  ;
; inputa[1]  ; hex0[1]     ; 7.467  ; 7.467  ; 7.467  ; 7.467  ;
; inputa[1]  ; hex0[2]     ; 7.811  ;        ;        ; 7.811  ;
; inputa[1]  ; hex0[3]     ; 7.809  ; 7.809  ; 7.809  ; 7.809  ;
; inputa[1]  ; hex0[4]     ;        ; 7.783  ; 7.783  ;        ;
; inputa[1]  ; hex0[5]     ; 8.100  ; 8.100  ; 8.100  ; 8.100  ;
; inputa[1]  ; hex0[6]     ; 7.819  ; 7.819  ; 7.819  ; 7.819  ;
; inputa[1]  ; hex2[0]     ; 8.736  ; 8.736  ; 8.736  ; 8.736  ;
; inputa[1]  ; hex2[1]     ; 8.750  ; 8.750  ; 8.750  ; 8.750  ;
; inputa[1]  ; hex2[2]     ; 8.802  ; 8.802  ; 8.802  ; 8.802  ;
; inputa[1]  ; hex2[3]     ; 8.786  ; 8.786  ; 8.786  ; 8.786  ;
; inputa[1]  ; hex2[4]     ; 8.800  ; 8.800  ; 8.800  ; 8.800  ;
; inputa[1]  ; hex2[5]     ; 8.784  ; 8.784  ; 8.784  ; 8.784  ;
; inputa[1]  ; hex2[6]     ; 8.805  ; 8.805  ; 8.805  ; 8.805  ;
; inputa[2]  ; carryout    ; 12.820 ;        ;        ; 12.820 ;
; inputa[2]  ; hex0[0]     ; 7.124  ; 7.124  ; 7.124  ; 7.124  ;
; inputa[2]  ; hex0[1]     ; 7.159  ;        ;        ; 7.159  ;
; inputa[2]  ; hex0[2]     ; 7.496  ; 7.496  ; 7.496  ; 7.496  ;
; inputa[2]  ; hex0[3]     ; 7.498  ; 7.498  ; 7.498  ; 7.498  ;
; inputa[2]  ; hex0[4]     ; 7.525  ; 7.525  ; 7.525  ; 7.525  ;
; inputa[2]  ; hex0[5]     ; 7.790  ; 7.790  ; 7.790  ; 7.790  ;
; inputa[2]  ; hex0[6]     ; 7.525  ; 7.525  ; 7.525  ; 7.525  ;
; inputa[2]  ; hex2[0]     ; 8.942  ; 8.942  ; 8.942  ; 8.942  ;
; inputa[2]  ; hex2[1]     ; 8.954  ; 8.954  ; 8.954  ; 8.954  ;
; inputa[2]  ; hex2[2]     ; 8.987  ; 8.987  ; 8.987  ; 8.987  ;
; inputa[2]  ; hex2[3]     ; 8.994  ; 8.994  ; 8.994  ; 8.994  ;
; inputa[2]  ; hex2[4]     ; 8.983  ; 8.983  ; 8.983  ; 8.983  ;
; inputa[2]  ; hex2[5]     ; 8.975  ; 8.975  ; 8.975  ; 8.975  ;
; inputa[2]  ; hex2[6]     ; 9.000  ; 9.000  ; 9.000  ; 9.000  ;
; inputa[3]  ; carryout    ; 10.171 ;        ;        ; 10.171 ;
; inputa[3]  ; hex0[0]     ; 6.096  ; 6.096  ; 6.096  ; 6.096  ;
; inputa[3]  ; hex0[1]     ; 6.162  ; 6.162  ; 6.162  ; 6.162  ;
; inputa[3]  ; hex0[2]     ; 6.500  ; 6.500  ; 6.500  ; 6.500  ;
; inputa[3]  ; hex0[3]     ; 6.497  ; 6.497  ; 6.497  ; 6.497  ;
; inputa[3]  ; hex0[4]     ;        ; 6.490  ; 6.490  ;        ;
; inputa[3]  ; hex0[5]     ; 6.762  ; 6.762  ; 6.762  ; 6.762  ;
; inputa[3]  ; hex0[6]     ; 6.523  ; 6.523  ; 6.523  ; 6.523  ;
; inputa[3]  ; hex2[0]     ; 7.021  ; 7.021  ; 7.021  ; 7.021  ;
; inputa[3]  ; hex2[1]     ; 7.032  ; 7.032  ; 7.032  ; 7.032  ;
; inputa[3]  ; hex2[2]     ; 7.064  ; 7.064  ; 7.064  ; 7.064  ;
; inputa[3]  ; hex2[3]     ; 7.072  ; 7.072  ; 7.072  ; 7.072  ;
; inputa[3]  ; hex2[4]     ; 7.058  ; 7.058  ; 7.058  ; 7.058  ;
; inputa[3]  ; hex2[5]     ; 7.057  ; 7.057  ; 7.057  ; 7.057  ;
; inputa[3]  ; hex2[6]     ; 7.075  ; 7.075  ; 7.075  ; 7.075  ;
; inputb[0]  ; carryout    ; 14.665 ; 14.704 ; 14.704 ; 14.665 ;
; inputb[0]  ; hex1[0]     ; 7.855  ; 7.855  ; 7.855  ; 7.855  ;
; inputb[0]  ; hex1[1]     ; 7.473  ; 7.473  ; 7.473  ; 7.473  ;
; inputb[0]  ; hex1[2]     ;        ; 7.482  ; 7.482  ;        ;
; inputb[0]  ; hex1[3]     ; 7.486  ; 7.486  ; 7.486  ; 7.486  ;
; inputb[0]  ; hex1[4]     ; 7.493  ;        ;        ; 7.493  ;
; inputb[0]  ; hex1[5]     ; 7.856  ;        ;        ; 7.856  ;
; inputb[0]  ; hex1[6]     ; 7.856  ; 7.856  ; 7.856  ; 7.856  ;
; inputb[0]  ; hex2[0]     ; 9.191  ; 9.191  ; 9.191  ; 9.191  ;
; inputb[0]  ; hex2[1]     ; 9.207  ; 9.207  ; 9.207  ; 9.207  ;
; inputb[0]  ; hex2[2]     ; 9.250  ; 9.250  ; 9.250  ; 9.250  ;
; inputb[0]  ; hex2[3]     ; 9.245  ; 9.245  ; 9.245  ; 9.245  ;
; inputb[0]  ; hex2[4]     ; 9.245  ; 9.245  ; 9.245  ; 9.245  ;
; inputb[0]  ; hex2[5]     ; 9.197  ; 9.197  ; 9.197  ; 9.197  ;
; inputb[0]  ; hex2[6]     ; 9.259  ; 9.259  ; 9.259  ; 9.259  ;
; inputb[1]  ; carryout    ; 13.800 ;        ;        ; 13.800 ;
; inputb[1]  ; hex1[0]     ; 8.091  ; 8.091  ; 8.091  ; 8.091  ;
; inputb[1]  ; hex1[1]     ; 7.711  ; 7.711  ; 7.711  ; 7.711  ;
; inputb[1]  ; hex1[2]     ; 7.724  ;        ;        ; 7.724  ;
; inputb[1]  ; hex1[3]     ; 7.720  ; 7.720  ; 7.720  ; 7.720  ;
; inputb[1]  ; hex1[4]     ;        ; 7.735  ; 7.735  ;        ;
; inputb[1]  ; hex1[5]     ; 8.093  ; 8.093  ; 8.093  ; 8.093  ;
; inputb[1]  ; hex1[6]     ; 8.097  ; 8.097  ; 8.097  ; 8.097  ;
; inputb[1]  ; hex2[0]     ; 8.806  ; 8.806  ; 8.806  ; 8.806  ;
; inputb[1]  ; hex2[1]     ; 8.820  ; 8.820  ; 8.820  ; 8.820  ;
; inputb[1]  ; hex2[2]     ; 8.872  ; 8.872  ; 8.872  ; 8.872  ;
; inputb[1]  ; hex2[3]     ; 8.856  ; 8.856  ; 8.856  ; 8.856  ;
; inputb[1]  ; hex2[4]     ; 8.870  ; 8.870  ; 8.870  ; 8.870  ;
; inputb[1]  ; hex2[5]     ; 8.854  ; 8.854  ; 8.854  ; 8.854  ;
; inputb[1]  ; hex2[6]     ; 8.875  ; 8.875  ; 8.875  ; 8.875  ;
; inputb[2]  ; carryout    ; 13.390 ;        ;        ; 13.390 ;
; inputb[2]  ; hex1[0]     ; 7.803  ; 7.803  ; 7.803  ; 7.803  ;
; inputb[2]  ; hex1[1]     ; 7.421  ;        ;        ; 7.421  ;
; inputb[2]  ; hex1[2]     ; 7.434  ; 7.434  ; 7.434  ; 7.434  ;
; inputb[2]  ; hex1[3]     ; 7.434  ; 7.434  ; 7.434  ; 7.434  ;
; inputb[2]  ; hex1[4]     ; 7.437  ; 7.437  ; 7.437  ; 7.437  ;
; inputb[2]  ; hex1[5]     ; 7.803  ; 7.803  ; 7.803  ; 7.803  ;
; inputb[2]  ; hex1[6]     ; 7.795  ; 7.795  ; 7.795  ; 7.795  ;
; inputb[2]  ; hex2[0]     ; 9.514  ; 9.514  ; 9.514  ; 9.514  ;
; inputb[2]  ; hex2[1]     ; 9.526  ; 9.526  ; 9.526  ; 9.526  ;
; inputb[2]  ; hex2[2]     ; 9.559  ; 9.559  ; 9.559  ; 9.559  ;
; inputb[2]  ; hex2[3]     ; 9.566  ; 9.566  ; 9.566  ; 9.566  ;
; inputb[2]  ; hex2[4]     ; 9.555  ; 9.555  ; 9.555  ; 9.555  ;
; inputb[2]  ; hex2[5]     ; 9.547  ; 9.547  ; 9.547  ; 9.547  ;
; inputb[2]  ; hex2[6]     ; 9.572  ; 9.572  ; 9.572  ; 9.572  ;
; inputb[3]  ; carryout    ; 11.132 ;        ;        ; 11.132 ;
; inputb[3]  ; hex1[0]     ; 7.697  ; 7.697  ; 7.697  ; 7.697  ;
; inputb[3]  ; hex1[1]     ; 7.325  ; 7.325  ; 7.325  ; 7.325  ;
; inputb[3]  ; hex1[2]     ; 7.309  ; 7.309  ; 7.309  ; 7.309  ;
; inputb[3]  ; hex1[3]     ; 7.328  ; 7.328  ; 7.328  ; 7.328  ;
; inputb[3]  ; hex1[4]     ;        ; 7.344  ; 7.344  ;        ;
; inputb[3]  ; hex1[5]     ; 7.663  ; 7.663  ; 7.663  ; 7.663  ;
; inputb[3]  ; hex1[6]     ; 7.710  ; 7.710  ; 7.710  ; 7.710  ;
; inputb[3]  ; hex2[0]     ; 7.981  ; 7.981  ; 7.981  ; 7.981  ;
; inputb[3]  ; hex2[1]     ; 7.992  ; 7.992  ; 7.992  ; 7.992  ;
; inputb[3]  ; hex2[2]     ; 8.024  ; 8.024  ; 8.024  ; 8.024  ;
; inputb[3]  ; hex2[3]     ; 8.032  ; 8.032  ; 8.032  ; 8.032  ;
; inputb[3]  ; hex2[4]     ; 8.018  ; 8.018  ; 8.018  ; 8.018  ;
; inputb[3]  ; hex2[5]     ; 8.017  ; 8.017  ; 8.017  ; 8.017  ;
; inputb[3]  ; hex2[6]     ; 8.035  ; 8.035  ; 8.035  ; 8.035  ;
+------------+-------------+--------+--------+--------+--------+


----------------------------
; Fast Model Setup Summary ;
----------------------------
No paths to report.


---------------------------
; Fast Model Hold Summary ;
---------------------------
No paths to report.


-------------------------------
; Fast Model Recovery Summary ;
-------------------------------
No paths to report.


------------------------------
; Fast Model Removal Summary ;
------------------------------
No paths to report.


------------------------------------------
; Fast Model Minimum Pulse Width Summary ;
------------------------------------------
No paths to report.


+----------------------------------------------------------+
; Propagation Delay                                        ;
+------------+-------------+-------+-------+-------+-------+
; Input Port ; Output Port ; RR    ; RF    ; FR    ; FF    ;
+------------+-------------+-------+-------+-------+-------+
; carryin    ; carryout    ;       ; 8.848 ; 8.848 ;       ;
; carryin    ; hex2[0]     ; 7.440 ; 7.440 ; 7.440 ; 7.440 ;
; carryin    ; hex2[1]     ; 7.448 ; 7.448 ; 7.448 ; 7.448 ;
; carryin    ; hex2[2]     ; 7.478 ; 7.478 ; 7.478 ; 7.478 ;
; carryin    ; hex2[3]     ; 7.488 ; 7.488 ; 7.488 ; 7.488 ;
; carryin    ; hex2[4]     ; 7.473 ; 7.473 ; 7.473 ; 7.473 ;
; carryin    ; hex2[5]     ; 7.470 ; 7.470 ; 7.470 ; 7.470 ;
; carryin    ; hex2[6]     ; 7.488 ; 7.488 ; 7.488 ; 7.488 ;
; inputa[0]  ; carryout    ; 6.311 ; 6.311 ; 6.311 ; 6.311 ;
; inputa[0]  ; hex0[0]     ; 3.241 ; 3.241 ; 3.241 ; 3.241 ;
; inputa[0]  ; hex0[1]     ; 3.268 ; 3.268 ; 3.268 ; 3.268 ;
; inputa[0]  ; hex0[2]     ;       ; 3.398 ; 3.398 ;       ;
; inputa[0]  ; hex0[3]     ; 3.396 ; 3.396 ; 3.396 ; 3.396 ;
; inputa[0]  ; hex0[4]     ; 3.413 ;       ;       ; 3.413 ;
; inputa[0]  ; hex0[5]     ; 3.518 ;       ;       ; 3.518 ;
; inputa[0]  ; hex0[6]     ; 3.409 ; 3.409 ; 3.409 ; 3.409 ;
; inputa[0]  ; hex2[0]     ; 4.903 ; 4.903 ; 4.903 ; 4.903 ;
; inputa[0]  ; hex2[1]     ; 4.911 ; 4.911 ; 4.911 ; 4.911 ;
; inputa[0]  ; hex2[2]     ; 4.941 ; 4.941 ; 4.941 ; 4.941 ;
; inputa[0]  ; hex2[3]     ; 4.951 ; 4.951 ; 4.951 ; 4.951 ;
; inputa[0]  ; hex2[4]     ; 4.936 ; 4.936 ; 4.936 ; 4.936 ;
; inputa[0]  ; hex2[5]     ; 4.933 ; 4.933 ; 4.933 ; 4.933 ;
; inputa[0]  ; hex2[6]     ; 4.951 ; 4.951 ; 4.951 ; 4.951 ;
; inputa[1]  ; carryout    ; 6.080 ;       ;       ; 6.080 ;
; inputa[1]  ; hex0[0]     ; 3.505 ; 3.505 ; 3.505 ; 3.505 ;
; inputa[1]  ; hex0[1]     ; 3.532 ; 3.532 ; 3.532 ; 3.532 ;
; inputa[1]  ; hex0[2]     ; 3.667 ;       ;       ; 3.667 ;
; inputa[1]  ; hex0[3]     ; 3.660 ; 3.660 ; 3.660 ; 3.660 ;
; inputa[1]  ; hex0[4]     ;       ; 3.671 ; 3.671 ;       ;
; inputa[1]  ; hex0[5]     ; 3.782 ; 3.782 ; 3.782 ; 3.782 ;
; inputa[1]  ; hex0[6]     ; 3.671 ; 3.671 ; 3.671 ; 3.671 ;
; inputa[1]  ; hex2[0]     ; 4.672 ; 4.672 ; 4.672 ; 4.672 ;
; inputa[1]  ; hex2[1]     ; 4.680 ; 4.680 ; 4.680 ; 4.680 ;
; inputa[1]  ; hex2[2]     ; 4.710 ; 4.710 ; 4.710 ; 4.710 ;
; inputa[1]  ; hex2[3]     ; 4.720 ; 4.720 ; 4.720 ; 4.720 ;
; inputa[1]  ; hex2[4]     ; 4.705 ; 4.705 ; 4.705 ; 4.705 ;
; inputa[1]  ; hex2[5]     ; 4.702 ; 4.702 ; 4.702 ; 4.702 ;
; inputa[1]  ; hex2[6]     ; 4.720 ; 4.720 ; 4.720 ; 4.720 ;
; inputa[2]  ; carryout    ; 5.751 ;       ;       ; 5.751 ;
; inputa[2]  ; hex0[0]     ; 3.380 ; 3.380 ; 3.380 ; 3.380 ;
; inputa[2]  ; hex0[1]     ; 3.414 ;       ;       ; 3.414 ;
; inputa[2]  ; hex0[2]     ; 3.540 ; 3.540 ; 3.540 ; 3.540 ;
; inputa[2]  ; hex0[3]     ; 3.539 ; 3.539 ; 3.539 ; 3.539 ;
; inputa[2]  ; hex0[4]     ; 3.566 ; 3.566 ; 3.566 ; 3.566 ;
; inputa[2]  ; hex0[5]     ; 3.657 ; 3.657 ; 3.657 ; 3.657 ;
; inputa[2]  ; hex0[6]     ; 3.563 ; 3.563 ; 3.563 ; 3.563 ;
; inputa[2]  ; hex2[0]     ; 4.343 ; 4.343 ; 4.343 ; 4.343 ;
; inputa[2]  ; hex2[1]     ; 4.351 ; 4.351 ; 4.351 ; 4.351 ;
; inputa[2]  ; hex2[2]     ; 4.381 ; 4.381 ; 4.381 ; 4.381 ;
; inputa[2]  ; hex2[3]     ; 4.391 ; 4.391 ; 4.391 ; 4.391 ;
; inputa[2]  ; hex2[4]     ; 4.376 ; 4.376 ; 4.376 ; 4.376 ;
; inputa[2]  ; hex2[5]     ; 4.373 ; 4.373 ; 4.373 ; 4.373 ;
; inputa[2]  ; hex2[6]     ; 4.391 ; 4.391 ; 4.391 ; 4.391 ;
; inputa[3]  ; carryout    ; 4.638 ;       ;       ; 4.638 ;
; inputa[3]  ; hex0[0]     ; 2.884 ; 2.884 ; 2.884 ; 2.884 ;
; inputa[3]  ; hex0[1]     ; 2.918 ; 2.918 ; 2.918 ; 2.918 ;
; inputa[3]  ; hex0[2]     ; 3.048 ; 3.048 ; 3.048 ; 3.048 ;
; inputa[3]  ; hex0[3]     ; 3.043 ; 3.043 ; 3.043 ; 3.043 ;
; inputa[3]  ; hex0[4]     ;       ; 3.069 ; 3.069 ;       ;
; inputa[3]  ; hex0[5]     ; 3.161 ; 3.161 ; 3.161 ; 3.161 ;
; inputa[3]  ; hex0[6]     ; 3.066 ; 3.066 ; 3.066 ; 3.066 ;
; inputa[3]  ; hex2[0]     ; 3.221 ; 3.221 ; 3.221 ; 3.221 ;
; inputa[3]  ; hex2[1]     ; 3.229 ; 3.229 ; 3.229 ; 3.229 ;
; inputa[3]  ; hex2[2]     ; 3.259 ; 3.259 ; 3.259 ; 3.259 ;
; inputa[3]  ; hex2[3]     ; 3.269 ; 3.269 ; 3.269 ; 3.269 ;
; inputa[3]  ; hex2[4]     ; 3.254 ; 3.254 ; 3.254 ; 3.254 ;
; inputa[3]  ; hex2[5]     ; 3.251 ; 3.251 ; 3.251 ; 3.251 ;
; inputa[3]  ; hex2[6]     ; 3.269 ; 3.269 ; 3.269 ; 3.269 ;
; inputb[0]  ; carryout    ; 6.380 ; 6.380 ; 6.380 ; 6.380 ;
; inputb[0]  ; hex1[0]     ; 3.668 ; 3.668 ; 3.668 ; 3.668 ;
; inputb[0]  ; hex1[1]     ; 3.499 ; 3.499 ; 3.499 ; 3.499 ;
; inputb[0]  ; hex1[2]     ;       ; 3.502 ; 3.502 ;       ;
; inputb[0]  ; hex1[3]     ; 3.512 ; 3.512 ; 3.512 ; 3.512 ;
; inputb[0]  ; hex1[4]     ; 3.519 ;       ;       ; 3.519 ;
; inputb[0]  ; hex1[5]     ; 3.672 ;       ;       ; 3.672 ;
; inputb[0]  ; hex1[6]     ; 3.666 ; 3.666 ; 3.666 ; 3.666 ;
; inputb[0]  ; hex2[0]     ; 4.972 ; 4.972 ; 4.972 ; 4.972 ;
; inputb[0]  ; hex2[1]     ; 4.980 ; 4.980 ; 4.980 ; 4.980 ;
; inputb[0]  ; hex2[2]     ; 5.010 ; 5.010 ; 5.010 ; 5.010 ;
; inputb[0]  ; hex2[3]     ; 5.020 ; 5.020 ; 5.020 ; 5.020 ;
; inputb[0]  ; hex2[4]     ; 5.005 ; 5.005 ; 5.005 ; 5.005 ;
; inputb[0]  ; hex2[5]     ; 5.002 ; 5.002 ; 5.002 ; 5.002 ;
; inputb[0]  ; hex2[6]     ; 5.020 ; 5.020 ; 5.020 ; 5.020 ;
; inputb[1]  ; carryout    ; 6.057 ;       ;       ; 6.057 ;
; inputb[1]  ; hex1[0]     ; 3.717 ; 3.717 ; 3.717 ; 3.717 ;
; inputb[1]  ; hex1[1]     ; 3.549 ; 3.549 ; 3.549 ; 3.549 ;
; inputb[1]  ; hex1[2]     ; 3.556 ;       ;       ; 3.556 ;
; inputb[1]  ; hex1[3]     ; 3.562 ; 3.562 ; 3.562 ; 3.562 ;
; inputb[1]  ; hex1[4]     ;       ; 3.573 ; 3.573 ;       ;
; inputb[1]  ; hex1[5]     ; 3.718 ; 3.718 ; 3.718 ; 3.718 ;
; inputb[1]  ; hex1[6]     ; 3.720 ; 3.720 ; 3.720 ; 3.720 ;
; inputb[1]  ; hex2[0]     ; 4.649 ; 4.649 ; 4.649 ; 4.649 ;
; inputb[1]  ; hex2[1]     ; 4.657 ; 4.657 ; 4.657 ; 4.657 ;
; inputb[1]  ; hex2[2]     ; 4.687 ; 4.687 ; 4.687 ; 4.687 ;
; inputb[1]  ; hex2[3]     ; 4.697 ; 4.697 ; 4.697 ; 4.697 ;
; inputb[1]  ; hex2[4]     ; 4.682 ; 4.682 ; 4.682 ; 4.682 ;
; inputb[1]  ; hex2[5]     ; 4.679 ; 4.679 ; 4.679 ; 4.679 ;
; inputb[1]  ; hex2[6]     ; 4.697 ; 4.697 ; 4.697 ; 4.697 ;
; inputb[2]  ; carryout    ; 5.908 ;       ;       ; 5.908 ;
; inputb[2]  ; hex1[0]     ; 3.647 ; 3.647 ; 3.647 ; 3.647 ;
; inputb[2]  ; hex1[1]     ; 3.478 ;       ;       ; 3.478 ;
; inputb[2]  ; hex1[2]     ; 3.483 ; 3.483 ; 3.483 ; 3.483 ;
; inputb[2]  ; hex1[3]     ; 3.491 ; 3.491 ; 3.491 ; 3.491 ;
; inputb[2]  ; hex1[4]     ; 3.494 ; 3.494 ; 3.494 ; 3.494 ;
; inputb[2]  ; hex1[5]     ; 3.647 ; 3.647 ; 3.647 ; 3.647 ;
; inputb[2]  ; hex1[6]     ; 3.638 ; 3.638 ; 3.638 ; 3.638 ;
; inputb[2]  ; hex2[0]     ; 4.500 ; 4.500 ; 4.500 ; 4.500 ;
; inputb[2]  ; hex2[1]     ; 4.508 ; 4.508 ; 4.508 ; 4.508 ;
; inputb[2]  ; hex2[2]     ; 4.538 ; 4.538 ; 4.538 ; 4.538 ;
; inputb[2]  ; hex2[3]     ; 4.548 ; 4.548 ; 4.548 ; 4.548 ;
; inputb[2]  ; hex2[4]     ; 4.533 ; 4.533 ; 4.533 ; 4.533 ;
; inputb[2]  ; hex2[5]     ; 4.530 ; 4.530 ; 4.530 ; 4.530 ;
; inputb[2]  ; hex2[6]     ; 4.548 ; 4.548 ; 4.548 ; 4.548 ;
; inputb[3]  ; carryout    ; 5.090 ;       ;       ; 5.090 ;
; inputb[3]  ; hex1[0]     ; 3.580 ; 3.580 ; 3.580 ; 3.580 ;
; inputb[3]  ; hex1[1]     ; 3.418 ; 3.418 ; 3.418 ; 3.418 ;
; inputb[3]  ; hex1[2]     ; 3.429 ; 3.429 ; 3.429 ; 3.429 ;
; inputb[3]  ; hex1[3]     ; 3.424 ; 3.424 ; 3.424 ; 3.424 ;
; inputb[3]  ; hex1[4]     ;       ; 3.441 ; 3.441 ;       ;
; inputb[3]  ; hex1[5]     ; 3.584 ; 3.584 ; 3.584 ; 3.584 ;
; inputb[3]  ; hex1[6]     ; 3.588 ; 3.588 ; 3.588 ; 3.588 ;
; inputb[3]  ; hex2[0]     ; 3.673 ; 3.673 ; 3.673 ; 3.673 ;
; inputb[3]  ; hex2[1]     ; 3.681 ; 3.681 ; 3.681 ; 3.681 ;
; inputb[3]  ; hex2[2]     ; 3.711 ; 3.711 ; 3.711 ; 3.711 ;
; inputb[3]  ; hex2[3]     ; 3.721 ; 3.721 ; 3.721 ; 3.721 ;
; inputb[3]  ; hex2[4]     ; 3.706 ; 3.706 ; 3.706 ; 3.706 ;
; inputb[3]  ; hex2[5]     ; 3.703 ; 3.703 ; 3.703 ; 3.703 ;
; inputb[3]  ; hex2[6]     ; 3.721 ; 3.721 ; 3.721 ; 3.721 ;
+------------+-------------+-------+-------+-------+-------+


+----------------------------------------------------------+
; Minimum Propagation Delay                                ;
+------------+-------------+-------+-------+-------+-------+
; Input Port ; Output Port ; RR    ; RF    ; FR    ; FF    ;
+------------+-------------+-------+-------+-------+-------+
; carryin    ; carryout    ;       ; 8.848 ; 8.848 ;       ;
; carryin    ; hex2[0]     ; 6.593 ; 6.593 ; 6.593 ; 6.593 ;
; carryin    ; hex2[1]     ; 6.606 ; 6.606 ; 6.606 ; 6.606 ;
; carryin    ; hex2[2]     ; 6.651 ; 6.651 ; 6.651 ; 6.651 ;
; carryin    ; hex2[3]     ; 6.644 ; 6.644 ; 6.644 ; 6.644 ;
; carryin    ; hex2[4]     ; 6.645 ; 6.645 ; 6.645 ; 6.645 ;
; carryin    ; hex2[5]     ; 6.634 ; 6.634 ; 6.634 ; 6.634 ;
; carryin    ; hex2[6]     ; 6.652 ; 6.652 ; 6.652 ; 6.652 ;
; inputa[0]  ; carryout    ; 6.311 ; 6.311 ; 6.311 ; 6.311 ;
; inputa[0]  ; hex0[0]     ; 3.241 ; 3.241 ; 3.241 ; 3.241 ;
; inputa[0]  ; hex0[1]     ; 3.268 ; 3.268 ; 3.268 ; 3.268 ;
; inputa[0]  ; hex0[2]     ;       ; 3.398 ; 3.398 ;       ;
; inputa[0]  ; hex0[3]     ; 3.396 ; 3.396 ; 3.396 ; 3.396 ;
; inputa[0]  ; hex0[4]     ; 3.413 ;       ;       ; 3.413 ;
; inputa[0]  ; hex0[5]     ; 3.518 ;       ;       ; 3.518 ;
; inputa[0]  ; hex0[6]     ; 3.409 ; 3.409 ; 3.409 ; 3.409 ;
; inputa[0]  ; hex2[0]     ; 4.057 ; 4.057 ; 4.057 ; 4.057 ;
; inputa[0]  ; hex2[1]     ; 4.070 ; 4.070 ; 4.070 ; 4.070 ;
; inputa[0]  ; hex2[2]     ; 4.115 ; 4.115 ; 4.115 ; 4.115 ;
; inputa[0]  ; hex2[3]     ; 4.108 ; 4.108 ; 4.108 ; 4.108 ;
; inputa[0]  ; hex2[4]     ; 4.109 ; 4.109 ; 4.109 ; 4.109 ;
; inputa[0]  ; hex2[5]     ; 4.098 ; 4.098 ; 4.098 ; 4.098 ;
; inputa[0]  ; hex2[6]     ; 4.116 ; 4.116 ; 4.116 ; 4.116 ;
; inputa[1]  ; carryout    ; 6.080 ;       ;       ; 6.080 ;
; inputa[1]  ; hex0[0]     ; 3.505 ; 3.505 ; 3.505 ; 3.505 ;
; inputa[1]  ; hex0[1]     ; 3.532 ; 3.532 ; 3.532 ; 3.532 ;
; inputa[1]  ; hex0[2]     ; 3.667 ;       ;       ; 3.667 ;
; inputa[1]  ; hex0[3]     ; 3.660 ; 3.660 ; 3.660 ; 3.660 ;
; inputa[1]  ; hex0[4]     ;       ; 3.671 ; 3.671 ;       ;
; inputa[1]  ; hex0[5]     ; 3.782 ; 3.782 ; 3.782 ; 3.782 ;
; inputa[1]  ; hex0[6]     ; 3.671 ; 3.671 ; 3.671 ; 3.671 ;
; inputa[1]  ; hex2[0]     ; 4.003 ; 4.003 ; 4.003 ; 4.003 ;
; inputa[1]  ; hex2[1]     ; 4.017 ; 4.017 ; 4.017 ; 4.017 ;
; inputa[1]  ; hex2[2]     ; 4.066 ; 4.066 ; 4.066 ; 4.066 ;
; inputa[1]  ; hex2[3]     ; 4.054 ; 4.054 ; 4.054 ; 4.054 ;
; inputa[1]  ; hex2[4]     ; 4.060 ; 4.060 ; 4.060 ; 4.060 ;
; inputa[1]  ; hex2[5]     ; 4.047 ; 4.047 ; 4.047 ; 4.047 ;
; inputa[1]  ; hex2[6]     ; 4.065 ; 4.065 ; 4.065 ; 4.065 ;
; inputa[2]  ; carryout    ; 5.751 ;       ;       ; 5.751 ;
; inputa[2]  ; hex0[0]     ; 3.380 ; 3.380 ; 3.380 ; 3.380 ;
; inputa[2]  ; hex0[1]     ; 3.414 ;       ;       ; 3.414 ;
; inputa[2]  ; hex0[2]     ; 3.540 ; 3.540 ; 3.540 ; 3.540 ;
; inputa[2]  ; hex0[3]     ; 3.539 ; 3.539 ; 3.539 ; 3.539 ;
; inputa[2]  ; hex0[4]     ; 3.566 ; 3.566 ; 3.566 ; 3.566 ;
; inputa[2]  ; hex0[5]     ; 3.657 ; 3.657 ; 3.657 ; 3.657 ;
; inputa[2]  ; hex0[6]     ; 3.563 ; 3.563 ; 3.563 ; 3.563 ;
; inputa[2]  ; hex2[0]     ; 4.062 ; 4.062 ; 4.062 ; 4.062 ;
; inputa[2]  ; hex2[1]     ; 4.073 ; 4.073 ; 4.073 ; 4.073 ;
; inputa[2]  ; hex2[2]     ; 4.109 ; 4.109 ; 4.109 ; 4.109 ;
; inputa[2]  ; hex2[3]     ; 4.113 ; 4.113 ; 4.113 ; 4.113 ;
; inputa[2]  ; hex2[4]     ; 4.101 ; 4.101 ; 4.101 ; 4.101 ;
; inputa[2]  ; hex2[5]     ; 4.096 ; 4.096 ; 4.096 ; 4.096 ;
; inputa[2]  ; hex2[6]     ; 4.113 ; 4.113 ; 4.113 ; 4.113 ;
; inputa[3]  ; carryout    ; 4.638 ;       ;       ; 4.638 ;
; inputa[3]  ; hex0[0]     ; 2.884 ; 2.884 ; 2.884 ; 2.884 ;
; inputa[3]  ; hex0[1]     ; 2.918 ; 2.918 ; 2.918 ; 2.918 ;
; inputa[3]  ; hex0[2]     ; 3.048 ; 3.048 ; 3.048 ; 3.048 ;
; inputa[3]  ; hex0[3]     ; 3.043 ; 3.043 ; 3.043 ; 3.043 ;
; inputa[3]  ; hex0[4]     ;       ; 3.069 ; 3.069 ;       ;
; inputa[3]  ; hex0[5]     ; 3.161 ; 3.161 ; 3.161 ; 3.161 ;
; inputa[3]  ; hex0[6]     ; 3.066 ; 3.066 ; 3.066 ; 3.066 ;
; inputa[3]  ; hex2[0]     ; 3.221 ; 3.221 ; 3.221 ; 3.221 ;
; inputa[3]  ; hex2[1]     ; 3.229 ; 3.229 ; 3.229 ; 3.229 ;
; inputa[3]  ; hex2[2]     ; 3.259 ; 3.259 ; 3.259 ; 3.259 ;
; inputa[3]  ; hex2[3]     ; 3.269 ; 3.269 ; 3.269 ; 3.269 ;
; inputa[3]  ; hex2[4]     ; 3.254 ; 3.254 ; 3.254 ; 3.254 ;
; inputa[3]  ; hex2[5]     ; 3.251 ; 3.251 ; 3.251 ; 3.251 ;
; inputa[3]  ; hex2[6]     ; 3.269 ; 3.269 ; 3.269 ; 3.269 ;
; inputb[0]  ; carryout    ; 6.372 ; 6.380 ; 6.380 ; 6.372 ;
; inputb[0]  ; hex1[0]     ; 3.668 ; 3.668 ; 3.668 ; 3.668 ;
; inputb[0]  ; hex1[1]     ; 3.499 ; 3.499 ; 3.499 ; 3.499 ;
; inputb[0]  ; hex1[2]     ;       ; 3.502 ; 3.502 ;       ;
; inputb[0]  ; hex1[3]     ; 3.512 ; 3.512 ; 3.512 ; 3.512 ;
; inputb[0]  ; hex1[4]     ; 3.519 ;       ;       ; 3.519 ;
; inputb[0]  ; hex1[5]     ; 3.672 ;       ;       ; 3.672 ;
; inputb[0]  ; hex1[6]     ; 3.666 ; 3.666 ; 3.666 ; 3.666 ;
; inputb[0]  ; hex2[0]     ; 4.125 ; 4.125 ; 4.125 ; 4.125 ;
; inputb[0]  ; hex2[1]     ; 4.138 ; 4.138 ; 4.138 ; 4.138 ;
; inputb[0]  ; hex2[2]     ; 4.183 ; 4.183 ; 4.183 ; 4.183 ;
; inputb[0]  ; hex2[3]     ; 4.176 ; 4.176 ; 4.176 ; 4.176 ;
; inputb[0]  ; hex2[4]     ; 4.177 ; 4.177 ; 4.177 ; 4.177 ;
; inputb[0]  ; hex2[5]     ; 4.166 ; 4.166 ; 4.166 ; 4.166 ;
; inputb[0]  ; hex2[6]     ; 4.184 ; 4.184 ; 4.184 ; 4.184 ;
; inputb[1]  ; carryout    ; 6.057 ;       ;       ; 6.057 ;
; inputb[1]  ; hex1[0]     ; 3.717 ; 3.717 ; 3.717 ; 3.717 ;
; inputb[1]  ; hex1[1]     ; 3.549 ; 3.549 ; 3.549 ; 3.549 ;
; inputb[1]  ; hex1[2]     ; 3.556 ;       ;       ; 3.556 ;
; inputb[1]  ; hex1[3]     ; 3.562 ; 3.562 ; 3.562 ; 3.562 ;
; inputb[1]  ; hex1[4]     ;       ; 3.573 ; 3.573 ;       ;
; inputb[1]  ; hex1[5]     ; 3.718 ; 3.718 ; 3.718 ; 3.718 ;
; inputb[1]  ; hex1[6]     ; 3.720 ; 3.720 ; 3.720 ; 3.720 ;
; inputb[1]  ; hex2[0]     ; 3.994 ; 3.994 ; 3.994 ; 3.994 ;
; inputb[1]  ; hex2[1]     ; 4.008 ; 4.008 ; 4.008 ; 4.008 ;
; inputb[1]  ; hex2[2]     ; 4.057 ; 4.057 ; 4.057 ; 4.057 ;
; inputb[1]  ; hex2[3]     ; 4.045 ; 4.045 ; 4.045 ; 4.045 ;
; inputb[1]  ; hex2[4]     ; 4.051 ; 4.051 ; 4.051 ; 4.051 ;
; inputb[1]  ; hex2[5]     ; 4.038 ; 4.038 ; 4.038 ; 4.038 ;
; inputb[1]  ; hex2[6]     ; 4.056 ; 4.056 ; 4.056 ; 4.056 ;
; inputb[2]  ; carryout    ; 5.908 ;       ;       ; 5.908 ;
; inputb[2]  ; hex1[0]     ; 3.647 ; 3.647 ; 3.647 ; 3.647 ;
; inputb[2]  ; hex1[1]     ; 3.478 ;       ;       ; 3.478 ;
; inputb[2]  ; hex1[2]     ; 3.483 ; 3.483 ; 3.483 ; 3.483 ;
; inputb[2]  ; hex1[3]     ; 3.491 ; 3.491 ; 3.491 ; 3.491 ;
; inputb[2]  ; hex1[4]     ; 3.494 ; 3.494 ; 3.494 ; 3.494 ;
; inputb[2]  ; hex1[5]     ; 3.647 ; 3.647 ; 3.647 ; 3.647 ;
; inputb[2]  ; hex1[6]     ; 3.638 ; 3.638 ; 3.638 ; 3.638 ;
; inputb[2]  ; hex2[0]     ; 4.223 ; 4.223 ; 4.223 ; 4.223 ;
; inputb[2]  ; hex2[1]     ; 4.234 ; 4.234 ; 4.234 ; 4.234 ;
; inputb[2]  ; hex2[2]     ; 4.270 ; 4.270 ; 4.270 ; 4.270 ;
; inputb[2]  ; hex2[3]     ; 4.274 ; 4.274 ; 4.274 ; 4.274 ;
; inputb[2]  ; hex2[4]     ; 4.262 ; 4.262 ; 4.262 ; 4.262 ;
; inputb[2]  ; hex2[5]     ; 4.257 ; 4.257 ; 4.257 ; 4.257 ;
; inputb[2]  ; hex2[6]     ; 4.274 ; 4.274 ; 4.274 ; 4.274 ;
; inputb[3]  ; carryout    ; 5.090 ;       ;       ; 5.090 ;
; inputb[3]  ; hex1[0]     ; 3.580 ; 3.580 ; 3.580 ; 3.580 ;
; inputb[3]  ; hex1[1]     ; 3.418 ; 3.418 ; 3.418 ; 3.418 ;
; inputb[3]  ; hex1[2]     ; 3.429 ; 3.429 ; 3.429 ; 3.429 ;
; inputb[3]  ; hex1[3]     ; 3.424 ; 3.424 ; 3.424 ; 3.424 ;
; inputb[3]  ; hex1[4]     ;       ; 3.441 ; 3.441 ;       ;
; inputb[3]  ; hex1[5]     ; 3.584 ; 3.584 ; 3.584 ; 3.584 ;
; inputb[3]  ; hex1[6]     ; 3.588 ; 3.588 ; 3.588 ; 3.588 ;
; inputb[3]  ; hex2[0]     ; 3.673 ; 3.673 ; 3.673 ; 3.673 ;
; inputb[3]  ; hex2[1]     ; 3.681 ; 3.681 ; 3.681 ; 3.681 ;
; inputb[3]  ; hex2[2]     ; 3.711 ; 3.711 ; 3.711 ; 3.711 ;
; inputb[3]  ; hex2[3]     ; 3.721 ; 3.721 ; 3.721 ; 3.721 ;
; inputb[3]  ; hex2[4]     ; 3.706 ; 3.706 ; 3.706 ; 3.706 ;
; inputb[3]  ; hex2[5]     ; 3.703 ; 3.703 ; 3.703 ; 3.703 ;
; inputb[3]  ; hex2[6]     ; 3.721 ; 3.721 ; 3.721 ; 3.721 ;
+------------+-------------+-------+-------+-------+-------+


+----------------------------------------------------------------------------+
; Multicorner Timing Analysis Summary                                        ;
+------------------+-------+------+----------+---------+---------------------+
; Clock            ; Setup ; Hold ; Recovery ; Removal ; Minimum Pulse Width ;
+------------------+-------+------+----------+---------+---------------------+
; Worst-case Slack ; N/A   ; N/A  ; N/A      ; N/A     ; N/A                 ;
; Design-wide TNS  ; 0.0   ; 0.0  ; 0.0      ; 0.0     ; 0.0                 ;
+------------------+-------+------+----------+---------+---------------------+


+--------------------------------------------------------------+
; Progagation Delay                                            ;
+------------+-------------+--------+--------+--------+--------+
; Input Port ; Output Port ; RR     ; RF     ; FR     ; FF     ;
+------------+-------------+--------+--------+--------+--------+
; carryin    ; carryout    ;        ; 19.017 ; 19.017 ;        ;
; carryin    ; hex2[0]     ; 15.884 ; 15.884 ; 15.884 ; 15.884 ;
; carryin    ; hex2[1]     ; 15.895 ; 15.895 ; 15.895 ; 15.895 ;
; carryin    ; hex2[2]     ; 15.927 ; 15.927 ; 15.927 ; 15.927 ;
; carryin    ; hex2[3]     ; 15.935 ; 15.935 ; 15.935 ; 15.935 ;
; carryin    ; hex2[4]     ; 15.921 ; 15.921 ; 15.921 ; 15.921 ;
; carryin    ; hex2[5]     ; 15.920 ; 15.920 ; 15.920 ; 15.920 ;
; carryin    ; hex2[6]     ; 15.938 ; 15.938 ; 15.938 ; 15.938 ;
; inputa[0]  ; carryout    ; 14.605 ; 14.605 ; 14.605 ; 14.605 ;
; inputa[0]  ; hex0[0]     ; 6.848  ; 6.848  ; 6.848  ; 6.848  ;
; inputa[0]  ; hex0[1]     ; 6.876  ; 6.876  ; 6.876  ; 6.876  ;
; inputa[0]  ; hex0[2]     ;        ; 7.220  ; 7.220  ;        ;
; inputa[0]  ; hex0[3]     ; 7.218  ; 7.218  ; 7.218  ; 7.218  ;
; inputa[0]  ; hex0[4]     ; 7.235  ;        ;        ; 7.235  ;
; inputa[0]  ; hex0[5]     ; 7.514  ;        ;        ; 7.514  ;
; inputa[0]  ; hex0[6]     ; 7.231  ; 7.231  ; 7.231  ; 7.231  ;
; inputa[0]  ; hex2[0]     ; 11.472 ; 11.472 ; 11.472 ; 11.472 ;
; inputa[0]  ; hex2[1]     ; 11.483 ; 11.483 ; 11.483 ; 11.483 ;
; inputa[0]  ; hex2[2]     ; 11.515 ; 11.515 ; 11.515 ; 11.515 ;
; inputa[0]  ; hex2[3]     ; 11.523 ; 11.523 ; 11.523 ; 11.523 ;
; inputa[0]  ; hex2[4]     ; 11.509 ; 11.509 ; 11.509 ; 11.509 ;
; inputa[0]  ; hex2[5]     ; 11.508 ; 11.508 ; 11.508 ; 11.508 ;
; inputa[0]  ; hex2[6]     ; 11.526 ; 11.526 ; 11.526 ; 11.526 ;
; inputa[1]  ; carryout    ; 13.743 ;        ;        ; 13.743 ;
; inputa[1]  ; hex0[0]     ; 7.402  ; 7.402  ; 7.402  ; 7.402  ;
; inputa[1]  ; hex0[1]     ; 7.467  ; 7.467  ; 7.467  ; 7.467  ;
; inputa[1]  ; hex0[2]     ; 7.811  ;        ;        ; 7.811  ;
; inputa[1]  ; hex0[3]     ; 7.809  ; 7.809  ; 7.809  ; 7.809  ;
; inputa[1]  ; hex0[4]     ;        ; 7.783  ; 7.783  ;        ;
; inputa[1]  ; hex0[5]     ; 8.100  ; 8.100  ; 8.100  ; 8.100  ;
; inputa[1]  ; hex0[6]     ; 7.819  ; 7.819  ; 7.819  ; 7.819  ;
; inputa[1]  ; hex2[0]     ; 10.610 ; 10.610 ; 10.610 ; 10.610 ;
; inputa[1]  ; hex2[1]     ; 10.621 ; 10.621 ; 10.621 ; 10.621 ;
; inputa[1]  ; hex2[2]     ; 10.653 ; 10.653 ; 10.653 ; 10.653 ;
; inputa[1]  ; hex2[3]     ; 10.661 ; 10.661 ; 10.661 ; 10.661 ;
; inputa[1]  ; hex2[4]     ; 10.647 ; 10.647 ; 10.647 ; 10.647 ;
; inputa[1]  ; hex2[5]     ; 10.646 ; 10.646 ; 10.646 ; 10.646 ;
; inputa[1]  ; hex2[6]     ; 10.664 ; 10.664 ; 10.664 ; 10.664 ;
; inputa[2]  ; carryout    ; 12.820 ;        ;        ; 12.820 ;
; inputa[2]  ; hex0[0]     ; 7.124  ; 7.124  ; 7.124  ; 7.124  ;
; inputa[2]  ; hex0[1]     ; 7.159  ;        ;        ; 7.159  ;
; inputa[2]  ; hex0[2]     ; 7.496  ; 7.496  ; 7.496  ; 7.496  ;
; inputa[2]  ; hex0[3]     ; 7.498  ; 7.498  ; 7.498  ; 7.498  ;
; inputa[2]  ; hex0[4]     ; 7.525  ; 7.525  ; 7.525  ; 7.525  ;
; inputa[2]  ; hex0[5]     ; 7.790  ; 7.790  ; 7.790  ; 7.790  ;
; inputa[2]  ; hex0[6]     ; 7.525  ; 7.525  ; 7.525  ; 7.525  ;
; inputa[2]  ; hex2[0]     ; 9.687  ; 9.687  ; 9.687  ; 9.687  ;
; inputa[2]  ; hex2[1]     ; 9.698  ; 9.698  ; 9.698  ; 9.698  ;
; inputa[2]  ; hex2[2]     ; 9.730  ; 9.730  ; 9.730  ; 9.730  ;
; inputa[2]  ; hex2[3]     ; 9.738  ; 9.738  ; 9.738  ; 9.738  ;
; inputa[2]  ; hex2[4]     ; 9.724  ; 9.724  ; 9.724  ; 9.724  ;
; inputa[2]  ; hex2[5]     ; 9.723  ; 9.723  ; 9.723  ; 9.723  ;
; inputa[2]  ; hex2[6]     ; 9.741  ; 9.741  ; 9.741  ; 9.741  ;
; inputa[3]  ; carryout    ; 10.171 ;        ;        ; 10.171 ;
; inputa[3]  ; hex0[0]     ; 6.096  ; 6.096  ; 6.096  ; 6.096  ;
; inputa[3]  ; hex0[1]     ; 6.162  ; 6.162  ; 6.162  ; 6.162  ;
; inputa[3]  ; hex0[2]     ; 6.500  ; 6.500  ; 6.500  ; 6.500  ;
; inputa[3]  ; hex0[3]     ; 6.497  ; 6.497  ; 6.497  ; 6.497  ;
; inputa[3]  ; hex0[4]     ;        ; 6.490  ; 6.490  ;        ;
; inputa[3]  ; hex0[5]     ; 6.762  ; 6.762  ; 6.762  ; 6.762  ;
; inputa[3]  ; hex0[6]     ; 6.523  ; 6.523  ; 6.523  ; 6.523  ;
; inputa[3]  ; hex2[0]     ; 7.021  ; 7.021  ; 7.021  ; 7.021  ;
; inputa[3]  ; hex2[1]     ; 7.032  ; 7.032  ; 7.032  ; 7.032  ;
; inputa[3]  ; hex2[2]     ; 7.064  ; 7.064  ; 7.064  ; 7.064  ;
; inputa[3]  ; hex2[3]     ; 7.072  ; 7.072  ; 7.072  ; 7.072  ;
; inputa[3]  ; hex2[4]     ; 7.058  ; 7.058  ; 7.058  ; 7.058  ;
; inputa[3]  ; hex2[5]     ; 7.057  ; 7.057  ; 7.057  ; 7.057  ;
; inputa[3]  ; hex2[6]     ; 7.075  ; 7.075  ; 7.075  ; 7.075  ;
; inputb[0]  ; carryout    ; 14.704 ; 14.704 ; 14.704 ; 14.704 ;
; inputb[0]  ; hex1[0]     ; 7.855  ; 7.855  ; 7.855  ; 7.855  ;
; inputb[0]  ; hex1[1]     ; 7.473  ; 7.473  ; 7.473  ; 7.473  ;
; inputb[0]  ; hex1[2]     ;        ; 7.482  ; 7.482  ;        ;
; inputb[0]  ; hex1[3]     ; 7.486  ; 7.486  ; 7.486  ; 7.486  ;
; inputb[0]  ; hex1[4]     ; 7.493  ;        ;        ; 7.493  ;
; inputb[0]  ; hex1[5]     ; 7.856  ;        ;        ; 7.856  ;
; inputb[0]  ; hex1[6]     ; 7.856  ; 7.856  ; 7.856  ; 7.856  ;
; inputb[0]  ; hex2[0]     ; 11.571 ; 11.571 ; 11.571 ; 11.571 ;
; inputb[0]  ; hex2[1]     ; 11.582 ; 11.582 ; 11.582 ; 11.582 ;
; inputb[0]  ; hex2[2]     ; 11.614 ; 11.614 ; 11.614 ; 11.614 ;
; inputb[0]  ; hex2[3]     ; 11.622 ; 11.622 ; 11.622 ; 11.622 ;
; inputb[0]  ; hex2[4]     ; 11.608 ; 11.608 ; 11.608 ; 11.608 ;
; inputb[0]  ; hex2[5]     ; 11.607 ; 11.607 ; 11.607 ; 11.607 ;
; inputb[0]  ; hex2[6]     ; 11.625 ; 11.625 ; 11.625 ; 11.625 ;
; inputb[1]  ; carryout    ; 13.800 ;        ;        ; 13.800 ;
; inputb[1]  ; hex1[0]     ; 8.091  ; 8.091  ; 8.091  ; 8.091  ;
; inputb[1]  ; hex1[1]     ; 7.711  ; 7.711  ; 7.711  ; 7.711  ;
; inputb[1]  ; hex1[2]     ; 7.724  ;        ;        ; 7.724  ;
; inputb[1]  ; hex1[3]     ; 7.720  ; 7.720  ; 7.720  ; 7.720  ;
; inputb[1]  ; hex1[4]     ;        ; 7.735  ; 7.735  ;        ;
; inputb[1]  ; hex1[5]     ; 8.093  ; 8.093  ; 8.093  ; 8.093  ;
; inputb[1]  ; hex1[6]     ; 8.097  ; 8.097  ; 8.097  ; 8.097  ;
; inputb[1]  ; hex2[0]     ; 10.667 ; 10.667 ; 10.667 ; 10.667 ;
; inputb[1]  ; hex2[1]     ; 10.678 ; 10.678 ; 10.678 ; 10.678 ;
; inputb[1]  ; hex2[2]     ; 10.710 ; 10.710 ; 10.710 ; 10.710 ;
; inputb[1]  ; hex2[3]     ; 10.718 ; 10.718 ; 10.718 ; 10.718 ;
; inputb[1]  ; hex2[4]     ; 10.704 ; 10.704 ; 10.704 ; 10.704 ;
; inputb[1]  ; hex2[5]     ; 10.703 ; 10.703 ; 10.703 ; 10.703 ;
; inputb[1]  ; hex2[6]     ; 10.721 ; 10.721 ; 10.721 ; 10.721 ;
; inputb[2]  ; carryout    ; 13.390 ;        ;        ; 13.390 ;
; inputb[2]  ; hex1[0]     ; 7.803  ; 7.803  ; 7.803  ; 7.803  ;
; inputb[2]  ; hex1[1]     ; 7.421  ;        ;        ; 7.421  ;
; inputb[2]  ; hex1[2]     ; 7.434  ; 7.434  ; 7.434  ; 7.434  ;
; inputb[2]  ; hex1[3]     ; 7.434  ; 7.434  ; 7.434  ; 7.434  ;
; inputb[2]  ; hex1[4]     ; 7.437  ; 7.437  ; 7.437  ; 7.437  ;
; inputb[2]  ; hex1[5]     ; 7.803  ; 7.803  ; 7.803  ; 7.803  ;
; inputb[2]  ; hex1[6]     ; 7.795  ; 7.795  ; 7.795  ; 7.795  ;
; inputb[2]  ; hex2[0]     ; 10.257 ; 10.257 ; 10.257 ; 10.257 ;
; inputb[2]  ; hex2[1]     ; 10.268 ; 10.268 ; 10.268 ; 10.268 ;
; inputb[2]  ; hex2[2]     ; 10.300 ; 10.300 ; 10.300 ; 10.300 ;
; inputb[2]  ; hex2[3]     ; 10.308 ; 10.308 ; 10.308 ; 10.308 ;
; inputb[2]  ; hex2[4]     ; 10.294 ; 10.294 ; 10.294 ; 10.294 ;
; inputb[2]  ; hex2[5]     ; 10.293 ; 10.293 ; 10.293 ; 10.293 ;
; inputb[2]  ; hex2[6]     ; 10.311 ; 10.311 ; 10.311 ; 10.311 ;
; inputb[3]  ; carryout    ; 11.132 ;        ;        ; 11.132 ;
; inputb[3]  ; hex1[0]     ; 7.697  ; 7.697  ; 7.697  ; 7.697  ;
; inputb[3]  ; hex1[1]     ; 7.325  ; 7.325  ; 7.325  ; 7.325  ;
; inputb[3]  ; hex1[2]     ; 7.309  ; 7.309  ; 7.309  ; 7.309  ;
; inputb[3]  ; hex1[3]     ; 7.328  ; 7.328  ; 7.328  ; 7.328  ;
; inputb[3]  ; hex1[4]     ;        ; 7.344  ; 7.344  ;        ;
; inputb[3]  ; hex1[5]     ; 7.663  ; 7.663  ; 7.663  ; 7.663  ;
; inputb[3]  ; hex1[6]     ; 7.710  ; 7.710  ; 7.710  ; 7.710  ;
; inputb[3]  ; hex2[0]     ; 7.981  ; 7.981  ; 7.981  ; 7.981  ;
; inputb[3]  ; hex2[1]     ; 7.992  ; 7.992  ; 7.992  ; 7.992  ;
; inputb[3]  ; hex2[2]     ; 8.024  ; 8.024  ; 8.024  ; 8.024  ;
; inputb[3]  ; hex2[3]     ; 8.032  ; 8.032  ; 8.032  ; 8.032  ;
; inputb[3]  ; hex2[4]     ; 8.018  ; 8.018  ; 8.018  ; 8.018  ;
; inputb[3]  ; hex2[5]     ; 8.017  ; 8.017  ; 8.017  ; 8.017  ;
; inputb[3]  ; hex2[6]     ; 8.035  ; 8.035  ; 8.035  ; 8.035  ;
+------------+-------------+--------+--------+--------+--------+


+----------------------------------------------------------+
; Minimum Progagation Delay                                ;
+------------+-------------+-------+-------+-------+-------+
; Input Port ; Output Port ; RR    ; RF    ; FR    ; FF    ;
+------------+-------------+-------+-------+-------+-------+
; carryin    ; carryout    ;       ; 8.848 ; 8.848 ;       ;
; carryin    ; hex2[0]     ; 6.593 ; 6.593 ; 6.593 ; 6.593 ;
; carryin    ; hex2[1]     ; 6.606 ; 6.606 ; 6.606 ; 6.606 ;
; carryin    ; hex2[2]     ; 6.651 ; 6.651 ; 6.651 ; 6.651 ;
; carryin    ; hex2[3]     ; 6.644 ; 6.644 ; 6.644 ; 6.644 ;
; carryin    ; hex2[4]     ; 6.645 ; 6.645 ; 6.645 ; 6.645 ;
; carryin    ; hex2[5]     ; 6.634 ; 6.634 ; 6.634 ; 6.634 ;
; carryin    ; hex2[6]     ; 6.652 ; 6.652 ; 6.652 ; 6.652 ;
; inputa[0]  ; carryout    ; 6.311 ; 6.311 ; 6.311 ; 6.311 ;
; inputa[0]  ; hex0[0]     ; 3.241 ; 3.241 ; 3.241 ; 3.241 ;
; inputa[0]  ; hex0[1]     ; 3.268 ; 3.268 ; 3.268 ; 3.268 ;
; inputa[0]  ; hex0[2]     ;       ; 3.398 ; 3.398 ;       ;
; inputa[0]  ; hex0[3]     ; 3.396 ; 3.396 ; 3.396 ; 3.396 ;
; inputa[0]  ; hex0[4]     ; 3.413 ;       ;       ; 3.413 ;
; inputa[0]  ; hex0[5]     ; 3.518 ;       ;       ; 3.518 ;
; inputa[0]  ; hex0[6]     ; 3.409 ; 3.409 ; 3.409 ; 3.409 ;
; inputa[0]  ; hex2[0]     ; 4.057 ; 4.057 ; 4.057 ; 4.057 ;
; inputa[0]  ; hex2[1]     ; 4.070 ; 4.070 ; 4.070 ; 4.070 ;
; inputa[0]  ; hex2[2]     ; 4.115 ; 4.115 ; 4.115 ; 4.115 ;
; inputa[0]  ; hex2[3]     ; 4.108 ; 4.108 ; 4.108 ; 4.108 ;
; inputa[0]  ; hex2[4]     ; 4.109 ; 4.109 ; 4.109 ; 4.109 ;
; inputa[0]  ; hex2[5]     ; 4.098 ; 4.098 ; 4.098 ; 4.098 ;
; inputa[0]  ; hex2[6]     ; 4.116 ; 4.116 ; 4.116 ; 4.116 ;
; inputa[1]  ; carryout    ; 6.080 ;       ;       ; 6.080 ;
; inputa[1]  ; hex0[0]     ; 3.505 ; 3.505 ; 3.505 ; 3.505 ;
; inputa[1]  ; hex0[1]     ; 3.532 ; 3.532 ; 3.532 ; 3.532 ;
; inputa[1]  ; hex0[2]     ; 3.667 ;       ;       ; 3.667 ;
; inputa[1]  ; hex0[3]     ; 3.660 ; 3.660 ; 3.660 ; 3.660 ;
; inputa[1]  ; hex0[4]     ;       ; 3.671 ; 3.671 ;       ;
; inputa[1]  ; hex0[5]     ; 3.782 ; 3.782 ; 3.782 ; 3.782 ;
; inputa[1]  ; hex0[6]     ; 3.671 ; 3.671 ; 3.671 ; 3.671 ;
; inputa[1]  ; hex2[0]     ; 4.003 ; 4.003 ; 4.003 ; 4.003 ;
; inputa[1]  ; hex2[1]     ; 4.017 ; 4.017 ; 4.017 ; 4.017 ;
; inputa[1]  ; hex2[2]     ; 4.066 ; 4.066 ; 4.066 ; 4.066 ;
; inputa[1]  ; hex2[3]     ; 4.054 ; 4.054 ; 4.054 ; 4.054 ;
; inputa[1]  ; hex2[4]     ; 4.060 ; 4.060 ; 4.060 ; 4.060 ;
; inputa[1]  ; hex2[5]     ; 4.047 ; 4.047 ; 4.047 ; 4.047 ;
; inputa[1]  ; hex2[6]     ; 4.065 ; 4.065 ; 4.065 ; 4.065 ;
; inputa[2]  ; carryout    ; 5.751 ;       ;       ; 5.751 ;
; inputa[2]  ; hex0[0]     ; 3.380 ; 3.380 ; 3.380 ; 3.380 ;
; inputa[2]  ; hex0[1]     ; 3.414 ;       ;       ; 3.414 ;
; inputa[2]  ; hex0[2]     ; 3.540 ; 3.540 ; 3.540 ; 3.540 ;
; inputa[2]  ; hex0[3]     ; 3.539 ; 3.539 ; 3.539 ; 3.539 ;
; inputa[2]  ; hex0[4]     ; 3.566 ; 3.566 ; 3.566 ; 3.566 ;
; inputa[2]  ; hex0[5]     ; 3.657 ; 3.657 ; 3.657 ; 3.657 ;
; inputa[2]  ; hex0[6]     ; 3.563 ; 3.563 ; 3.563 ; 3.563 ;
; inputa[2]  ; hex2[0]     ; 4.062 ; 4.062 ; 4.062 ; 4.062 ;
; inputa[2]  ; hex2[1]     ; 4.073 ; 4.073 ; 4.073 ; 4.073 ;
; inputa[2]  ; hex2[2]     ; 4.109 ; 4.109 ; 4.109 ; 4.109 ;
; inputa[2]  ; hex2[3]     ; 4.113 ; 4.113 ; 4.113 ; 4.113 ;
; inputa[2]  ; hex2[4]     ; 4.101 ; 4.101 ; 4.101 ; 4.101 ;
; inputa[2]  ; hex2[5]     ; 4.096 ; 4.096 ; 4.096 ; 4.096 ;
; inputa[2]  ; hex2[6]     ; 4.113 ; 4.113 ; 4.113 ; 4.113 ;
; inputa[3]  ; carryout    ; 4.638 ;       ;       ; 4.638 ;
; inputa[3]  ; hex0[0]     ; 2.884 ; 2.884 ; 2.884 ; 2.884 ;
; inputa[3]  ; hex0[1]     ; 2.918 ; 2.918 ; 2.918 ; 2.918 ;
; inputa[3]  ; hex0[2]     ; 3.048 ; 3.048 ; 3.048 ; 3.048 ;
; inputa[3]  ; hex0[3]     ; 3.043 ; 3.043 ; 3.043 ; 3.043 ;
; inputa[3]  ; hex0[4]     ;       ; 3.069 ; 3.069 ;       ;
; inputa[3]  ; hex0[5]     ; 3.161 ; 3.161 ; 3.161 ; 3.161 ;
; inputa[3]  ; hex0[6]     ; 3.066 ; 3.066 ; 3.066 ; 3.066 ;
; inputa[3]  ; hex2[0]     ; 3.221 ; 3.221 ; 3.221 ; 3.221 ;
; inputa[3]  ; hex2[1]     ; 3.229 ; 3.229 ; 3.229 ; 3.229 ;
; inputa[3]  ; hex2[2]     ; 3.259 ; 3.259 ; 3.259 ; 3.259 ;
; inputa[3]  ; hex2[3]     ; 3.269 ; 3.269 ; 3.269 ; 3.269 ;
; inputa[3]  ; hex2[4]     ; 3.254 ; 3.254 ; 3.254 ; 3.254 ;
; inputa[3]  ; hex2[5]     ; 3.251 ; 3.251 ; 3.251 ; 3.251 ;
; inputa[3]  ; hex2[6]     ; 3.269 ; 3.269 ; 3.269 ; 3.269 ;
; inputb[0]  ; carryout    ; 6.372 ; 6.380 ; 6.380 ; 6.372 ;
; inputb[0]  ; hex1[0]     ; 3.668 ; 3.668 ; 3.668 ; 3.668 ;
; inputb[0]  ; hex1[1]     ; 3.499 ; 3.499 ; 3.499 ; 3.499 ;
; inputb[0]  ; hex1[2]     ;       ; 3.502 ; 3.502 ;       ;
; inputb[0]  ; hex1[3]     ; 3.512 ; 3.512 ; 3.512 ; 3.512 ;
; inputb[0]  ; hex1[4]     ; 3.519 ;       ;       ; 3.519 ;
; inputb[0]  ; hex1[5]     ; 3.672 ;       ;       ; 3.672 ;
; inputb[0]  ; hex1[6]     ; 3.666 ; 3.666 ; 3.666 ; 3.666 ;
; inputb[0]  ; hex2[0]     ; 4.125 ; 4.125 ; 4.125 ; 4.125 ;
; inputb[0]  ; hex2[1]     ; 4.138 ; 4.138 ; 4.138 ; 4.138 ;
; inputb[0]  ; hex2[2]     ; 4.183 ; 4.183 ; 4.183 ; 4.183 ;
; inputb[0]  ; hex2[3]     ; 4.176 ; 4.176 ; 4.176 ; 4.176 ;
; inputb[0]  ; hex2[4]     ; 4.177 ; 4.177 ; 4.177 ; 4.177 ;
; inputb[0]  ; hex2[5]     ; 4.166 ; 4.166 ; 4.166 ; 4.166 ;
; inputb[0]  ; hex2[6]     ; 4.184 ; 4.184 ; 4.184 ; 4.184 ;
; inputb[1]  ; carryout    ; 6.057 ;       ;       ; 6.057 ;
; inputb[1]  ; hex1[0]     ; 3.717 ; 3.717 ; 3.717 ; 3.717 ;
; inputb[1]  ; hex1[1]     ; 3.549 ; 3.549 ; 3.549 ; 3.549 ;
; inputb[1]  ; hex1[2]     ; 3.556 ;       ;       ; 3.556 ;
; inputb[1]  ; hex1[3]     ; 3.562 ; 3.562 ; 3.562 ; 3.562 ;
; inputb[1]  ; hex1[4]     ;       ; 3.573 ; 3.573 ;       ;
; inputb[1]  ; hex1[5]     ; 3.718 ; 3.718 ; 3.718 ; 3.718 ;
; inputb[1]  ; hex1[6]     ; 3.720 ; 3.720 ; 3.720 ; 3.720 ;
; inputb[1]  ; hex2[0]     ; 3.994 ; 3.994 ; 3.994 ; 3.994 ;
; inputb[1]  ; hex2[1]     ; 4.008 ; 4.008 ; 4.008 ; 4.008 ;
; inputb[1]  ; hex2[2]     ; 4.057 ; 4.057 ; 4.057 ; 4.057 ;
; inputb[1]  ; hex2[3]     ; 4.045 ; 4.045 ; 4.045 ; 4.045 ;
; inputb[1]  ; hex2[4]     ; 4.051 ; 4.051 ; 4.051 ; 4.051 ;
; inputb[1]  ; hex2[5]     ; 4.038 ; 4.038 ; 4.038 ; 4.038 ;
; inputb[1]  ; hex2[6]     ; 4.056 ; 4.056 ; 4.056 ; 4.056 ;
; inputb[2]  ; carryout    ; 5.908 ;       ;       ; 5.908 ;
; inputb[2]  ; hex1[0]     ; 3.647 ; 3.647 ; 3.647 ; 3.647 ;
; inputb[2]  ; hex1[1]     ; 3.478 ;       ;       ; 3.478 ;
; inputb[2]  ; hex1[2]     ; 3.483 ; 3.483 ; 3.483 ; 3.483 ;
; inputb[2]  ; hex1[3]     ; 3.491 ; 3.491 ; 3.491 ; 3.491 ;
; inputb[2]  ; hex1[4]     ; 3.494 ; 3.494 ; 3.494 ; 3.494 ;
; inputb[2]  ; hex1[5]     ; 3.647 ; 3.647 ; 3.647 ; 3.647 ;
; inputb[2]  ; hex1[6]     ; 3.638 ; 3.638 ; 3.638 ; 3.638 ;
; inputb[2]  ; hex2[0]     ; 4.223 ; 4.223 ; 4.223 ; 4.223 ;
; inputb[2]  ; hex2[1]     ; 4.234 ; 4.234 ; 4.234 ; 4.234 ;
; inputb[2]  ; hex2[2]     ; 4.270 ; 4.270 ; 4.270 ; 4.270 ;
; inputb[2]  ; hex2[3]     ; 4.274 ; 4.274 ; 4.274 ; 4.274 ;
; inputb[2]  ; hex2[4]     ; 4.262 ; 4.262 ; 4.262 ; 4.262 ;
; inputb[2]  ; hex2[5]     ; 4.257 ; 4.257 ; 4.257 ; 4.257 ;
; inputb[2]  ; hex2[6]     ; 4.274 ; 4.274 ; 4.274 ; 4.274 ;
; inputb[3]  ; carryout    ; 5.090 ;       ;       ; 5.090 ;
; inputb[3]  ; hex1[0]     ; 3.580 ; 3.580 ; 3.580 ; 3.580 ;
; inputb[3]  ; hex1[1]     ; 3.418 ; 3.418 ; 3.418 ; 3.418 ;
; inputb[3]  ; hex1[2]     ; 3.429 ; 3.429 ; 3.429 ; 3.429 ;
; inputb[3]  ; hex1[3]     ; 3.424 ; 3.424 ; 3.424 ; 3.424 ;
; inputb[3]  ; hex1[4]     ;       ; 3.441 ; 3.441 ;       ;
; inputb[3]  ; hex1[5]     ; 3.584 ; 3.584 ; 3.584 ; 3.584 ;
; inputb[3]  ; hex1[6]     ; 3.588 ; 3.588 ; 3.588 ; 3.588 ;
; inputb[3]  ; hex2[0]     ; 3.673 ; 3.673 ; 3.673 ; 3.673 ;
; inputb[3]  ; hex2[1]     ; 3.681 ; 3.681 ; 3.681 ; 3.681 ;
; inputb[3]  ; hex2[2]     ; 3.711 ; 3.711 ; 3.711 ; 3.711 ;
; inputb[3]  ; hex2[3]     ; 3.721 ; 3.721 ; 3.721 ; 3.721 ;
; inputb[3]  ; hex2[4]     ; 3.706 ; 3.706 ; 3.706 ; 3.706 ;
; inputb[3]  ; hex2[5]     ; 3.703 ; 3.703 ; 3.703 ; 3.703 ;
; inputb[3]  ; hex2[6]     ; 3.721 ; 3.721 ; 3.721 ; 3.721 ;
+------------+-------------+-------+-------+-------+-------+


-------------------
; Clock Transfers ;
-------------------
Nothing to report.


---------------
; Report TCCS ;
---------------
No dedicated SERDES Transmitter circuitry present in device or used in design


---------------
; Report RSKM ;
---------------
No dedicated SERDES Receiver circuitry present in device or used in design


+------------------------------------------------+
; Unconstrained Paths                            ;
+---------------------------------+-------+------+
; Property                        ; Setup ; Hold ;
+---------------------------------+-------+------+
; Illegal Clocks                  ; 0     ; 0    ;
; Unconstrained Clocks            ; 0     ; 0    ;
; Unconstrained Input Ports       ; 9     ; 9    ;
; Unconstrained Input Port Paths  ; 128   ; 128  ;
; Unconstrained Output Ports      ; 22    ; 22   ;
; Unconstrained Output Port Paths ; 128   ; 128  ;
+---------------------------------+-------+------+


+------------------------------------+
; TimeQuest Timing Analyzer Messages ;
+------------------------------------+
Info: *******************************************************************
Info: Running Quartus II 32-bit TimeQuest Timing Analyzer
    Info: Version 13.0.1 Build 232 06/12/2013 Service Pack 1 SJ Web Edition
    Info: Processing started: Wed Jan 18 12:32:40 2017
Info: Command: quartus_sta eightbit -c eightbit
Info: qsta_default_script.tcl version: #1
Warning (20028): Parallel compilation is not licensed and has been disabled
Info (21077): Low junction temperature is 0 degrees C
Info (21077): High junction temperature is 85 degrees C
Critical Warning (332012): Synopsys Design Constraints File file not found: 'eightbit.sdc'. A Synopsys Design Constraints File is required by the TimeQuest Timing Analyzer to get proper timing constraints. Without it, the Compiler will not properly optimize the design.
Info (332142): No user constrained base clocks found in the design. Calling "derive_clocks -period 1.0"
Info (332096): The command derive_clocks did not find any clocks to derive.  No clocks were created or changed.
Warning (332068): No clocks defined in design.
Info: Found TIMEQUEST_REPORT_SCRIPT_INCLUDE_DEFAULT_ANALYSIS = ON
Info (332159): No clocks to report
Info: Analyzing Slow Model
Info (332140): No fmax paths to report
Info (332140): No Setup paths to report
Info (332140): No Hold paths to report
Info (332140): No Recovery paths to report
Info (332140): No Removal paths to report
Info (332140): No Minimum Pulse Width paths to report
Info (332001): The selected device family is not supported by the report_metastability command.
Info: Analyzing Fast Model
Info (332142): No user constrained base clocks found in the design. Calling "derive_clocks -period 1.0"
Info (332096): The command derive_clocks did not find any clocks to derive.  No clocks were created or changed.
Warning (332068): No clocks defined in design.
Info (332140): No Setup paths to report
Info (332140): No Hold paths to report
Info (332140): No Recovery paths to report
Info (332140): No Removal paths to report
Info (332140): No Minimum Pulse Width paths to report
Info (332001): The selected device family is not supported by the report_metastability command.
Info (332102): Design is not fully constrained for setup requirements
Info (332102): Design is not fully constrained for hold requirements
Info: Quartus II 32-bit TimeQuest Timing Analyzer was successful. 0 errors, 4 warnings
    Info: Peak virtual memory: 294 megabytes
    Info: Processing ended: Wed Jan 18 12:32:41 2017
    Info: Elapsed time: 00:00:01
    Info: Total CPU time (on all processors): 00:00:01


