------------------------------------------------------------
TimeQuest Timing Analyzer Summary
------------------------------------------------------------

Type  : Slow 1200mV 85C Model Setup 'clock'
Slack : -0.643
TNS   : -2.894

Type  : Slow 1200mV 85C Model Setup 'lpm_counter:counter64|cntr_ikg:auto_generated|counter_reg_bit[0]'
Slack : 0.318
TNS   : 0.000

Type  : Slow 1200mV 85C Model Hold 'clock'
Slack : -0.825
TNS   : -3.351

Type  : Slow 1200mV 85C Model Hold 'lpm_counter:counter64|cntr_ikg:auto_generated|counter_reg_bit[0]'
Slack : 0.385
TNS   : 0.000

Type  : Slow 1200mV 85C Model Minimum Pulse Width 'clock'
Slack : -3.000
TNS   : -9.000

Type  : Slow 1200mV 85C Model Minimum Pulse Width 'lpm_counter:counter64|cntr_ikg:auto_generated|counter_reg_bit[0]'
Slack : -1.000
TNS   : -1.000

Type  : Slow 1200mV 0C Model Setup 'clock'
Slack : -0.454
TNS   : -1.975

Type  : Slow 1200mV 0C Model Setup 'lpm_counter:counter64|cntr_ikg:auto_generated|counter_reg_bit[0]'
Slack : 0.398
TNS   : 0.000

Type  : Slow 1200mV 0C Model Hold 'clock'
Slack : -0.768
TNS   : -3.203

Type  : Slow 1200mV 0C Model Hold 'lpm_counter:counter64|cntr_ikg:auto_generated|counter_reg_bit[0]'
Slack : 0.341
TNS   : 0.000

Type  : Slow 1200mV 0C Model Minimum Pulse Width 'clock'
Slack : -3.000
TNS   : -9.000

Type  : Slow 1200mV 0C Model Minimum Pulse Width 'lpm_counter:counter64|cntr_ikg:auto_generated|counter_reg_bit[0]'
Slack : -1.000
TNS   : -1.000

Type  : Fast 1200mV 0C Model Setup 'clock'
Slack : 0.085
TNS   : 0.000

Type  : Fast 1200mV 0C Model Setup 'lpm_counter:counter64|cntr_ikg:auto_generated|counter_reg_bit[0]'
Slack : 0.626
TNS   : 0.000

Type  : Fast 1200mV 0C Model Hold 'clock'
Slack : -0.462
TNS   : -1.897

Type  : Fast 1200mV 0C Model Hold 'lpm_counter:counter64|cntr_ikg:auto_generated|counter_reg_bit[0]'
Slack : 0.208
TNS   : 0.000

Type  : Fast 1200mV 0C Model Minimum Pulse Width 'clock'
Slack : -3.000
TNS   : -9.516

Type  : Fast 1200mV 0C Model Minimum Pulse Width 'lpm_counter:counter64|cntr_ikg:auto_generated|counter_reg_bit[0]'
Slack : -1.000
TNS   : -1.000

------------------------------------------------------------
