------------------------------------------------------------
TimeQuest Timing Analyzer Summary
------------------------------------------------------------

Type  : Slow Model Setup 'lpm_counter:counter6|cntr_l7g:auto_generated|counter_reg_bit1a[0]'
Slack : -1.517
TNS   : -11.467

Type  : Slow Model Setup 'clock'
Slack : -0.880
TNS   : -3.248

Type  : Slow Model Setup 'lpm_counter:counter12|cntr_rlj:auto_generated|safe_q[0]'
Slack : 0.307
TNS   : 0.000

Type  : Slow Model Hold 'lpm_counter:counter6|cntr_l7g:auto_generated|counter_reg_bit1a[0]'
Slack : -2.442
TNS   : -18.928

Type  : Slow Model Hold 'clock'
Slack : -1.547
TNS   : -6.322

Type  : Slow Model Hold 'lpm_counter:counter12|cntr_rlj:auto_generated|safe_q[0]'
Slack : 0.445
TNS   : 0.000

Type  : Slow Model Minimum Pulse Width 'clock'
Slack : -1.469
TNS   : -8.801

Type  : Slow Model Minimum Pulse Width 'lpm_counter:counter6|cntr_l7g:auto_generated|counter_reg_bit1a[0]'
Slack : -0.611
TNS   : -14.664

Type  : Slow Model Minimum Pulse Width 'lpm_counter:counter12|cntr_rlj:auto_generated|safe_q[0]'
Slack : -0.611
TNS   : -1.222

Type  : Fast Model Setup 'lpm_counter:counter6|cntr_l7g:auto_generated|counter_reg_bit1a[0]'
Slack : -0.011
TNS   : -0.011

Type  : Fast Model Setup 'clock'
Slack : 0.284
TNS   : 0.000

Type  : Fast Model Setup 'lpm_counter:counter12|cntr_rlj:auto_generated|safe_q[0]'
Slack : 0.665
TNS   : 0.000

Type  : Fast Model Hold 'lpm_counter:counter6|cntr_l7g:auto_generated|counter_reg_bit1a[0]'
Slack : -1.036
TNS   : -8.635

Type  : Fast Model Hold 'clock'
Slack : -0.911
TNS   : -4.426

Type  : Fast Model Hold 'lpm_counter:counter12|cntr_rlj:auto_generated|safe_q[0]'
Slack : 0.215
TNS   : 0.000

Type  : Fast Model Minimum Pulse Width 'clock'
Slack : -1.222
TNS   : -7.222

Type  : Fast Model Minimum Pulse Width 'lpm_counter:counter6|cntr_l7g:auto_generated|counter_reg_bit1a[0]'
Slack : -0.500
TNS   : -12.000

Type  : Fast Model Minimum Pulse Width 'lpm_counter:counter12|cntr_rlj:auto_generated|safe_q[0]'
Slack : -0.500
TNS   : -1.000

------------------------------------------------------------
